C51 COMPILER V9.60.7.0   DIGITAL_TUBE                                                      07/26/2026 14:00:13 PAGE 1   


C51 COMPILER V9.60.7.0, COMPILATION OF MODULE DIGITAL_TUBE
OBJECT MODULE PLACED IN .\Objects\digital_tube.obj
COMPILER INVOKED BY: C:\Keil_v5\C51\BIN\C51.EXE User\Src\digital_tube.c COMPACT OMF2 OPTIMIZE(8,SPEED) BROWSE INCDIR(.\U
                    -ser\Inc) DEBUG PRINT(.\Listings\digital_tube.lst) TABS(2) OBJECT(.\Objects\digital_tube.obj)

line level    source

   1          #include <STC8H.H>
   2          #include "digital_tube.h"
   3          
   4          /* 段码 bit0~bit6 分别对应 a~g；bit7 为小数点。 */
   5          #define SEG_A    P24
   6          #define SEG_B    P27
   7          #define SEG_C    P36
   8          #define SEG_D    P20
   9          #define SEG_E    P21
  10          #define SEG_F    P25
  11          #define SEG_G    P35
  12          #define SEG_DP   P37
  13          
  14          /* 位选低电平有效：从左到右依次为第 1、2、3 位。 */
  15          #define DIGIT_1  P23
  16          #define DIGIT_2  P26
  17          #define DIGIT_3  P01
  18          
  19          #define DIGIT_MINUS  10U
  20          #define DIGIT_BLANK  11U
  21          
  22          static unsigned char s_digits[3] = {DIGIT_BLANK, 0U, 0U};
  23          static unsigned char s_scan_index = 0U;
  24          
  25          code unsigned char s_segment_table[] =
  26          {
  27              0x3FU, /* 0 */
  28              0x06U, /* 1 */
  29              0x5BU, /* 2 */
  30              0x4FU, /* 3 */
  31              0x66U, /* 4 */
  32              0x6DU, /* 5 */
  33              0x7DU, /* 6 */
  34              0x07U, /* 7 */
  35              0x7FU, /* 8 */
  36              0x6FU, /* 9 */
  37              0x40U, /* - */
  38              0x00U  /* blank */
  39          };
  40          
  41          static void DigitalTube_AllDigitsOff(void)
  42          {
  43   1          DIGIT_1 = 1;
  44   1          DIGIT_2 = 1;
  45   1          DIGIT_3 = 1;
  46   1      }
  47          
  48          static void DigitalTube_SetSegments(unsigned char segment, unsigned char decimal_point)
  49          {
  50   1          SEG_A  = (segment & 0x01U) ? 1 : 0;
  51   1          SEG_B  = (segment & 0x02U) ? 1 : 0;
  52   1          SEG_C  = (segment & 0x04U) ? 1 : 0;
  53   1          SEG_D  = (segment & 0x08U) ? 1 : 0;
  54   1          SEG_E  = (segment & 0x10U) ? 1 : 0;
C51 COMPILER V9.60.7.0   DIGITAL_TUBE                                                      07/26/2026 14:00:13 PAGE 2   

  55   1          SEG_F  = (segment & 0x20U) ? 1 : 0;
  56   1          SEG_G  = (segment & 0x40U) ? 1 : 0;
  57   1          SEG_DP = decimal_point ? 1 : 0;
  58   1      }
  59          
  60          void DigitalTube_Init(void)
  61          {
  62   1          /* 三个位选。 */
  63   1          P0M1 &= ~0x02U;
  64   1          P0M0 |=  0x02U;
  65   1          P2M1 &= ~0x48U;
  66   1          P2M0 |=  0x48U;
  67   1      
  68   1          /* 七段和小数点。 */
  69   1          P2M1 &= ~0xB3U;
  70   1          P2M0 |=  0xB3U;
  71   1          P3M1 &= ~0xE0U;
  72   1          P3M0 |=  0xE0U;
  73   1      
  74   1          DigitalTube_AllDigitsOff();
  75   1          DigitalTube_SetSegments(0U, 0U);
  76   1      }
  77          
  78          void DigitalTube_SetValue(int value_x10)
  79          {
  80   1          unsigned int magnitude;
  81   1      
  82   1          if(value_x10 < 0)
  83   1          {
  84   2              magnitude = (unsigned int)(-value_x10);
  85   2              if(magnitude > 99U)
  86   2              {
  87   3                  magnitude = 99U;       /* 三位仅可显示到 -9.9。 */
  88   3              }
  89   2      
  90   2              s_digits[0] = DIGIT_MINUS;
  91   2              s_digits[1] = (unsigned char)(magnitude / 10U);
  92   2              s_digits[2] = (unsigned char)(magnitude % 10U);
  93   2          }
  94   1          else
  95   1          {
  96   2              magnitude = (unsigned int)value_x10;
  97   2              if(magnitude > 999U)
  98   2              {
  99   3                  magnitude = 999U;      /* 正值超量程显示为 99.9。 */
 100   3              }
 101   2      
 102   2              s_digits[0] = (magnitude >= 100U) ? (unsigned char)(magnitude / 100U) : DIGIT_BLANK;
 103   2              s_digits[1] = (unsigned char)((magnitude / 10U) % 10U);
 104   2              s_digits[2] = (unsigned char)(magnitude % 10U);
 105   2          }
 106   1      }
 107          
 108          void DigitalTube_Scan1ms(void)
 109          {
 110   1          DigitalTube_AllDigitsOff();
 111   1          DigitalTube_SetSegments(s_segment_table[s_digits[s_scan_index]],
 112   1                                  (s_scan_index == 1U) ? 1U : 0U);
 113   1      
 114   1          if(s_scan_index == 0U)
 115   1          {
 116   2              DIGIT_1 = 0;
C51 COMPILER V9.60.7.0   DIGITAL_TUBE                                                      07/26/2026 14:00:13 PAGE 3   

 117   2          }
 118   1          else if(s_scan_index == 1U)
 119   1          {
 120   2              DIGIT_2 = 0;
 121   2          }
 122   1          else
 123   1          {
 124   2              DIGIT_3 = 0;
 125   2          }
 126   1      
 127   1          s_scan_index++;
 128   1          if(s_scan_index >= 3U)
 129   1          {
 130   2              s_scan_index = 0U;
 131   2          }
 132   1      }


MODULE INFORMATION:   STATIC OVERLAYABLE
   CODE SIZE        =    315    ----
   CONSTANT SIZE    =     12    ----
   XDATA SIZE       =   ----    ----
   PDATA SIZE       =      4       2
   DATA SIZE        =   ----    ----
   IDATA SIZE       =   ----    ----
   BIT SIZE         =   ----    ----
   EDATA SIZE       =   ----    ----
   HDATA SIZE       =   ----    ----
   XDATA CONST SIZE =   ----    ----
   FAR CONST SIZE   =   ----    ----
END OF MODULE INFORMATION.


C51 COMPILATION COMPLETE.  0 WARNING(S),  0 ERROR(S)
