C51 COMPILER V9.60.7.0   MAIN                                                              07/26/2026 14:22:20 PAGE 1   


C51 COMPILER V9.60.7.0, COMPILATION OF MODULE MAIN
OBJECT MODULE PLACED IN .\Objects\main.obj
COMPILER INVOKED BY: C:\Keil_v5\C51\BIN\C51.EXE User\Src\main.c COMPACT OMF2 OPTIMIZE(8,SPEED) BROWSE INCDIR(.\User\Inc)
                    - DEBUG PRINT(.\Listings\main.lst) TABS(2) OBJECT(.\Objects\main.obj)

line level    source

   1          o#include <STC8H.H>
*** ERROR C129 IN LINE 1 OF User\Src\main.c: missing ';' before '#'
   2          #include "gpio.h"
   3          #include "timer.h"
   4          #include "task.h"
   5          #include "uart.h"
   6          #include "iic.h"
   7          #include "aht30.h"
   8          #include "protocol.h"
   9          #include "digital_tube.h"
  10          
  11          void Delay1ms(void);
  12          void DelayMs(unsigned int ms);
  13          
  14          
  15          #define FOSC  11059200UL   /* 11.0592 MHz，与 STC-ISP 中设置保持一致 */
  16          
  17          void main()
  18          {
  19              GPIO_Init();    /* 初始化 GPIO */
  20              DigitalTube_Init(); /* 初始化三位动态数码管 */
  21              Uart1_Init();   /* 初始化串口1，9600bps */
  22              IIC_Init();     /* 初始化软件模拟 I²C */
  23              DelayMs(100);   /* 等待 AHT30 上电稳定（手册要求 ≥100ms） */
  24              AHT30_Init();   /* 初始化 AHT30 温湿度传感器 */
  25              Timer0_Init();  /* 初始化定时器0，1ms 中断 */
  26              EA = 1;         /* 开总中断 */
  27              DelayMs(200);
  28              while(1)
  29              {
  30                  /* 10ms 任务 */
  31                  if(cnt_10ms >= 10)
  32                  {
  33                      cnt_10ms = 0;
  34                      Task_10ms();
  35                  }
  36          
  37                  /* 50ms 任务 */
  38                  if(cnt_50ms >= 50)
  39                  {
  40                      cnt_50ms = 0;
  41                      Task_50ms();
  42                  }
  43          
  44                  /* 100ms 任务 */
  45                  if(cnt_100ms >= 100)
  46                  {
  47                      cnt_100ms = 0;
  48                      Task_100ms();
  49                  }
  50          
  51                  /* 500ms 任务 */
  52                  if(cnt_500ms >= 500)
  53                  {
C51 COMPILER V9.60.7.0   MAIN                                                              07/26/2026 14:22:20 PAGE 2   

  54                      cnt_500ms = 0;
  55                      Task_500ms();
  56                  }
  57          
  58                  /* 1000ms 任务 */
  59                  if(cnt_1000ms >= 1000)
  60                  {
  61                      cnt_1000ms = 0;
  62                      Task_1000ms();
  63                  }
  64              }
  65          }
  66          
  67          void Delay1ms(void) //@11.0592MHz
  68          {
  69            unsigned char data i, j;
  70          
  71            _nop_();
  72            i = 15;
  73            j = 90;
  74            do
  75            {
  76              while (--j);
  77            } while (--i);
  78          }
  79          
  80          /* 通用毫秒延时：调用 Delay1ms() ms 次，最大延时 65535ms */
  81          void DelayMs(unsigned int ms)
  82          {
  83              while (ms--)
  84              {
  85                  Delay1ms();
  86              }
  87          }
  88          

C51 COMPILATION COMPLETE.  0 WARNING(S),  1 ERROR(S)
