C51 COMPILER V9.60.7.0   TASK                                                              07/26/2026 14:00:13 PAGE 1   


C51 COMPILER V9.60.7.0, COMPILATION OF MODULE TASK
OBJECT MODULE PLACED IN .\Objects\task.obj
COMPILER INVOKED BY: C:\Keil_v5\C51\BIN\C51.EXE User\Src\task.c COMPACT OMF2 OPTIMIZE(8,SPEED) BROWSE INCDIR(.\User\Inc)
                    - DEBUG PRINT(.\Listings\task.lst) TABS(2) OBJECT(.\Objects\task.obj)

line level    source

   1          #include <STC8H.H>
   2          #include "task.h"
   3          #include "gpio.h"
   4          #include "uart.h"
   5          #include "aht30.h"
   6          #include "protocol.h"
   7          #include "digital_tube.h"
   8          
   9          /* ---------- 1ms 任务：串口超时判断 + 协议处理（在定时器中断中调用） ---------- *
             -/
  10          void Task_1ms(void)
  11          {
  12   1          Uart1_RxTimeoutTick();   /* 超时计数，5ms无新数据则认为一帧完成 */
  13   1          Protocol_Process();      /* 帧完成后处理协议 */
  14   1      }
  15          
  16          /* ---------- 10ms 任务 ---------- */
  17          void Task_10ms(void)
  18          {
  19   1          /* TODO: 放需要每 10ms 执行一次的代码 */
  20   1      }
  21          
  22          /* ---------- 50ms 任务 ---------- */
  23          void Task_50ms(void)
  24          {
  25   1          /* TODO: 放需要每 50ms 执行一次的代码 */
  26   1      }
  27          
  28          /* ---------- 100ms 任务：读取拨码地址 ---------- */
  29          void Task_100ms(void)
  30          {
  31   1          g_device_addr = Read_DeviceAddr();   /* 每 100ms 更新一次设备地址 */
  32   1      }
  33          
  34          /* ---------- 500ms 任务：翻转绿色 LED + 触发 AHT30 测量 ---------- */
  35          void Task_500ms(void)
  36          {
  37   1          LED_GREEN_Toggle();
  38   1          AHT30_Measure();    /* 触发测量，500ms 后由 Task_1000ms 读取结果 */
  39   1      }
  40          
  41          /* ---------- 1000ms 任务：读取 AHT30 数据 ---------- */
  42          void Task_1000ms(void)
  43          {
  44   1          static unsigned char show_humidity = 0;
  45   1          static unsigned char display_seconds = 0;
  46   1      
  47   1          AHT30_Read();          /* 读取并解析数据，更新全局变量 g_aht30 */
  48   1      
  49   1          display_seconds++;
  50   1          if(display_seconds >= 3)
  51   1          {
  52   2              display_seconds = 0;
  53   2              show_humidity = !show_humidity;
C51 COMPILER V9.60.7.0   TASK                                                              07/26/2026 14:00:13 PAGE 2   

  54   2          }
  55   1      
  56   1          if(show_humidity)
  57   1          {
  58   2              DigitalTube_SetValue(g_aht30.humidity);
  59   2          }
  60   1          else
  61   1          {
  62   2              DigitalTube_SetValue(g_aht30.temperature);
  63   2          }
  64   1      }


MODULE INFORMATION:   STATIC OVERLAYABLE
   CODE SIZE        =     70    ----
   CONSTANT SIZE    =   ----    ----
   XDATA SIZE       =   ----    ----
   PDATA SIZE       =      2    ----
   DATA SIZE        =   ----    ----
   IDATA SIZE       =   ----    ----
   BIT SIZE         =   ----    ----
   EDATA SIZE       =   ----    ----
   HDATA SIZE       =   ----    ----
   XDATA CONST SIZE =   ----    ----
   FAR CONST SIZE   =   ----    ----
END OF MODULE INFORMATION.


C51 COMPILATION COMPLETE.  0 WARNING(S),  0 ERROR(S)
