                                      1 ;--------------------------------------------------------
                                      2 ; File Created by SDCC : free open source ISO C Compiler
                                      3 ; Version 4.6.0 #16555 (Linux)
                                      4 ;--------------------------------------------------------
                                      5 	.module uart
                                      6 	
                                      7 	.optsdcc -mmcs51 --model-small
                                      8 ;--------------------------------------------------------
                                      9 ; Public variables in this module
                                     10 ;--------------------------------------------------------
                                     11 	.globl _P37
                                     12 	.globl _P36
                                     13 	.globl _P35
                                     14 	.globl _P34
                                     15 	.globl _P33
                                     16 	.globl _P32
                                     17 	.globl _P31
                                     18 	.globl _P30
                                     19 	.globl _P27
                                     20 	.globl _P26
                                     21 	.globl _P25
                                     22 	.globl _P24
                                     23 	.globl _P23
                                     24 	.globl _P22
                                     25 	.globl _P21
                                     26 	.globl _P20
                                     27 	.globl _P17
                                     28 	.globl _P16
                                     29 	.globl _P15
                                     30 	.globl _P14
                                     31 	.globl _P13
                                     32 	.globl _P12
                                     33 	.globl _P11
                                     34 	.globl _P10
                                     35 	.globl _P07
                                     36 	.globl _P06
                                     37 	.globl _P05
                                     38 	.globl _P04
                                     39 	.globl _P03
                                     40 	.globl _P02
                                     41 	.globl _P01
                                     42 	.globl _P00
                                     43 	.globl _P4M0
                                     44 	.globl _P4M1
                                     45 	.globl _P3M0
                                     46 	.globl _P3M1
                                     47 	.globl _P2M0
                                     48 	.globl _P2M1
                                     49 	.globl _P0M0
                                     50 	.globl _P0M1
                                     51 	.globl _P1M0
                                     52 	.globl _P1M1
                                     53 	.globl _T2L
                                     54 	.globl _T2H
                                     55 	.globl _IP
                                     56 	.globl _IE
                                     57 	.globl _P_SW1
                                     58 	.globl _S2BUF
                                     59 	.globl _S2CON
                                     60 	.globl _SBUF
                                     61 	.globl _SCON
                                     62 	.globl _AUXR
                                     63 	.globl _TH1
                                     64 	.globl _TH0
                                     65 	.globl _TL1
                                     66 	.globl _TL0
                                     67 	.globl _TMOD
                                     68 	.globl _TCON
                                     69 	.globl _PCON
                                     70 	.globl _DPH
                                     71 	.globl _DPL
                                     72 	.globl _SP
                                     73 	.globl _P3
                                     74 	.globl _P2
                                     75 	.globl _P1
                                     76 	.globl _P0
                                     77 	.globl _Uart2_Send_PARM_2
                                     78 	.globl _Uart1_Send_PARM_2
                                     79 	.globl _Uart_Init
                                     80 	.globl _Uart1_SendByte
                                     81 	.globl _Uart1_ReadByte
                                     82 	.globl _Uart2_SendByte
                                     83 	.globl _Uart2_ReadByte
                                     84 	.globl _Uart1_Send
                                     85 	.globl _Uart2_Send
                                     86 ;--------------------------------------------------------
                                     87 ; special function registers
                                     88 ;--------------------------------------------------------
                                     89 	.area RSEG    (ABS,DATA)
      000000                         90 	.org 0x0000
                           000080    91 _P0	=	0x0080
                           000090    92 _P1	=	0x0090
                           0000A0    93 _P2	=	0x00a0
                           0000B0    94 _P3	=	0x00b0
                           000081    95 _SP	=	0x0081
                           000082    96 _DPL	=	0x0082
                           000083    97 _DPH	=	0x0083
                           000087    98 _PCON	=	0x0087
                           000088    99 _TCON	=	0x0088
                           000089   100 _TMOD	=	0x0089
                           00008A   101 _TL0	=	0x008a
                           00008B   102 _TL1	=	0x008b
                           00008C   103 _TH0	=	0x008c
                           00008D   104 _TH1	=	0x008d
                           00008E   105 _AUXR	=	0x008e
                           000098   106 _SCON	=	0x0098
                           000099   107 _SBUF	=	0x0099
                           00009A   108 _S2CON	=	0x009a
                           00009B   109 _S2BUF	=	0x009b
                           0000A2   110 _P_SW1	=	0x00a2
                           0000A8   111 _IE	=	0x00a8
                           0000B8   112 _IP	=	0x00b8
                           0000D6   113 _T2H	=	0x00d6
                           0000D7   114 _T2L	=	0x00d7
                           000091   115 _P1M1	=	0x0091
                           000092   116 _P1M0	=	0x0092
                           000093   117 _P0M1	=	0x0093
                           000094   118 _P0M0	=	0x0094
                           000095   119 _P2M1	=	0x0095
                           000096   120 _P2M0	=	0x0096
                           0000B1   121 _P3M1	=	0x00b1
                           0000B2   122 _P3M0	=	0x00b2
                           0000BA   123 _P4M1	=	0x00ba
                           0000BB   124 _P4M0	=	0x00bb
                                    125 ;--------------------------------------------------------
                                    126 ; special function bits
                                    127 ;--------------------------------------------------------
                                    128 	.area RSEG    (ABS,DATA)
      000000                        129 	.org 0x0000
                           000080   130 _P00	=	0x0080
                           000081   131 _P01	=	0x0081
                           000082   132 _P02	=	0x0082
                           000083   133 _P03	=	0x0083
                           000084   134 _P04	=	0x0084
                           000085   135 _P05	=	0x0085
                           000086   136 _P06	=	0x0086
                           000087   137 _P07	=	0x0087
                           000090   138 _P10	=	0x0090
                           000091   139 _P11	=	0x0091
                           000092   140 _P12	=	0x0092
                           000093   141 _P13	=	0x0093
                           000094   142 _P14	=	0x0094
                           000095   143 _P15	=	0x0095
                           000096   144 _P16	=	0x0096
                           000097   145 _P17	=	0x0097
                           0000A0   146 _P20	=	0x00a0
                           0000A1   147 _P21	=	0x00a1
                           0000A2   148 _P22	=	0x00a2
                           0000A3   149 _P23	=	0x00a3
                           0000A4   150 _P24	=	0x00a4
                           0000A5   151 _P25	=	0x00a5
                           0000A6   152 _P26	=	0x00a6
                           0000A7   153 _P27	=	0x00a7
                           0000B0   154 _P30	=	0x00b0
                           0000B1   155 _P31	=	0x00b1
                           0000B2   156 _P32	=	0x00b2
                           0000B3   157 _P33	=	0x00b3
                           0000B4   158 _P34	=	0x00b4
                           0000B5   159 _P35	=	0x00b5
                           0000B6   160 _P36	=	0x00b6
                           0000B7   161 _P37	=	0x00b7
                                    162 ;--------------------------------------------------------
                                    163 ; overlayable register banks
                                    164 ;--------------------------------------------------------
                                    165 	.area REG_BANK_0	(REL,OVR,DATA)
      000000                        166 	.ds 8
                                    167 ;--------------------------------------------------------
                                    168 ; internal ram data
                                    169 ;--------------------------------------------------------
                                    170 	.area DSEG    (DATA)
      000000                        171 _Uart1_Send_PARM_2:
      000000                        172 	.ds 1
      000001                        173 _Uart2_Send_PARM_2:
      000001                        174 	.ds 1
                                    175 ;--------------------------------------------------------
                                    176 ; overlayable items in internal ram
                                    177 ;--------------------------------------------------------
                                    178 	.area	OSEG    (OVR,DATA)
                                    179 	.area	OSEG    (OVR,DATA)
                                    180 	.area	OSEG    (OVR,DATA)
                                    181 	.area	OSEG    (OVR,DATA)
                                    182 ;--------------------------------------------------------
                                    183 ; indirectly addressable internal ram data
                                    184 ;--------------------------------------------------------
                                    185 	.area ISEG    (DATA)
                                    186 ;--------------------------------------------------------
                                    187 ; absolute internal ram data
                                    188 ;--------------------------------------------------------
                                    189 	.area IABS    (ABS,DATA)
                                    190 	.area IABS    (ABS,DATA)
                                    191 ;--------------------------------------------------------
                                    192 ; bit data
                                    193 ;--------------------------------------------------------
                                    194 	.area BSEG    (BIT)
                                    195 ;--------------------------------------------------------
                                    196 ; paged external ram data
                                    197 ;--------------------------------------------------------
                                    198 	.area PSEG    (PAG,XDATA)
                                    199 ;--------------------------------------------------------
                                    200 ; uninitialized external ram data
                                    201 ;--------------------------------------------------------
                                    202 	.area XSEG    (XDATA)
                                    203 ;--------------------------------------------------------
                                    204 ; absolute external ram data
                                    205 ;--------------------------------------------------------
                                    206 	.area XABS    (ABS,XDATA)
                                    207 ;--------------------------------------------------------
                                    208 ; initialized external ram data
                                    209 ;--------------------------------------------------------
                                    210 	.area XISEG   (XDATA)
                                    211 	.area HOME    (CODE)
                                    212 	.area GSINIT0 (CODE)
                                    213 	.area GSINIT1 (CODE)
                                    214 	.area GSINIT2 (CODE)
                                    215 	.area GSINIT3 (CODE)
                                    216 	.area GSINIT4 (CODE)
                                    217 	.area GSINIT5 (CODE)
                                    218 	.area GSINIT  (CODE)
                                    219 	.area GSFINAL (CODE)
                                    220 	.area CSEG    (CODE)
                                    221 ;--------------------------------------------------------
                                    222 ; global & static initialisations
                                    223 ;--------------------------------------------------------
                                    224 	.area HOME    (CODE)
                                    225 	.area GSINIT  (CODE)
                                    226 	.area GSFINAL (CODE)
                                    227 	.area GSINIT  (CODE)
                                    228 ;--------------------------------------------------------
                                    229 ; Home
                                    230 ;--------------------------------------------------------
                                    231 	.area HOME    (CODE)
                                    232 	.area HOME    (CODE)
                                    233 ;--------------------------------------------------------
                                    234 ; code
                                    235 ;--------------------------------------------------------
                                    236 	.area CSEG    (CODE)
                                    237 ;------------------------------------------------------------
                                    238 ;Allocation info for local variables in function 'Uart_Reload'
                                    239 ;------------------------------------------------------------
                                    240 ;baud          Allocated to registers 
                                    241 ;------------------------------------------------------------
                                    242 ;	/home/keake/Projects/WindPressureDetectionSystem/风压传感器/src/uart.c:10: static uint16_t Uart_Reload(uint32_t baud)
                                    243 ;	-----------------------------------------
                                    244 ;	 function Uart_Reload
                                    245 ;	-----------------------------------------
      000000                        246 _Uart_Reload:
                           000007   247 	ar7 = 0x07
                           000006   248 	ar6 = 0x06
                           000005   249 	ar5 = 0x05
                           000004   250 	ar4 = 0x04
                           000003   251 	ar3 = 0x03
                           000002   252 	ar2 = 0x02
                           000001   253 	ar1 = 0x01
                           000000   254 	ar0 = 0x00
      000000 85 82*00         [24]  255 	mov	__divulong_PARM_2,dpl
      000003 85 83*01         [24]  256 	mov	(__divulong_PARM_2 + 1),dph
      000006 85 F0*02         [24]  257 	mov	(__divulong_PARM_2 + 2),b
      000009 F5*03            [12]  258 	mov	(__divulong_PARM_2 + 3),a
                                    259 ;	/home/keake/Projects/WindPressureDetectionSystem/风压传感器/src/uart.c:12: return (uint16_t)(65536UL - (FOSC_HZ / 4UL / baud));
      00000B 90 30 00         [24]  260 	mov	dptr,#0x3000
      00000E 75 F0 2A         [24]  261 	mov	b, #0x2a
      000011 E4               [12]  262 	clr	a
      000012 12r00r00         [24]  263 	lcall	__divulong
      000015 AC 82            [24]  264 	mov	r4, dpl
      000017 AD 83            [24]  265 	mov	r5, dph
      000019 C3               [12]  266 	clr	c
      00001A E4               [12]  267 	clr	a
      00001B 9C               [12]  268 	subb	a,r4
      00001C F5 82            [12]  269 	mov	dpl,a
      00001E E4               [12]  270 	clr	a
      00001F 9D               [12]  271 	subb	a,r5
      000020 F5 83            [12]  272 	mov	dph,a
                                    273 ;	/home/keake/Projects/WindPressureDetectionSystem/风压传感器/src/uart.c:13: }
      000022 22               [24]  274 	ret
                                    275 ;------------------------------------------------------------
                                    276 ;Allocation info for local variables in function 'Uart_Init'
                                    277 ;------------------------------------------------------------
                                    278 ;reload2       Allocated to registers r6 r7 
                                    279 ;------------------------------------------------------------
                                    280 ;	/home/keake/Projects/WindPressureDetectionSystem/风压传感器/src/uart.c:15: void Uart_Init(void)
                                    281 ;	-----------------------------------------
                                    282 ;	 function Uart_Init
                                    283 ;	-----------------------------------------
      000023                        284 _Uart_Init:
                                    285 ;	/home/keake/Projects/WindPressureDetectionSystem/风压传感器/src/uart.c:31: uint16_t reload2 = Uart_Reload(CONTROLLER_BAUD);  // 9600 重装值
      000023 90 25 80         [24]  286 	mov	dptr,#0x2580
      000026 E4               [12]  287 	clr	a
      000027 F5 F0            [12]  288 	mov	b,a
      000029 12r00r00         [24]  289 	lcall	_Uart_Reload
      00002C AE 82            [24]  290 	mov	r6, dpl
      00002E AF 83            [24]  291 	mov	r7, dph
                                    292 ;	/home/keake/Projects/WindPressureDetectionSystem/风压传感器/src/uart.c:33: P_SW1 &= 0x3FU; /* UART1 on P30/RXD and P31/TXD. */
      000030 53 A2 3F         [24]  293 	anl	_P_SW1,#0x3f
                                    294 ;	/home/keake/Projects/WindPressureDetectionSystem/风压传感器/src/uart.c:34: SCON = SCON_MODE1 | SCON_REN;
      000033 75 98 50         [24]  295 	mov	_SCON,#0x50
                                    296 ;	/home/keake/Projects/WindPressureDetectionSystem/风压传感器/src/uart.c:35: S2CON = S2CON_REN;
      000036 75 9A 10         [24]  297 	mov	_S2CON,#0x10
                                    298 ;	/home/keake/Projects/WindPressureDetectionSystem/风压传感器/src/uart.c:38: TMOD = (TMOD & 0x0FU) | 0x20U;            // Timer 1, 8-bit auto-reload (mode 2)
      000039 E5 89            [12]  299 	mov	a,_TMOD
      00003B 54 0F            [12]  300 	anl	a,#0x0f
      00003D 44 20            [12]  301 	orl	a,#0x20
      00003F F5 89            [12]  302 	mov	_TMOD,a
                                    303 ;	/home/keake/Projects/WindPressureDetectionSystem/风压传感器/src/uart.c:39: TH1 = (uint8_t)(256U - (FOSC_HZ / 32U / PRESSURE_BAUD));
      000041 75 8D FD         [24]  304 	mov	_TH1,#0xfd
                                    305 ;	/home/keake/Projects/WindPressureDetectionSystem/风压传感器/src/uart.c:41: TL1 = TH1;
      000044 85 8D 8B         [24]  306 	mov	_TL1,_TH1
                                    307 ;	/home/keake/Projects/WindPressureDetectionSystem/风压传感器/src/uart.c:42: TCON |= 0x40U;                             // TR1 = 1：启动 Timer 1
      000047 43 88 40         [24]  308 	orl	_TCON,#0x40
                                    309 ;	/home/keake/Projects/WindPressureDetectionSystem/风压传感器/src/uart.c:45: T2H = (uint8_t)(reload2 >> 8);
      00004A 8F D6            [24]  310 	mov	_T2H,r7
                                    311 ;	/home/keake/Projects/WindPressureDetectionSystem/风压传感器/src/uart.c:46: T2L = (uint8_t)reload2;
      00004C 8E D7            [24]  312 	mov	_T2L,r6
                                    313 ;	/home/keake/Projects/WindPressureDetectionSystem/风压传感器/src/uart.c:48: AUXR = (AUXR & (uint8_t)~0x01U) | 0x54U;
      00004E 74 FE            [12]  314 	mov	a,#0xfe
      000050 55 8E            [12]  315 	anl	a,_AUXR
      000052 44 54            [12]  316 	orl	a,#0x54
      000054 F5 8E            [12]  317 	mov	_AUXR,a
                                    318 ;	/home/keake/Projects/WindPressureDetectionSystem/风压传感器/src/uart.c:50: SCON &= (uint8_t)~(SCON_RI | SCON_TI);
      000056 53 98 FC         [24]  319 	anl	_SCON,#0xfc
                                    320 ;	/home/keake/Projects/WindPressureDetectionSystem/风压传感器/src/uart.c:51: S2CON &= (uint8_t)~(S2CON_RI | S2CON_TI);
      000059 53 9A FC         [24]  321 	anl	_S2CON,#0xfc
                                    322 ;	/home/keake/Projects/WindPressureDetectionSystem/风压传感器/src/uart.c:52: }
      00005C 22               [24]  323 	ret
                                    324 ;------------------------------------------------------------
                                    325 ;Allocation info for local variables in function 'Uart1_SendByte'
                                    326 ;------------------------------------------------------------
                                    327 ;value         Allocated to registers 
                                    328 ;------------------------------------------------------------
                                    329 ;	/home/keake/Projects/WindPressureDetectionSystem/风压传感器/src/uart.c:54: void Uart1_SendByte(uint8_t value)
                                    330 ;	-----------------------------------------
                                    331 ;	 function Uart1_SendByte
                                    332 ;	-----------------------------------------
      00005D                        333 _Uart1_SendByte:
      00005D 85 82 99         [24]  334 	mov	_SBUF,dpl
                                    335 ;	/home/keake/Projects/WindPressureDetectionSystem/风压传感器/src/uart.c:57: while ((SCON & SCON_TI) == 0U) {
      000060                        336 00101$:
      000060 E5 98            [12]  337 	mov	a,_SCON
      000062 30 E1 FB         [24]  338 	jnb	acc.1,00101$
                                    339 ;	/home/keake/Projects/WindPressureDetectionSystem/风压传感器/src/uart.c:59: SCON &= (uint8_t)~SCON_TI;
      000065 53 98 FD         [24]  340 	anl	_SCON,#0xfd
                                    341 ;	/home/keake/Projects/WindPressureDetectionSystem/风压传感器/src/uart.c:60: }
      000068 22               [24]  342 	ret
                                    343 ;------------------------------------------------------------
                                    344 ;Allocation info for local variables in function 'Uart1_ReadByte'
                                    345 ;------------------------------------------------------------
                                    346 ;value         Allocated to registers r5 r6 r7 
                                    347 ;------------------------------------------------------------
                                    348 ;	/home/keake/Projects/WindPressureDetectionSystem/风压传感器/src/uart.c:62: uint8_t Uart1_ReadByte(uint8_t *value)
                                    349 ;	-----------------------------------------
                                    350 ;	 function Uart1_ReadByte
                                    351 ;	-----------------------------------------
      000069                        352 _Uart1_ReadByte:
      000069 AD 82            [24]  353 	mov	r5, dpl
      00006B AE 83            [24]  354 	mov	r6, dph
      00006D AF F0            [24]  355 	mov	r7, b
                                    356 ;	/home/keake/Projects/WindPressureDetectionSystem/风压传感器/src/uart.c:64: if ((SCON & SCON_RI) == 0U) {
      00006F E5 98            [12]  357 	mov	a,_SCON
      000071 20 E0 04         [24]  358 	jb	acc.0,00102$
                                    359 ;	/home/keake/Projects/WindPressureDetectionSystem/风压传感器/src/uart.c:65: return 0U;
      000074 75 82 00         [24]  360 	mov	dpl, #0x00
      000077 22               [24]  361 	ret
      000078                        362 00102$:
                                    363 ;	/home/keake/Projects/WindPressureDetectionSystem/风压传感器/src/uart.c:68: *value = SBUF;
      000078 8D 82            [24]  364 	mov	dpl,r5
      00007A 8E 83            [24]  365 	mov	dph,r6
      00007C 8F F0            [24]  366 	mov	b,r7
      00007E E5 99            [12]  367 	mov	a,_SBUF
      000080 12r00r00         [24]  368 	lcall	__gptrput
                                    369 ;	/home/keake/Projects/WindPressureDetectionSystem/风压传感器/src/uart.c:69: SCON &= (uint8_t)~SCON_RI;
      000083 53 98 FE         [24]  370 	anl	_SCON,#0xfe
                                    371 ;	/home/keake/Projects/WindPressureDetectionSystem/风压传感器/src/uart.c:70: return 1U;
      000086 75 82 01         [24]  372 	mov	dpl, #0x01
                                    373 ;	/home/keake/Projects/WindPressureDetectionSystem/风压传感器/src/uart.c:71: }
      000089 22               [24]  374 	ret
                                    375 ;------------------------------------------------------------
                                    376 ;Allocation info for local variables in function 'Uart2_SendByte'
                                    377 ;------------------------------------------------------------
                                    378 ;value         Allocated to registers 
                                    379 ;------------------------------------------------------------
                                    380 ;	/home/keake/Projects/WindPressureDetectionSystem/风压传感器/src/uart.c:73: void Uart2_SendByte(uint8_t value)
                                    381 ;	-----------------------------------------
                                    382 ;	 function Uart2_SendByte
                                    383 ;	-----------------------------------------
      00008A                        384 _Uart2_SendByte:
      00008A 85 82 9B         [24]  385 	mov	_S2BUF,dpl
                                    386 ;	/home/keake/Projects/WindPressureDetectionSystem/风压传感器/src/uart.c:76: while ((S2CON & S2CON_TI) == 0U) {
      00008D                        387 00101$:
      00008D E5 9A            [12]  388 	mov	a,_S2CON
      00008F 30 E1 FB         [24]  389 	jnb	acc.1,00101$
                                    390 ;	/home/keake/Projects/WindPressureDetectionSystem/风压传感器/src/uart.c:78: S2CON &= (uint8_t)~S2CON_TI;
      000092 53 9A FD         [24]  391 	anl	_S2CON,#0xfd
                                    392 ;	/home/keake/Projects/WindPressureDetectionSystem/风压传感器/src/uart.c:79: }
      000095 22               [24]  393 	ret
                                    394 ;------------------------------------------------------------
                                    395 ;Allocation info for local variables in function 'Uart2_ReadByte'
                                    396 ;------------------------------------------------------------
                                    397 ;value         Allocated to registers r5 r6 r7 
                                    398 ;------------------------------------------------------------
                                    399 ;	/home/keake/Projects/WindPressureDetectionSystem/风压传感器/src/uart.c:81: uint8_t Uart2_ReadByte(uint8_t *value)
                                    400 ;	-----------------------------------------
                                    401 ;	 function Uart2_ReadByte
                                    402 ;	-----------------------------------------
      000096                        403 _Uart2_ReadByte:
      000096 AD 82            [24]  404 	mov	r5, dpl
      000098 AE 83            [24]  405 	mov	r6, dph
      00009A AF F0            [24]  406 	mov	r7, b
                                    407 ;	/home/keake/Projects/WindPressureDetectionSystem/风压传感器/src/uart.c:83: if ((S2CON & S2CON_RI) == 0U) {
      00009C E5 9A            [12]  408 	mov	a,_S2CON
      00009E 20 E0 04         [24]  409 	jb	acc.0,00102$
                                    410 ;	/home/keake/Projects/WindPressureDetectionSystem/风压传感器/src/uart.c:84: return 0U;
      0000A1 75 82 00         [24]  411 	mov	dpl, #0x00
      0000A4 22               [24]  412 	ret
      0000A5                        413 00102$:
                                    414 ;	/home/keake/Projects/WindPressureDetectionSystem/风压传感器/src/uart.c:87: S2CON &= (uint8_t)~S2CON_RI;
      0000A5 53 9A FE         [24]  415 	anl	_S2CON,#0xfe
                                    416 ;	/home/keake/Projects/WindPressureDetectionSystem/风压传感器/src/uart.c:88: *value = S2BUF;
      0000A8 8D 82            [24]  417 	mov	dpl,r5
      0000AA 8E 83            [24]  418 	mov	dph,r6
      0000AC 8F F0            [24]  419 	mov	b,r7
      0000AE E5 9B            [12]  420 	mov	a,_S2BUF
      0000B0 12r00r00         [24]  421 	lcall	__gptrput
                                    422 ;	/home/keake/Projects/WindPressureDetectionSystem/风压传感器/src/uart.c:89: return 1U;
      0000B3 75 82 01         [24]  423 	mov	dpl, #0x01
                                    424 ;	/home/keake/Projects/WindPressureDetectionSystem/风压传感器/src/uart.c:90: }
      0000B6 22               [24]  425 	ret
                                    426 ;------------------------------------------------------------
                                    427 ;Allocation info for local variables in function 'Uart1_Send'
                                    428 ;------------------------------------------------------------
                                    429 ;len           Allocated with name '_Uart1_Send_PARM_2'
                                    430 ;data          Allocated to registers r5 r6 r7 
                                    431 ;i             Allocated to registers r4 
                                    432 ;------------------------------------------------------------
                                    433 ;	/home/keake/Projects/WindPressureDetectionSystem/风压传感器/src/uart.c:92: void Uart1_Send(const uint8_t *data, uint8_t len)
                                    434 ;	-----------------------------------------
                                    435 ;	 function Uart1_Send
                                    436 ;	-----------------------------------------
      0000B7                        437 _Uart1_Send:
      0000B7 AD 82            [24]  438 	mov	r5, dpl
      0000B9 AE 83            [24]  439 	mov	r6, dph
      0000BB AF F0            [24]  440 	mov	r7, b
                                    441 ;	/home/keake/Projects/WindPressureDetectionSystem/风压传感器/src/uart.c:95: for (i = 0U; i < len; ++i) {
      0000BD 7C 00            [12]  442 	mov	r4,#0x00
      0000BF                        443 00103$:
      0000BF C3               [12]  444 	clr	c
      0000C0 EC               [12]  445 	mov	a,r4
      0000C1 95*00            [12]  446 	subb	a,_Uart1_Send_PARM_2
      0000C3 50 29            [24]  447 	jnc	00105$
                                    448 ;	/home/keake/Projects/WindPressureDetectionSystem/风压传感器/src/uart.c:96: Uart1_SendByte(data[i]);
      0000C5 EC               [12]  449 	mov	a,r4
      0000C6 2D               [12]  450 	add	a, r5
      0000C7 F9               [12]  451 	mov	r1,a
      0000C8 E4               [12]  452 	clr	a
      0000C9 3E               [12]  453 	addc	a, r6
      0000CA FA               [12]  454 	mov	r2,a
      0000CB 8F 03            [24]  455 	mov	ar3,r7
      0000CD 89 82            [24]  456 	mov	dpl,r1
      0000CF 8A 83            [24]  457 	mov	dph,r2
      0000D1 8B F0            [24]  458 	mov	b,r3
      0000D3 12r00r00         [24]  459 	lcall	__gptrget
      0000D6 F5 82            [12]  460 	mov	dpl,a
      0000D8 C0 07            [24]  461 	push	ar7
      0000DA C0 06            [24]  462 	push	ar6
      0000DC C0 05            [24]  463 	push	ar5
      0000DE C0 04            [24]  464 	push	ar4
      0000E0 12r00r5D         [24]  465 	lcall	_Uart1_SendByte
      0000E3 D0 04            [24]  466 	pop	ar4
      0000E5 D0 05            [24]  467 	pop	ar5
      0000E7 D0 06            [24]  468 	pop	ar6
      0000E9 D0 07            [24]  469 	pop	ar7
                                    470 ;	/home/keake/Projects/WindPressureDetectionSystem/风压传感器/src/uart.c:95: for (i = 0U; i < len; ++i) {
      0000EB 0C               [12]  471 	inc	r4
      0000EC 80 D1            [24]  472 	sjmp	00103$
      0000EE                        473 00105$:
                                    474 ;	/home/keake/Projects/WindPressureDetectionSystem/风压传感器/src/uart.c:98: }
      0000EE 22               [24]  475 	ret
                                    476 ;------------------------------------------------------------
                                    477 ;Allocation info for local variables in function 'Uart2_Send'
                                    478 ;------------------------------------------------------------
                                    479 ;len           Allocated with name '_Uart2_Send_PARM_2'
                                    480 ;data          Allocated to registers r5 r6 r7 
                                    481 ;i             Allocated to registers r4 
                                    482 ;------------------------------------------------------------
                                    483 ;	/home/keake/Projects/WindPressureDetectionSystem/风压传感器/src/uart.c:100: void Uart2_Send(const uint8_t *data, uint8_t len)
                                    484 ;	-----------------------------------------
                                    485 ;	 function Uart2_Send
                                    486 ;	-----------------------------------------
      0000EF                        487 _Uart2_Send:
      0000EF AD 82            [24]  488 	mov	r5, dpl
      0000F1 AE 83            [24]  489 	mov	r6, dph
      0000F3 AF F0            [24]  490 	mov	r7, b
                                    491 ;	/home/keake/Projects/WindPressureDetectionSystem/风压传感器/src/uart.c:103: for (i = 0U; i < len; ++i) {
      0000F5 7C 00            [12]  492 	mov	r4,#0x00
      0000F7                        493 00103$:
      0000F7 C3               [12]  494 	clr	c
      0000F8 EC               [12]  495 	mov	a,r4
      0000F9 95*01            [12]  496 	subb	a,_Uart2_Send_PARM_2
      0000FB 50 29            [24]  497 	jnc	00105$
                                    498 ;	/home/keake/Projects/WindPressureDetectionSystem/风压传感器/src/uart.c:104: Uart2_SendByte(data[i]);
      0000FD EC               [12]  499 	mov	a,r4
      0000FE 2D               [12]  500 	add	a, r5
      0000FF F9               [12]  501 	mov	r1,a
      000100 E4               [12]  502 	clr	a
      000101 3E               [12]  503 	addc	a, r6
      000102 FA               [12]  504 	mov	r2,a
      000103 8F 03            [24]  505 	mov	ar3,r7
      000105 89 82            [24]  506 	mov	dpl,r1
      000107 8A 83            [24]  507 	mov	dph,r2
      000109 8B F0            [24]  508 	mov	b,r3
      00010B 12r00r00         [24]  509 	lcall	__gptrget
      00010E F5 82            [12]  510 	mov	dpl,a
      000110 C0 07            [24]  511 	push	ar7
      000112 C0 06            [24]  512 	push	ar6
      000114 C0 05            [24]  513 	push	ar5
      000116 C0 04            [24]  514 	push	ar4
      000118 12r00r8A         [24]  515 	lcall	_Uart2_SendByte
      00011B D0 04            [24]  516 	pop	ar4
      00011D D0 05            [24]  517 	pop	ar5
      00011F D0 06            [24]  518 	pop	ar6
      000121 D0 07            [24]  519 	pop	ar7
                                    520 ;	/home/keake/Projects/WindPressureDetectionSystem/风压传感器/src/uart.c:103: for (i = 0U; i < len; ++i) {
      000123 0C               [12]  521 	inc	r4
      000124 80 D1            [24]  522 	sjmp	00103$
      000126                        523 00105$:
                                    524 ;	/home/keake/Projects/WindPressureDetectionSystem/风压传感器/src/uart.c:106: }
      000126 22               [24]  525 	ret
                                    526 	.area CSEG    (CODE)
                                    527 	.area CONST   (CODE)
                                    528 	.area XINIT   (CODE)
                                    529 	.area CABS    (ABS,CODE)
