BL51 BANKED LINKER/LOCATER V6.22                                                        08/04/2025  19:51:53  PAGE 1


BL51 BANKED LINKER/LOCATER V6.22, INVOKED BY:
C:\KEIL_V5\C51\BIN\BL51.EXE ..\hex文件\main.obj, ..\hex文件\RI2C.obj, ..\hex文件\delay.obj, ..\hex文件\uart1.obj, ..\hex
>> 文件\SPL06_001.obj, ..\hex文件\adc.obj, ..\hex文件\timer2.obj, ..\hex文件\digital_cube.obj, ..\hex文件\addr.obj, ..\h
>> ex文件\uart2.obj, ..\hex文件\ModeBusRTU.obj, ..\hex文件\timer0.obj, ..\hex文件\SPL07-003.obj TO ..\hex文件\main PRINT
>>  (.\List\main.m51) RAMSIZE (256) DISABLEWARNING (16)


MEMORY MODEL: LARGE WITH FLOATING POINT ARITHMETIC


INPUT MODULES INCLUDED:
  ..\hex文件\main.obj (MAIN)
  ..\hex文件\RI2C.obj (RI2C)
  ..\hex文件\delay.obj (DELAY)
  ..\hex文件\uart1.obj (UART1)
  ..\hex文件\SPL06_001.obj (SPL06_001)
  ..\hex文件\adc.obj (ADC)
  ..\hex文件\timer2.obj (TIMER2)
  ..\hex文件\digital_cube.obj (DIGITAL_CUBE)
  ..\hex文件\addr.obj (ADDR)
  ..\hex文件\uart2.obj (UART2)
  ..\hex文件\ModeBusRTU.obj (MODEBUSRTU)
  ..\hex文件\timer0.obj (TIMER0)
  ..\hex文件\SPL07-003.obj (SPL07_003)
  C:\KEIL_V5\C51\LIB\C51FPL.LIB (?C?FPADD)
  C:\KEIL_V5\C51\LIB\C51FPL.LIB (?C?FPMUL)
  C:\KEIL_V5\C51\LIB\C51FPL.LIB (?C?FPDIV)
  C:\KEIL_V5\C51\LIB\C51FPL.LIB (?C?FPCMP)
  C:\KEIL_V5\C51\LIB\C51FPL.LIB (?C?FCAST)
  C:\KEIL_V5\C51\LIB\C51FPL.LIB (?C?CASTF)
  C:\KEIL_V5\C51\LIB\C51FPL.LIB (?C?FPGETOPN)
  C:\KEIL_V5\C51\LIB\C51L.LIB (?C_STARTUP)
  C:\KEIL_V5\C51\LIB\C51L.LIB (?C?COPY)
  C:\KEIL_V5\C51\LIB\C51L.LIB (?C?CLDPTR)
  C:\KEIL_V5\C51\LIB\C51L.LIB (?C?CLDOPTR)
  C:\KEIL_V5\C51\LIB\C51L.LIB (?C?CSTPTR)
  C:\KEIL_V5\C51\LIB\C51L.LIB (?C?UIDIV)
  C:\KEIL_V5\C51\LIB\C51L.LIB (?C?SIDIV)
  C:\KEIL_V5\C51\LIB\C51L.LIB (?C?IILDX)
  C:\KEIL_V5\C51\LIB\C51L.LIB (?C?ULDIV)
  C:\KEIL_V5\C51\LIB\C51L.LIB (?C?SLDIV)
  C:\KEIL_V5\C51\LIB\C51L.LIB (?C?LNEG)
  C:\KEIL_V5\C51\LIB\C51L.LIB (?C?ULSHR)
  C:\KEIL_V5\C51\LIB\C51L.LIB (?C?SLSHR)
  C:\KEIL_V5\C51\LIB\C51L.LIB (?C?LSHL)
  C:\KEIL_V5\C51\LIB\C51L.LIB (?C?LSTXDATA)
  C:\KEIL_V5\C51\LIB\C51L.LIB (?C?LSTKXDATA)
  C:\KEIL_V5\C51\LIB\C51L.LIB (?C?MEMSET)
  C:\KEIL_V5\C51\LIB\C51L.LIB (?C_INIT)


LINK MAP OF MODULE:  ..\hex文件\main (MAIN)


            TYPE    BASE      LENGTH    RELOCATION   SEGMENT NAME
            -----------------------------------------------------

            * * * * * * *   D A T A   M E M O R Y   * * * * * * *
BL51 BANKED LINKER/LOCATER V6.22                                                      08/04/2025  19:51:53  PAGE 2


            REG     0000H     0008H     ABSOLUTE     "REG BANK 0"
                    0008H     0018H                  *** GAP ***
            BIT     0020H.0   0000H.1   UNIT         ?BI?UART1
            BIT     0020H.1   0000H.1   UNIT         ?BI?UART2
                    0020H.2   0000H.6                *** GAP ***
            IDATA   0021H     0040H     UNIT         ?ID?UART1
            IDATA   0061H     0040H     UNIT         ?ID?UART2
            IDATA   00A1H     0001H     UNIT         ?STACK

            * * * * * * *  X D A T A   M E M O R Y  * * * * * * *
            XDATA   0000H     003FH     UNIT         ?XD?MODEBUSRTU
            XDATA   003FH     002BH     UNIT         ?XD?SPL07_003
            XDATA   006AH     0027H     UNIT         ?XD?SPL06_001
            XDATA   0091H     001DH     UNIT         _XDATA_GROUP_
            XDATA   00AEH     0012H     UNIT         ?XD?MAIN
            XDATA   00C0H     0010H     UNIT         ?XD?SPL0601_GET_PRESSURE?SPL06_001
            XDATA   00D0H     000CH     UNIT         ?XD?SPL0601_GET_CALIB_PARAM?SPL06_001
            XDATA   00DCH     000CH     UNIT         ?XD?SPL0703_GET_CALIB_PARAM?SPL07_003
            XDATA   00E8H     0005H     UNIT         ?XD?_WRITENBYTE?RI2C
            XDATA   00EDH     0005H     UNIT         ?XD?_READNBYTE?RI2C
            XDATA   00F2H     0004H     UNIT         ?XD?SPL0601_GET_TEMPERATURE?SPL06_001
            XDATA   00F6H     0004H     UNIT         ?XD?DIGITAL_CUBE
            XDATA   00FAH     0003H     UNIT         ?XD?_IIC_WRITE_1BYTE?RI2C
            XDATA   00FDH     0003H     UNIT         ?XD?SPL0601_GET_RAW_TEMP?SPL06_001
            XDATA   0100H     0003H     UNIT         ?XD?SPL0601_GET_RAW_PRESSURE?SPL06_001
            XDATA   0103H     0002H     UNIT         ?XD?UART1
            XDATA   0105H     0002H     UNIT         ?XD?_SPL06_PRESSURE_RATE_CONFIG?SPL06_001
            XDATA   0107H     0002H     UNIT         ?XD?_SPL06_TEMPERATURE_RATE_CONFIG?SPL06_001
            XDATA   0109H     0002H     UNIT         ?XD?_SPL06_SET_INTERRUPT?SPL06_001
            XDATA   010BH     0002H     UNIT         ?XD?_TIMER2_CONFIG?TIMER2
            XDATA   010DH     0002H     UNIT         ?XD?TIMER2
            XDATA   010FH     0002H     UNIT         ?XD?UART2
            XDATA   0111H     0002H     UNIT         ?XD?TIMER0
            XDATA   0113H     0002H     UNIT         ?XD?_SPL07_PRESSURE_RATE_CONFIG?SPL07_003
            XDATA   0115H     0002H     UNIT         ?XD?_SPL07_TEMPERATURE_RATE_CONFIG?SPL07_003
            XDATA   0117H     0001H     UNIT         ?XD?_SPL0601_READ?SPL06_001
            XDATA   0118H     0001H     UNIT         ?XD?_SPL06_SET_SPI_WIRE?SPL06_001
            XDATA   0119H     0001H     UNIT         ?XD?_SPL06_SET_INTRUPT_LEVEL?SPL06_001
            XDATA   011AH     0001H     UNIT         ?XD?SPL0601_INIT?SPL06_001
            XDATA   011BH     0001H     UNIT         ?XD?_GET_ADC10BITRESULT?ADC
            XDATA   011CH     0001H     UNIT         ?XD?SPL0701_INIT?SPL07_003

            * * * * * * *   C O D E   M E M O R Y   * * * * * * *
            CODE    0000H     0003H     ABSOLUTE     
            CODE    0003H     0008H     UNIT         ?PR?_TX1_DATA?UART1
            CODE    000BH     0003H     ABSOLUTE     
            CODE    000EH     0013H     UNIT         ?PR?_PRINTSTRING1?UART1
            CODE    0021H     0001H     UNIT         ?PR?RUN_10MS?MAIN
                    0022H     0001H                  *** GAP ***
            CODE    0023H     0003H     ABSOLUTE     
            CODE    0026H     001DH     UNIT         ?PR?ADC_INIT?ADC
            CODE    0043H     0003H     ABSOLUTE     
            CODE    0046H     0744H     UNIT         ?C?LIB_CODE
            CODE    078AH     0489H     UNIT         ?PR?SPL0703_GET_CALIB_PARAM?SPL07_003
            CODE    0C13H     03ECH     UNIT         ?PR?SPL0601_GET_CALIB_PARAM?SPL06_001
            CODE    0FFFH     0217H     UNIT         ?PR?SPL0703_GET_PRESSURE?SPL07_003
            CODE    1216H     01ECH     UNIT         ?PR?SPL0601_GET_PRESSURE?SPL06_001
BL51 BANKED LINKER/LOCATER V6.22                                                      08/04/2025  19:51:53  PAGE 3


            CODE    1402H     0131H     UNIT         ?PR?MODBUS_SEND?MODEBUSRTU
            CODE    1533H     00E2H     UNIT         ?PR?MAIN?MAIN
            CODE    1615H     00DFH     UNIT         ?PR?_TIMER0_CONFIG?TIMER0
            CODE    16F4H     00D9H     UNIT         ?PR?_TIMER2_CONFIG?TIMER2
            CODE    17CDH     00C9H     UNIT         ?PR?_SPL07_TEMPERATURE_RATE_CONFIG?SPL07_003
            CODE    1896H     00C5H     UNIT         ?PR?_SPL06_TEMPERATURE_RATE_CONFIG?SPL06_001
            CODE    195BH     00BBH     UNIT         ?PR?_SPL07_PRESSURE_RATE_CONFIG?SPL07_003
            CODE    1A16H     00B7H     UNIT         ?PR?_SPL06_PRESSURE_RATE_CONFIG?SPL06_001
            CODE    1ACDH     00B2H     UNIT         ?PR?SPL0601_GET_RAW_TEMP?SPL06_001
            CODE    1B7FH     00B2H     UNIT         ?PR?SPL0703_GET_RAW_TEMP?SPL07_003
            CODE    1C31H     00A7H     UNIT         ?PR?_UART1_CONFIG?UART1
            CODE    1CD8H     00A2H     UNIT         ?PR?_UART2_CONFIG?UART2
            CODE    1D7AH     009FH     UNIT         ?PR?SPL0601_GET_RAW_PRESSURE?SPL06_001
            CODE    1E19H     009FH     UNIT         ?PR?SPL0703_GET_RAW_PRESSURE?SPL07_003
            CODE    1EB8H     0098H     UNIT         ?PR?_MODBUS_CRC?MODEBUSRTU
            CODE    1F50H     008CH     UNIT         ?C_C51STARTUP
            CODE    1FDCH     008AH     UNIT         ?PR?TIMER0?MAIN
            CODE    2066H     0087H     UNIT         ?PR?SPL0601_GET_TEMPERATURE?SPL06_001
            CODE    20EDH     0087H     UNIT         ?PR?SPL0703_GET_TEMPERATURE?SPL07_003
            CODE    2174H     0083H     UNIT         ?PR?PRESSURE_REG0002_WRITE?MAIN
            CODE    21F7H     0067H     UNIT         ?PR?UART2_INT?MODEBUSRTU
            CODE    225EH     0060H     UNIT         ?PR?_DIGITAL_TUBE_SHOWNUM?DIGITAL_CUBE
            CODE    22BEH     0060H     UNIT         ?PR?UART1_INT?MODEBUSRTU
            CODE    231EH     005DH     UNIT         ?PR?ADDR_READ?ADDR
            CODE    237BH     0059H     UNIT         ?PR?_READNBYTE?RI2C
            CODE    23D4H     0053H     UNIT         ?PR?DIGITAL_CUBE_INIT?DIGITAL_CUBE
            CODE    2427H     0051H     UNIT         ?PR?_IIC_READ_1BYTE?RI2C
            CODE    2478H     0050H     UNIT         ?PR?MODBUS_READONEBYTE?MODEBUSRTU
            CODE    24C8H     004FH     UNIT         ?C_INITSEG
            CODE    2517H     0044H     UNIT         ?C?LDIV
            CODE    255BH     0043H     UNIT         ?PR?_WRITENBYTE?RI2C
            CODE    259EH     0042H     UNIT         ?PR?SPL0601_INIT?SPL06_001
            CODE    25E0H     0042H     UNIT         ?PR?SPL0701_INIT?SPL07_003
            CODE    2622H     003CH     UNIT         ?PR?RUN_1MS?MAIN
            CODE    265EH     0037H     UNIT         ?PR?_IIC_WRITE_1BYTE?RI2C
            CODE    2695H     0034H     UNIT         ?PR?_I2C_WRITEABYTE?RI2C
            CODE    26C9H     002FH     UNIT         ?PR?_UART1_SENDARRAY?UART1
            CODE    26F8H     002FH     UNIT         ?PR?_UART2_SENDARRAY?UART2
            CODE    2727H     002CH     UNIT         ?PR?I2C_READABYTE?RI2C
            CODE    2753H     002AH     UNIT         ?PR?_GET_ADC10BITRESULT?ADC
            CODE    277DH     002AH     UNIT         ?PR?_DIGITAL_TUBE_SHOW?DIGITAL_CUBE
            CODE    27A7H     0029H     UNIT         ?PR?MODBUS_WRITE?MODEBUSRTU
            CODE    27D0H     0027H     UNIT         ?PR?_SPL06_SET_INTERRUPT?SPL06_001
            CODE    27F7H     0026H     UNIT         ?PR?PRESSURE_REG0003_READ?MAIN
            CODE    281DH     0023H     UNIT         ?PR?_DIGITAL_CUBE_SHOWONE?DIGITAL_CUBE
            CODE    2840H     0022H     UNIT         ?PR?DIGITAL_TUBE_FLASH?DIGITAL_CUBE
            CODE    2862H     001FH     UNIT         ?PR?I2C_START?RI2C
            CODE    2881H     001EH     UNIT         ?PR?_SPL06_SET_INTRUPT_LEVEL?SPL06_001
            CODE    289FH     001DH     UNIT         ?PR?ADDR_INIT?ADDR
            CODE    28BCH     001BH     UNIT         ?PR?_SPL0703_READ?SPL07_003
            CODE    28D7H     001AH     UNIT         ?PR?_SPL0601_READ?SPL06_001
            CODE    28F1H     001AH     UNIT         ?PR?MODBUS_HANDLE?MODEBUSRTU
            CODE    290BH     0019H     UNIT         ?PR?_DELAY_XMS?DELAY
            CODE    2924H     0019H     UNIT         ?PR?_DELAY_XUS?DELAY
            CODE    293DH     0018H     UNIT         ?CO?DIGITAL_CUBE
            CODE    2955H     0017H     UNIT         ?PR?_SPL06_SET_SPI_WIRE?SPL06_001
            CODE    296CH     0016H     UNIT         ?PR?MODBUS_CLEAR?MODEBUSRTU
BL51 BANKED LINKER/LOCATER V6.22                                                      08/04/2025  19:51:53  PAGE 4


            CODE    2982H     0013H     UNIT         ?PR?_PRINTSTRING2?UART2
            CODE    2995H     0012H     UNIT         ?PR?ERROR_HANDLE?MAIN
            CODE    29A7H     0011H     UNIT         ?PR?I2C_CHECK_ACK?RI2C
            CODE    29B8H     000FH     UNIT         ?PR?SENDACK?RI2C
            CODE    29C7H     000FH     UNIT         ?PR?SENDNAK?RI2C
            CODE    29D6H     000FH     UNIT         ?PR?I2C_STOP?RI2C
            CODE    29E5H     0009H     UNIT         ?PR?RUN_100MS?MAIN
            CODE    29EEH     0009H     UNIT         ?PR?DELAY_MS?DELAY
            CODE    29F7H     0009H     UNIT         ?PR?_SPL06_SET_MEASURE_MODE?SPL06_001
            CODE    2A00H     0009H     UNIT         ?PR?SPL06_START_TEMPERATURE?SPL06_001
            CODE    2A09H     0009H     UNIT         ?PR?SPL06_START_PRESSURE?SPL06_001
            CODE    2A12H     0009H     UNIT         ?PR?SPL06_ENTER_STANDBY?SPL06_001
            CODE    2A1BH     0009H     UNIT         ?PR?SPL06_SOFT_RESET?SPL06_001
            CODE    2A24H     0009H     UNIT         ?PR?SPL06_RESET_FIFO?SPL06_001
            CODE    2A2DH     0009H     UNIT         ?PR?_SPL07_SET_MEASURE_MODE?SPL07_003
            CODE    2A36H     0009H     UNIT         ?PR?SPL07_START_TEMPERATURE?SPL07_003
            CODE    2A3FH     0009H     UNIT         ?PR?SPL07_START_PRESSURE?SPL07_003
            CODE    2A48H     0009H     UNIT         ?PR?SPL07_ENTER_STANDBY?SPL07_003
            CODE    2A51H     0009H     UNIT         ?PR?SPL07_SOFT_RESET?SPL07_003
            CODE    2A5AH     0009H     UNIT         ?PR?SPL07_RESET_FIFO?SPL07_003
            CODE    2A63H     0008H     UNIT         ?PR?SPL06_GET_MEASURE_STATUS?SPL06_001
            CODE    2A6BH     0008H     UNIT         ?PR?SPL06_GET_INT_STATUS?SPL06_001
            CODE    2A73H     0008H     UNIT         ?PR?SPL06_GET_FIFO_STATUS?SPL06_001
            CODE    2A7BH     0008H     UNIT         ?PR?SPL06_GET_CHIP_ID?SPL06_001
            CODE    2A83H     0008H     UNIT         ?PR?_TX2_DATA?UART2
            CODE    2A8BH     0008H     UNIT         ?PR?SPL07_GET_MEASURE_STATUS?SPL07_003
            CODE    2A93H     0008H     UNIT         ?PR?SPL07_GET_INT_STATUS?SPL07_003
            CODE    2A9BH     0008H     UNIT         ?PR?SPL07_GET_FIFO_STATUS?SPL07_003
            CODE    2AA3H     0008H     UNIT         ?PR?SPL07_GET_CHIP_ID?SPL07_003
            CODE    2AABH     0007H     UNIT         ?PR?WAIT?RI2C
            CODE    2AB2H     0007H     UNIT         ?PR?DELAY_US?DELAY
            CODE    2AB9H     0007H     UNIT         ?PR?USER_SPL0601_GET_TEMPERATURE?SPL06_001
            CODE    2AC0H     0007H     UNIT         ?PR?USER_SPL0601_GET_PRESURE?SPL06_001
            CODE    2AC7H     0007H     UNIT         ?PR?ADC_IO_CONFIG?ADC
            CODE    2ACEH     0007H     UNIT         ?PR?USER_SPL0703_GET_TEMPERATURE?SPL07_003
            CODE    2AD5H     0007H     UNIT         ?PR?USER_SPL0703_GET_PRESURE?SPL07_003
            CODE    2ADCH     0003H     UNIT         ?PR?RUN_500MS?MAIN
            CODE    2ADFH     0003H     UNIT         ?CO?SPL06_001
            CODE    2AE2H     0003H     UNIT         ?CO?SPL07_003



OVERLAY MAP OF MODULE:   ..\hex文件\main (MAIN)


SEGMENT                                            XDATA_GROUP
  +--> CALLED SEGMENT                            START    LENGTH
----------------------------------------------------------------
?PR?TIMER0?MAIN                                  -----    -----
  +--> ?PR?RUN_1MS?MAIN
  +--> ?PR?RUN_10MS?MAIN
  +--> ?PR?RUN_100MS?MAIN
  +--> ?PR?RUN_500MS?MAIN

?PR?RUN_1MS?MAIN                                 -----    -----
  +--> ?PR?_UART2_SENDARRAY?UART2
  +--> ?PR?_UART1_SENDARRAY?UART1
BL51 BANKED LINKER/LOCATER V6.22                                                      08/04/2025  19:51:53  PAGE 5


  +--> ?PR?DIGITAL_TUBE_FLASH?DIGITAL_CUBE
  +--> ?PR?MODBUS_READONEBYTE?MODEBUSRTU

?PR?_UART2_SENDARRAY?UART2                       0091H    0003H
  +--> ?PR?_TX2_DATA?UART2

?PR?_UART1_SENDARRAY?UART1                       0091H    0003H
  +--> ?PR?_TX1_DATA?UART1

?PR?DIGITAL_TUBE_FLASH?DIGITAL_CUBE              -----    -----
  +--> ?PR?_DIGITAL_TUBE_SHOW?DIGITAL_CUBE

?PR?_DIGITAL_TUBE_SHOW?DIGITAL_CUBE              -----    -----
  +--> ?PR?_DIGITAL_CUBE_SHOWONE?DIGITAL_CUBE

?PR?_DIGITAL_CUBE_SHOWONE?DIGITAL_CUBE           -----    -----
  +--> ?CO?DIGITAL_CUBE

?PR?MODBUS_READONEBYTE?MODEBUSRTU                0091H    0002H
  +--> ?PR?_MODBUS_CRC?MODEBUSRTU
  +--> ?PR?MODBUS_HANDLE?MODEBUSRTU

?PR?_MODBUS_CRC?MODEBUSRTU                       009AH    0007H

?PR?MODBUS_HANDLE?MODEBUSRTU                     -----    -----
  +--> ?PR?MODBUS_SEND?MODEBUSRTU
  +--> ?PR?MODBUS_WRITE?MODEBUSRTU

?PR?MODBUS_SEND?MODEBUSRTU                       0093H    0007H
  +--> ?PR?_MODBUS_CRC?MODEBUSRTU

?PR?RUN_100MS?MAIN                               -----    -----
  +--> ?PR?ERROR_HANDLE?MAIN
  +--> ?PR?PRESSURE_REG0003_READ?MAIN
  +--> ?PR?PRESSURE_REG0002_WRITE?MAIN

?PR?PRESSURE_REG0003_READ?MAIN                   -----    -----
  +--> ?PR?USER_SPL0703_GET_TEMPERATURE?SPL0...
  +--> ?PR?USER_SPL0703_GET_PRESURE?SPL07_003

?PR?USER_SPL0703_GET_TEMPERATURE?SPL0...         -----    -----
  +--> ?PR?SPL0703_GET_RAW_TEMP?SPL07_003
  +--> ?PR?SPL0703_GET_TEMPERATURE?SPL07_003

?PR?SPL0703_GET_RAW_TEMP?SPL07_003               00A2H    0003H
  +--> ?CO?SPL07_003
  +--> ?PR?_SPL0703_READ?SPL07_003

?PR?_SPL0703_READ?SPL07_003                      00A5H    0001H
  +--> ?PR?_IIC_READ_1BYTE?RI2C

?PR?_IIC_READ_1BYTE?RI2C                         00A6H    0005H
  +--> ?PR?I2C_START?RI2C
  +--> ?PR?_I2C_WRITEABYTE?RI2C
  +--> ?PR?I2C_CHECK_ACK?RI2C
  +--> ?PR?I2C_STOP?RI2C
  +--> ?PR?I2C_READABYTE?RI2C
BL51 BANKED LINKER/LOCATER V6.22                                                      08/04/2025  19:51:53  PAGE 6


  +--> ?PR?SENDNAK?RI2C

?PR?I2C_START?RI2C                               -----    -----
  +--> ?PR?WAIT?RI2C

?PR?WAIT?RI2C                                    -----    -----
  +--> ?PR?_DELAY_XUS?DELAY

?PR?_DELAY_XUS?DELAY                             -----    -----
  +--> ?PR?DELAY_US?DELAY

?PR?_I2C_WRITEABYTE?RI2C                         00ABH    0002H
  +--> ?PR?WAIT?RI2C

?PR?I2C_CHECK_ACK?RI2C                           -----    -----
  +--> ?PR?WAIT?RI2C

?PR?I2C_STOP?RI2C                                -----    -----
  +--> ?PR?WAIT?RI2C

?PR?I2C_READABYTE?RI2C                           00ABH    0002H
  +--> ?PR?WAIT?RI2C

?PR?SENDNAK?RI2C                                 -----    -----
  +--> ?PR?WAIT?RI2C

?PR?SPL0703_GET_TEMPERATURE?SPL07_003            00A2H    0004H

?PR?USER_SPL0703_GET_PRESURE?SPL07_003           -----    -----
  +--> ?PR?SPL0703_GET_RAW_PRESSURE?SPL07_003
  +--> ?PR?SPL0703_GET_PRESSURE?SPL07_003

?PR?SPL0703_GET_RAW_PRESSURE?SPL07_003           00A2H    0003H
  +--> ?PR?_SPL0703_READ?SPL07_003

?PR?SPL0703_GET_PRESSURE?SPL07_003               00A2H    000CH

?PR?PRESSURE_REG0002_WRITE?MAIN                  0091H    0004H
  +--> ?PR?USER_SPL0703_GET_TEMPERATURE?SPL0...
  +--> ?PR?USER_SPL0703_GET_PRESURE?SPL07_003

*** NEW ROOT ***************************************************

?PR?UART2_INT?MODEBUSRTU                         -----    -----
  +--> ?PR?DIGITAL_TUBE_FLASH?DIGITAL_CUBE

*** NEW ROOT ***************************************************

?PR?UART1_INT?MODEBUSRTU                         00A1H    0001H
  +--> ?PR?DIGITAL_TUBE_FLASH?DIGITAL_CUBE

*** NEW ROOT ***************************************************

?C_C51STARTUP                                    -----    -----
  +--> ?PR?MAIN?MAIN
  +--> ?C_INITSEG

BL51 BANKED LINKER/LOCATER V6.22                                                      08/04/2025  19:51:53  PAGE 7


?PR?MAIN?MAIN                                    -----    -----
  +--> ?PR?ADDR_INIT?ADDR
  +--> ?PR?USER_SPL0703_GET_TEMPERATURE?SPL0...
  +--> ?PR?USER_SPL0703_GET_PRESURE?SPL07_003
  +--> ?PR?_DELAY_XMS?DELAY
  +--> ?PR?_TIMER0_CONFIG?TIMER0
  +--> ?PR?DIGITAL_CUBE_INIT?DIGITAL_CUBE
  +--> ?PR?ADDR_READ?ADDR
  +--> ?PR?_UART1_CONFIG?UART1
  +--> ?PR?_UART2_CONFIG?UART2
  +--> ?PR?_DIGITAL_TUBE_SHOWNUM?DIGITAL_CUBE

?PR?_DELAY_XMS?DELAY                             -----    -----
  +--> ?PR?DELAY_MS?DELAY

?PR?_TIMER0_CONFIG?TIMER0                        00A2H    0002H

?PR?_UART1_CONFIG?UART1                          00A2H    0009H

?PR?_UART2_CONFIG?UART2                          00A2H    0009H



UNRESOLVED EXTERNAL SYMBOLS:
   SPL0703_INIT



SYMBOL TABLE OF MODULE:  ..\hex文件\main (MAIN)

  VALUE           TYPE          NAME
  ----------------------------------

  -------         MODULE        MAIN
  C:0000H         SYMBOL        _ICE_DUMMY_
  X:00AEH         PUBLIC        pressure
  D:0093H         PUBLIC        P0M1
  D:0092H         PUBLIC        P1M0
  D:0096H         PUBLIC        P2M0
  D:0091H         PUBLIC        P1M1
  D:0080H         PUBLIC        P0
  D:00B2H         PUBLIC        P3M0
  D:0095H         PUBLIC        P2M1
  D:0090H         PUBLIC        P1
  C:27F7H         PUBLIC        Pressure_Reg0003_Read
  D:00B1H         PUBLIC        P3M1
  D:00A0H         PUBLIC        P2
  D:00CAH         PUBLIC        P5M0
  D:00B0H         PUBLIC        P3
  D:00C9H         PUBLIC        P5M1
  D:00C0H         PUBLIC        P4
  D:00C8H         PUBLIC        P5
  B:00A8H.7       PUBLIC        EA
  D:00A8H         PUBLIC        IE
  D:00B8H         PUBLIC        IP
  X:00B2H         PUBLIC        count100ms
  X:00B3H         PUBLIC        count500ms
BL51 BANKED LINKER/LOCATER V6.22                                                      08/04/2025  19:51:53  PAGE 8


  C:1533H         PUBLIC        main
  C:29E5H         PUBLIC        run_100ms
  C:2ADCH         PUBLIC        run_500ms
  C:1FDCH         PUBLIC        Timer0
  B:00A0H.2       PUBLIC        P22
  D:0098H         PUBLIC        SCON
  D:0088H         PUBLIC        TCON
  X:00B5H         PUBLIC        temperature
  B:00B0H.4       PUBLIC        P34
  X:00B9H         PUBLIC        d_pressure
  C:2622H         PUBLIC        run_1ms
  C:2174H         PUBLIC        Pressure_reg0002_write
  X:00BBH         PUBLIC        origin_pressure
  X:00BFH         PUBLIC        count10ms
  C:0021H         PUBLIC        run_10ms
  D:00D0H         PUBLIC        PSW
  C:2995H         PUBLIC        error_handle
  D:0094H         PUBLIC        P0M0
  -------         PROC          MAIN
  C:1533H         LINE#         15
  C:1533H         LINE#         16
  C:1533H         LINE#         18
  C:1538H         LINE#         19
  C:153CH         LINE#         20
  C:1540H         LINE#         21
  C:1544H         LINE#         22
  C:1548H         LINE#         23
  C:154BH         LINE#         25
  C:154EH         LINE#         26
  C:1551H         LINE#         27
  C:1554H         LINE#         28
  C:1556H         LINE#         29
  C:1558H         LINE#         30
  C:155BH         LINE#         31
  C:155BH         LINE#         32
  C:155EH         LINE#         33
  C:1567H         LINE#         34
  C:1570H         LINE#         35
  C:15A7H         LINE#         39
  C:15AEH         LINE#         40
  C:15B5H         LINE#         41
  C:15BEH         LINE#         42
  C:15C1H         LINE#         43
  C:15C9H         LINE#         44
  C:15E2H         LINE#         45
  C:15FBH         LINE#         47
  C:15FDH         LINE#         49
  C:15FDH         LINE#         51
  C:1613H         LINE#         55
  -------         ENDPROC       MAIN
  -------         PROC          ERROR_HANDLE
  C:2995H         LINE#         59
  C:2995H         LINE#         60
  C:2995H         LINE#         61
  C:29A1H         LINE#         62
  C:29A3H         LINE#         63
  C:29A4H         LINE#         64
BL51 BANKED LINKER/LOCATER V6.22                                                      08/04/2025  19:51:53  PAGE 9


  C:29A4H         LINE#         65
  C:29A6H         LINE#         66
  C:29A6H         LINE#         67
  -------         ENDPROC       ERROR_HANDLE
  -------         PROC          PRESSURE_REG0002_WRITE
  -------         DO            
  X:0091H         SYMBOL        a
  -------         ENDDO         
  C:2174H         LINE#         70
  C:2174H         LINE#         71
  C:2174H         LINE#         74
  C:217DH         LINE#         75
  C:2186H         LINE#         78
  C:21ABH         LINE#         80
  C:21C5H         LINE#         81
  C:21CEH         LINE#         83
  C:21E7H         LINE#         84
  C:21F6H         LINE#         86
  -------         ENDPROC       PRESSURE_REG0002_WRITE
  -------         PROC          PRESSURE_REG0003_READ
  C:27F7H         LINE#         88
  C:27F7H         LINE#         89
  C:27F7H         LINE#         90
  C:2803H         LINE#         91
  C:280CH         LINE#         92
  C:2815H         LINE#         93
  C:281CH         LINE#         94
  C:281CH         LINE#         95
  -------         ENDPROC       PRESSURE_REG0003_READ
  -------         PROC          RUN_1MS
  C:2622H         LINE#         100
  C:2622H         LINE#         101
  C:2622H         LINE#         102
  C:2628H         LINE#         103
  C:2636H         LINE#         104
  C:2644H         LINE#         106
  C:2649H         LINE#         108
  C:2649H         LINE#         109
  C:264CH         LINE#         111
  C:2652H         LINE#         112
  C:2658H         LINE#         113
  C:265AH         LINE#         115
  C:265DH         LINE#         118
  C:265DH         LINE#         119
  -------         ENDPROC       RUN_1MS
  -------         PROC          RUN_500MS
  C:2ADCH         LINE#         121
  C:2ADCH         LINE#         122
  C:2ADCH         LINE#         124
  C:2ADEH         LINE#         128
  -------         ENDPROC       RUN_500MS
  -------         PROC          RUN_10MS
  C:0021H         LINE#         130
  C:0021H         LINE#         131
  C:0021H         LINE#         133
  -------         ENDPROC       RUN_10MS
  -------         PROC          RUN_100MS
BL51 BANKED LINKER/LOCATER V6.22                                                      08/04/2025  19:51:53  PAGE 10


  C:29E5H         LINE#         135
  C:29E5H         LINE#         136
  C:29E5H         LINE#         137
  C:29E8H         LINE#         138
  C:29EBH         LINE#         139
  -------         ENDPROC       RUN_100MS
  -------         PROC          TIMER0
  C:1FDCH         LINE#         149
  C:1FF9H         LINE#         151
  C:1FFCH         LINE#         152
  C:2002H         LINE#         153
  C:2010H         LINE#         154
  C:2016H         LINE#         155
  C:201FH         LINE#         156
  C:2022H         LINE#         157
  C:2024H         LINE#         158
  C:2024H         LINE#         159
  C:202DH         LINE#         160
  C:2030H         LINE#         161
  C:2035H         LINE#         162
  C:2035H         LINE#         164
  C:2044H         LINE#         165
  C:2047H         LINE#         166
  C:204BH         LINE#         167
  C:204BH         LINE#         168
  -------         ENDPROC       TIMER0
  -------         ENDMOD        MAIN

  -------         MODULE        RI2C
  C:0000H         SYMBOL        _ICE_DUMMY_
  D:0080H         PUBLIC        P0
  D:0090H         PUBLIC        P1
  B:00B0H.2       PUBLIC        I2C_SCL
  D:00A0H         PUBLIC        P2
  D:00B0H         PUBLIC        P3
  C:237BH         PUBLIC        _ReadNbyte
  D:00C0H         PUBLIC        P4
  D:00C8H         PUBLIC        P5
  D:00A8H         PUBLIC        IE
  C:255BH         PUBLIC        _WriteNbyte
  C:2727H         PUBLIC        I2C_ReadAbyte
  C:2AABH         PUBLIC        Wait
  D:00B8H         PUBLIC        IP
  B:00D0H.7       PUBLIC        CY
  C:2695H         PUBLIC        _I2C_WriteAbyte
  C:29A7H         PUBLIC        I2C_Check_ACK
  C:286DH         PUBLIC        I2C_Start
  D:0098H         PUBLIC        SCON
  D:0088H         PUBLIC        TCON
  C:29D6H         PUBLIC        I2C_Stop
  C:2427H         PUBLIC        _IIC_Read_1Byte
  C:29B8H         PUBLIC        SendACK
  C:29C7H         PUBLIC        SendNAK
  C:265EH         PUBLIC        _IIC_Write_1Byte
  B:00B0H.3       PUBLIC        I2C_SDA
  D:00D0H         PUBLIC        PSW
  -------         PROC          WAIT
BL51 BANKED LINKER/LOCATER V6.22                                                      08/04/2025  19:51:53  PAGE 11


  C:2AABH         LINE#         16
  C:2AABH         LINE#         17
  C:2AABH         LINE#         18
  -------         ENDPROC       WAIT
  C:2863H         SYMBOL        L?0030
  -------         PROC          L?0029
  -------         ENDPROC       L?0029
  C:2863H         SYMBOL        L?0030
  -------         PROC          I2C_START
  C:286DH         LINE#         27
  C:286DH         LINE#         28
  C:286DH         LINE#         29
  C:286FH         LINE#         30
  C:2872H         LINE#         31
  C:2874H         LINE#         32
  C:2877H         LINE#         33
  C:2879H         LINE#         34
  C:287CH         LINE#         35
  C:287EH         LINE#         36
  -------         ENDPROC       I2C_START
  -------         PROC          _I2C_WRITEABYTE
  X:00ABH         SYMBOL        dat
  -------         DO            
  X:00ACH         SYMBOL        i
  -------         ENDDO         
  C:2695H         LINE#         45
  C:269AH         LINE#         46
  C:269AH         LINE#         48
  C:269EH         LINE#         50
  C:269EH         LINE#         51
  C:26AAH         LINE#         52
  C:26ACH         LINE#         53
  C:26B3H         LINE#         54
  C:26B6H         LINE#         55
  C:26B8H         LINE#         56
  C:26BBH         LINE#         57
  C:26BDH         LINE#         58
  C:26C0H         LINE#         59
  C:26C0H         LINE#         60
  C:26C8H         LINE#         61
  -------         ENDPROC       _I2C_WRITEABYTE
  -------         PROC          I2C_CHECK_ACK
  C:29A7H         LINE#         70
  C:29A7H         LINE#         71
  C:29A7H         LINE#         72
  C:29A9H         LINE#         73
  C:29ACH         LINE#         74
  C:29AEH         LINE#         75
  C:29B1H         LINE#         76
  C:29B3H         LINE#         77
  C:29B5H         LINE#         78
  -------         ENDPROC       I2C_CHECK_ACK
  -------         PROC          I2C_READABYTE
  -------         DO            
  X:00ABH         SYMBOL        i
  X:00ACH         SYMBOL        dat
  -------         ENDDO         
BL51 BANKED LINKER/LOCATER V6.22                                                      08/04/2025  19:51:53  PAGE 12


  C:2727H         LINE#         87
  C:2727H         LINE#         88
  C:2727H         LINE#         90
  C:272DH         LINE#         91
  C:272FH         LINE#         93
  C:272FH         LINE#         94
  C:2731H         LINE#         95
  C:2734H         LINE#         96
  C:273CH         LINE#         97
  C:2742H         LINE#         98
  C:2744H         LINE#         99
  C:2747H         LINE#         100
  C:2747H         LINE#         101
  C:274FH         LINE#         102
  C:2752H         LINE#         103
  -------         ENDPROC       I2C_READABYTE
  -------         PROC          SENDACK
  C:29B8H         LINE#         111
  C:29B8H         LINE#         112
  C:29B8H         LINE#         113
  C:29BAH         LINE#         114
  C:29BDH         LINE#         115
  C:29BFH         LINE#         116
  C:29C2H         LINE#         117
  C:29C4H         LINE#         118
  -------         ENDPROC       SENDACK
  -------         PROC          SENDNAK
  C:29C7H         LINE#         127
  C:29C7H         LINE#         128
  C:29C7H         LINE#         129
  C:29C9H         LINE#         130
  C:29CCH         LINE#         131
  C:29CEH         LINE#         132
  C:29D1H         LINE#         133
  C:29D3H         LINE#         134
  -------         ENDPROC       SENDNAK
  -------         PROC          I2C_STOP
  C:29D6H         LINE#         143
  C:29D6H         LINE#         144
  C:29D6H         LINE#         145
  C:29D8H         LINE#         146
  C:29DBH         LINE#         147
  C:29DDH         LINE#         148
  C:29E0H         LINE#         149
  C:29E2H         LINE#         150
  -------         ENDPROC       I2C_STOP
  -------         PROC          _WRITENBYTE
  X:00E8H         SYMBOL        addr
  X:00E9H         SYMBOL        p
  X:00ECH         SYMBOL        num
  C:255BH         LINE#         159
  C:255EH         LINE#         160
  C:255EH         LINE#         161
  C:2561H         LINE#         162
  C:2566H         LINE#         163
  C:2569H         LINE#         164
  C:2571H         LINE#         165
BL51 BANKED LINKER/LOCATER V6.22                                                      08/04/2025  19:51:53  PAGE 13


  C:2574H         LINE#         167
  C:2574H         LINE#         168
  C:2586H         LINE#         169
  C:2590H         LINE#         170
  C:2593H         LINE#         171
  C:2593H         LINE#         172
  C:259BH         LINE#         173
  -------         ENDPROC       _WRITENBYTE
  -------         PROC          _READNBYTE
  X:00EDH         SYMBOL        addr
  X:00EEH         SYMBOL        p
  X:00F1H         SYMBOL        num
  C:237BH         LINE#         183
  C:237EH         LINE#         184
  C:237EH         LINE#         185
  C:2381H         LINE#         186
  C:2386H         LINE#         187
  C:2389H         LINE#         188
  C:2391H         LINE#         189
  C:2394H         LINE#         190
  C:2397H         LINE#         191
  C:239CH         LINE#         192
  C:239FH         LINE#         194
  C:239FH         LINE#         195
  C:23BBH         LINE#         196
  C:23C6H         LINE#         197
  C:23C6H         LINE#         198
  C:23CEH         LINE#         199
  C:23D1H         LINE#         200
  -------         ENDPROC       _READNBYTE
  -------         PROC          _IIC_WRITE_1BYTE
  X:00FAH         SYMBOL        SlaveAddress
  X:00FBH         SYMBOL        REG_Address
  X:00FCH         SYMBOL        REG_data
  C:265EH         LINE#         204
  C:2669H         LINE#         205
  C:2669H         LINE#         206
  C:266CH         LINE#         207
  C:2676H         LINE#         208
  C:2679H         LINE#         209
  C:2681H         LINE#         210
  C:2684H         LINE#         211
  C:268CH         LINE#         212
  C:268FH         LINE#         213
  C:2692H         LINE#         214
  C:2694H         LINE#         215
  -------         ENDPROC       _IIC_WRITE_1BYTE
  -------         PROC          _IIC_READ_1BYTE
  X:00A6H         SYMBOL        SlaveAddress
  X:00A7H         SYMBOL        REG_Address
  X:00A8H         SYMBOL        REG_data
  C:2427H         LINE#         218
  C:242EH         LINE#         219
  C:242EH         LINE#         220
  C:2431H         LINE#         221
  C:243BH         LINE#         222
  C:243EH         LINE#         223
BL51 BANKED LINKER/LOCATER V6.22                                                      08/04/2025  19:51:53  PAGE 14


  C:2446H         LINE#         224
  C:2449H         LINE#         225
  C:244CH         LINE#         226
  C:244FH         LINE#         227
  C:245AH         LINE#         228
  C:245DH         LINE#         229
  C:246FH         LINE#         230
  C:2472H         LINE#         231
  C:2475H         LINE#         232
  C:2477H         LINE#         233
  -------         ENDPROC       _IIC_READ_1BYTE
  -------         ENDMOD        RI2C

  -------         MODULE        DELAY
  C:0000H         SYMBOL        _ICE_DUMMY_
  D:0080H         PUBLIC        P0
  D:0090H         PUBLIC        P1
  D:00A0H         PUBLIC        P2
  D:00B0H         PUBLIC        P3
  D:00C0H         PUBLIC        P4
  D:00C8H         PUBLIC        P5
  D:00A8H         PUBLIC        IE
  D:00B8H         PUBLIC        IP
  C:290BH         PUBLIC        _Delay_xms
  C:29EEH         PUBLIC        Delay_ms
  C:2924H         PUBLIC        _Delay_xus
  D:0098H         PUBLIC        SCON
  D:0088H         PUBLIC        TCON
  C:2AB2H         PUBLIC        Delay_us
  D:00D0H         PUBLIC        PSW
  -------         PROC          DELAY_MS
  -------         DO            
  D:0007H         SYMBOL        i
  D:0006H         SYMBOL        j
  -------         ENDDO         
  C:29EEH         LINE#         10
  C:29EEH         LINE#         11
  C:29EEH         LINE#         14
  C:29F0H         LINE#         15
  C:29F2H         LINE#         17
  C:29F2H         LINE#         18
  C:29F4H         LINE#         19
  C:29F6H         LINE#         20
  -------         ENDPROC       DELAY_MS
  -------         PROC          DELAY_US
  -------         DO            
  D:0007H         SYMBOL        i
  -------         ENDDO         
  C:2AB2H         LINE#         28
  C:2AB2H         LINE#         29
  C:2AB2H         LINE#         32
  C:2AB3H         LINE#         33
  C:2AB4H         LINE#         34
  C:2AB6H         LINE#         35
  C:2AB8H         LINE#         36
  -------         ENDPROC       DELAY_US
  -------         PROC          _DELAY_XMS
BL51 BANKED LINKER/LOCATER V6.22                                                      08/04/2025  19:51:53  PAGE 15


  D:0004H         SYMBOL        i
  -------         DO            
  D:0002H         SYMBOL        k
  -------         ENDDO         
  C:290BH         LINE#         114
  C:290FH         LINE#         115
  C:290FH         LINE#         117
  C:2919H         LINE#         118
  C:2919H         LINE#         119
  C:291CH         LINE#         120
  C:2923H         LINE#         121
  -------         ENDPROC       _DELAY_XMS
  -------         PROC          _DELAY_XUS
  D:0004H         SYMBOL        i
  -------         DO            
  D:0002H         SYMBOL        k
  -------         ENDDO         
  C:2924H         LINE#         129
  C:2928H         LINE#         130
  C:2928H         LINE#         132
  C:2932H         LINE#         133
  C:2932H         LINE#         134
  C:2935H         LINE#         135
  C:293CH         LINE#         136
  -------         ENDPROC       _DELAY_XUS
  -------         ENDMOD        DELAY

  -------         MODULE        UART1
  C:0000H         SYMBOL        _ICE_DUMMY_
  C:26C9H         PUBLIC        _UART1_sendArray
  D:0080H         PUBLIC        P0
  D:0090H         PUBLIC        P1
  D:00A0H         PUBLIC        P2
  D:00B0H         PUBLIC        P3
  D:00C0H         PUBLIC        P4
  D:00C8H         PUBLIC        P5
  B:0020H.0       PUBLIC        B_TX1_Busy
  D:00A2H         PUBLIC        P_SW1
  D:00A8H         PUBLIC        IE
  B:00A8H.4       PUBLIC        ES
  D:00B8H         PUBLIC        IP
  I:0021H         PUBLIC        RX1_Buffer
  B:00B8H.4       PUBLIC        PS
  D:0099H         PUBLIC        SBUF
  D:0098H         PUBLIC        SCON
  D:0089H         PUBLIC        TMOD
  D:0088H         PUBLIC        TCON
  C:000EH         PUBLIC        _PrintString1
  D:008EH         PUBLIC        AUXR
  C:1C31H         PUBLIC        _UART1_config
  B:00A8H.3       PUBLIC        ET1
  D:008DH         PUBLIC        TH1
  D:008BH         PUBLIC        TL1
  B:0088H.6       PUBLIC        TR1
  C:0003H         PUBLIC        _TX1_data
  D:00B7H         PUBLIC        IPH
  X:0103H         PUBLIC        RX1_Cnt
BL51 BANKED LINKER/LOCATER V6.22                                                      08/04/2025  19:51:53  PAGE 16


  X:0104H         PUBLIC        TX1_Cnt
  B:0098H.4       PUBLIC        REN
  D:00D0H         PUBLIC        PSW
  -------         PROC          _TX1_DATA
  D:0007H         SYMBOL        tx1dat
  C:0003H         LINE#         15
  C:0003H         LINE#         16
  C:0003H         LINE#         17
  C:0005H         LINE#         18
  C:0007H         LINE#         20
  C:000AH         LINE#         22
  -------         ENDPROC       _TX1_DATA
  -------         PROC          _PRINTSTRING1
  D:0001H         SYMBOL        puts
  C:000EH         LINE#         31
  C:000EH         LINE#         32
  C:000EH         LINE#         33
  C:0014H         LINE#         34
  C:0014H         LINE#         35
  C:0017H         LINE#         36
  C:0020H         LINE#         37
  -------         ENDPROC       _PRINTSTRING1
  -------         PROC          _UART1_CONFIG
  X:00A2H         SYMBOL        UART_IOSEL
  X:00A3H         SYMBOL        FOSC
  X:00A7H         SYMBOL        BAUD1
  C:1C31H         LINE#         49
  C:1C36H         LINE#         50
  C:1C36H         LINE#         51
  C:1C38H         LINE#         52
  C:1C3BH         LINE#         53
  C:1C3EH         LINE#         54
  C:1C41H         LINE#         55
  C:1C44H         LINE#         56
  C:1C83H         LINE#         57
  C:1CB1H         LINE#         58
  C:1CB3H         LINE#         59
  C:1CB5H         LINE#         60
  C:1CBDH         LINE#         61
  C:1CBFH         LINE#         62
  C:1CC2H         LINE#         63
  C:1CC4H         LINE#         64
  C:1CC6H         LINE#         65
  C:1CCCH         LINE#         67
  C:1CCEH         LINE#         68
  C:1CD3H         LINE#         69
  C:1CD7H         LINE#         70
  -------         ENDPROC       _UART1_CONFIG
  -------         PROC          _UART1_SENDARRAY
  D:0006H         SYMBOL        count
  X:0091H         SYMBOL        p
  -------         DO            
  D:0005H         SYMBOL        i
  -------         ENDDO         
  C:26C9H         LINE#         94
  C:26D6H         LINE#         95
  C:26D6H         LINE#         96
BL51 BANKED LINKER/LOCATER V6.22                                                      08/04/2025  19:51:53  PAGE 17


  C:26D8H         LINE#         97
  C:26DDH         LINE#         99
  C:26F4H         LINE#         100
  C:26F7H         LINE#         101
  -------         ENDPROC       _UART1_SENDARRAY
  -------         ENDMOD        UART1

  -------         MODULE        SPL06_001
  C:0000H         SYMBOL        _ICE_DUMMY_
  D:0080H         PUBLIC        P0
  C:1ACDH         PUBLIC        spl0601_get_raw_temp
  C:1A16H         PUBLIC        _spl06_pressure_rate_config
  D:0090H         PUBLIC        P1
  D:00A0H         PUBLIC        P2
  D:00B0H         PUBLIC        P3
  D:00C0H         PUBLIC        P4
  D:00C8H         PUBLIC        P5
  B:00A8H.7       PUBLIC        EA
  X:006AH         SYMBOL        spl06_calib_param
  D:00A8H         PUBLIC        IE
  C:0C13H         PUBLIC        spl0601_get_calib_param
  C:2A7BH         PUBLIC        spl06_get_chip_id
  C:2A6BH         PUBLIC        spl06_get_int_status
  C:2A12H         PUBLIC        spl06_enter_standby
  C:28DDH         PUBLIC        _spl0601_read
  D:00B8H         PUBLIC        IP
  C:1216H         PUBLIC        spl0601_get_pressure
  C:2A09H         PUBLIC        spl06_start_pressure
  C:2955H         PUBLIC        _spl06_set_spi_wire
  C:259EH         PUBLIC        spl0601_init
  D:0098H         PUBLIC        SCON
  D:0088H         PUBLIC        TCON
  X:0080H         PUBLIC        spl06
  C:1896H         PUBLIC        _spl06_temperature_rate_config
  C:27D0H         PUBLIC        _spl06_set_interrupt
  C:2A63H         PUBLIC        spl06_get_measure_status
  C:2ADFH         SYMBOL        _?ix1000
  C:2A24H         PUBLIC        spl06_reset_fifo
  C:29F7H         PUBLIC        _spl06_set_measure_mode
  C:1D7AH         PUBLIC        spl0601_get_raw_pressure
  C:2AC0H         PUBLIC        user_spl0601_get_presure
  C:2066H         PUBLIC        spl0601_get_temperature
  C:2A1BH         PUBLIC        spl06_soft_reset
  C:2881H         PUBLIC        _spl06_set_intrupt_level
  C:2A00H         PUBLIC        spl06_start_temperature
  C:2A73H         PUBLIC        spl06_get_fifo_status
  C:2AB9H         PUBLIC        user_spl0601_get_temperature
  D:00D0H         PUBLIC        PSW
  C:28D8H         SYMBOL        L?0073
  C:28D9H         SYMBOL        L?0074
  -------         PROC          L?0072
  -------         ENDPROC       L?0072
  C:28D8H         SYMBOL        L?0073
  C:28D9H         SYMBOL        L?0074
  -------         PROC          _SPL0601_READ
  D:0007H         SYMBOL        hwadr
  D:0005H         SYMBOL        regadr
BL51 BANKED LINKER/LOCATER V6.22                                                      08/04/2025  19:51:53  PAGE 18


  -------         DO            
  X:0117H         SYMBOL        reg_data
  -------         ENDDO         
  C:28DDH         LINE#         68
  C:28DDH         LINE#         69
  C:28DDH         LINE#         70
  C:28E2H         LINE#         73
  C:28EBH         LINE#         74
  C:28F0H         LINE#         75
  -------         ENDPROC       _SPL0601_READ
  -------         PROC          _SPL06_PRESSURE_RATE_CONFIG
  D:0007H         SYMBOL        background_rate
  X:0105H         SYMBOL        oversamply
  -------         DO            
  X:0106H         SYMBOL        data0
  D:0007H         SYMBOL        data1
  -------         ENDDO         
  C:1A16H         LINE#         93
  C:1A1BH         LINE#         94
  C:1A1BH         LINE#         97
  C:1A22H         LINE#         98
  C:1A28H         LINE#         99
  C:1A28H         LINE#         100
  C:1A2BH         LINE#         101
  C:1A2EH         LINE#         102
  C:1A36H         LINE#         103
  C:1A36H         LINE#         104
  C:1A63H         LINE#         105
  C:1A63H         LINE#         106
  C:1A63H         LINE#         107
  C:1A6DH         LINE#         108
  C:1A6FH         LINE#         109
  C:1A6FH         LINE#         110
  C:1A79H         LINE#         111
  C:1A7BH         LINE#         112
  C:1A7BH         LINE#         113
  C:1A85H         LINE#         114
  C:1A87H         LINE#         115
  C:1A87H         LINE#         116
  C:1A91H         LINE#         117
  C:1A93H         LINE#         118
  C:1A93H         LINE#         119
  C:1A9DH         LINE#         120
  C:1A9FH         LINE#         121
  C:1A9FH         LINE#         122
  C:1AA9H         LINE#         123
  C:1AABH         LINE#         124
  C:1AABH         LINE#         125
  C:1AB5H         LINE#         126
  C:1AB7H         LINE#         127
  C:1AB7H         LINE#         128
  C:1AB7H         LINE#         129
  C:1AC1H         LINE#         130
  C:1AC1H         LINE#         131
  C:1AC1H         LINE#         132
  -------         ENDPROC       _SPL06_PRESSURE_RATE_CONFIG
  -------         PROC          _SPL06_TEMPERATURE_RATE_CONFIG
BL51 BANKED LINKER/LOCATER V6.22                                                      08/04/2025  19:51:53  PAGE 19


  D:0007H         SYMBOL        background_rate
  X:0107H         SYMBOL        oversamply
  D:0003H         SYMBOL        ext
  -------         DO            
  X:0108H         SYMBOL        data0
  D:0007H         SYMBOL        data1
  -------         ENDDO         
  C:1896H         LINE#         151
  C:189BH         LINE#         152
  C:189BH         LINE#         155
  C:18B0H         LINE#         156
  C:18B6H         LINE#         157
  C:18B6H         LINE#         159
  C:18B9H         LINE#         160
  C:18BCH         LINE#         161
  C:18C4H         LINE#         162
  C:18C4H         LINE#         163
  C:18F1H         LINE#         164
  C:18F1H         LINE#         165
  C:18F1H         LINE#         166
  C:18FBH         LINE#         167
  C:18FDH         LINE#         168
  C:18FDH         LINE#         169
  C:1907H         LINE#         170
  C:1909H         LINE#         171
  C:1909H         LINE#         172
  C:1913H         LINE#         173
  C:1915H         LINE#         174
  C:1915H         LINE#         175
  C:191FH         LINE#         176
  C:1921H         LINE#         177
  C:1921H         LINE#         178
  C:192BH         LINE#         179
  C:192DH         LINE#         180
  C:192DH         LINE#         181
  C:1937H         LINE#         182
  C:1939H         LINE#         183
  C:1939H         LINE#         184
  C:1943H         LINE#         185
  C:1945H         LINE#         186
  C:1945H         LINE#         187
  C:1945H         LINE#         188
  C:194FH         LINE#         189
  C:194FH         LINE#         190
  C:194FH         LINE#         191
  -------         ENDPROC       _SPL06_TEMPERATURE_RATE_CONFIG
  -------         PROC          SPL06_GET_MEASURE_STATUS
  C:2A63H         LINE#         210
  C:2A63H         LINE#         211
  C:2A63H         LINE#         212
  C:2A6AH         LINE#         213
  -------         ENDPROC       SPL06_GET_MEASURE_STATUS
  -------         PROC          _SPL06_SET_MEASURE_MODE
  D:0007H         SYMBOL        mode
  C:29F7H         LINE#         215
  C:29F7H         LINE#         216
  C:29F7H         LINE#         217
BL51 BANKED LINKER/LOCATER V6.22                                                      08/04/2025  19:51:53  PAGE 20


  -------         ENDPROC       _SPL06_SET_MEASURE_MODE
  -------         PROC          SPL06_START_TEMPERATURE
  C:2A00H         LINE#         220
  C:2A00H         LINE#         221
  C:2A00H         LINE#         222
  -------         ENDPROC       SPL06_START_TEMPERATURE
  -------         PROC          SPL06_START_PRESSURE
  C:2A09H         LINE#         225
  C:2A09H         LINE#         226
  C:2A09H         LINE#         227
  -------         ENDPROC       SPL06_START_PRESSURE
  -------         PROC          SPL06_ENTER_STANDBY
  C:2A12H         LINE#         230
  C:2A12H         LINE#         231
  C:2A12H         LINE#         232
  -------         ENDPROC       SPL06_ENTER_STANDBY
  -------         PROC          _SPL06_SET_INTERRUPT
  X:0109H         SYMBOL        interrupt1
  X:010AH         SYMBOL        type
  -------         DO            
  D:0007H         SYMBOL        data0
  -------         ENDDO         
  C:27D0H         LINE#         252
  C:27D7H         LINE#         253
  C:27D7H         LINE#         255
  C:27DAH         LINE#         256
  C:27E5H         LINE#         257
  C:27EBH         LINE#         259
  C:27EEH         LINE#         260
  -------         ENDPROC       _SPL06_SET_INTERRUPT
  -------         PROC          _SPL06_SET_SPI_WIRE
  X:0118H         SYMBOL        wire
  -------         DO            
  D:0007H         SYMBOL        data0
  -------         ENDDO         
  C:2955H         LINE#         263
  C:2958H         LINE#         264
  C:2958H         LINE#         266
  C:295BH         LINE#         267
  C:295FH         LINE#         268
  C:2964H         LINE#         269
  -------         ENDPROC       _SPL06_SET_SPI_WIRE
  -------         PROC          _SPL06_SET_INTRUPT_LEVEL
  X:0119H         SYMBOL        level
  -------         DO            
  D:0007H         SYMBOL        data0
  -------         ENDDO         
  C:2881H         LINE#         272
  C:2884H         LINE#         273
  C:2884H         LINE#         275
  C:2887H         LINE#         276
  C:288BH         LINE#         277
  C:2897H         LINE#         278
  -------         ENDPROC       _SPL06_SET_INTRUPT_LEVEL
  -------         PROC          SPL06_GET_INT_STATUS
  C:2A6BH         LINE#         291
  C:2A6BH         LINE#         292
BL51 BANKED LINKER/LOCATER V6.22                                                      08/04/2025  19:51:53  PAGE 21


  C:2A6BH         LINE#         293
  C:2A72H         LINE#         294
  -------         ENDPROC       SPL06_GET_INT_STATUS
  -------         PROC          SPL06_GET_FIFO_STATUS
  C:2A73H         LINE#         304
  C:2A73H         LINE#         305
  C:2A73H         LINE#         306
  C:2A7AH         LINE#         307
  -------         ENDPROC       SPL06_GET_FIFO_STATUS
  -------         PROC          SPL06_SOFT_RESET
  C:2A1BH         LINE#         317
  C:2A1BH         LINE#         318
  C:2A1BH         LINE#         319
  -------         ENDPROC       SPL06_SOFT_RESET
  -------         PROC          SPL06_RESET_FIFO
  C:2A24H         LINE#         321
  C:2A24H         LINE#         322
  C:2A24H         LINE#         323
  -------         ENDPROC       SPL06_RESET_FIFO
  -------         PROC          SPL06_GET_CHIP_ID
  C:2A7BH         LINE#         332
  C:2A7BH         LINE#         333
  C:2A7BH         LINE#         334
  C:2A82H         LINE#         335
  -------         ENDPROC       SPL06_GET_CHIP_ID
  -------         PROC          SPL0601_GET_CALIB_PARAM
  -------         DO            
  X:00D0H         SYMBOL        h
  X:00D4H         SYMBOL        m
  X:00D8H         SYMBOL        l
  -------         ENDDO         
  C:0C13H         LINE#         343
  C:0C13H         LINE#         344
  C:0C13H         LINE#         348
  C:0C24H         LINE#         349
  C:0C35H         LINE#         350
  C:0C81H         LINE#         351
  C:0CA0H         LINE#         352
  C:0CB1H         LINE#         353
  C:0CC2H         LINE#         354
  C:0CE9H         LINE#         355
  C:0D08H         LINE#         356
  C:0D19H         LINE#         357
  C:0D2AH         LINE#         358
  C:0D3BH         LINE#         359
  C:0DB2H         LINE#         360
  C:0DE5H         LINE#         361
  C:0DF6H         LINE#         362
  C:0E07H         LINE#         363
  C:0E18H         LINE#         364
  C:0E78H         LINE#         365
  C:0EABH         LINE#         366
  C:0EBCH         LINE#         367
  C:0ECDH         LINE#         368
  C:0EF0H         LINE#         369
  C:0F01H         LINE#         370
  C:0F12H         LINE#         371
BL51 BANKED LINKER/LOCATER V6.22                                                      08/04/2025  19:51:53  PAGE 22


  C:0F35H         LINE#         372
  C:0F46H         LINE#         373
  C:0F57H         LINE#         374
  C:0F7AH         LINE#         375
  C:0F8BH         LINE#         376
  C:0F9CH         LINE#         377
  C:0FBFH         LINE#         378
  C:0FD0H         LINE#         379
  C:0FE1H         LINE#         380
  C:0FFEH         LINE#         381
  -------         ENDPROC       SPL0601_GET_CALIB_PARAM
  -------         PROC          SPL0601_INIT
  -------         DO            
  X:011AH         SYMBOL        spl06_start_status
  -------         ENDDO         
  C:259EH         LINE#         388
  C:259EH         LINE#         389
  C:259EH         LINE#         401
  C:259EH         LINE#         402
  C:25A6H         LINE#         405
  C:25A6H         LINE#         406
  C:25A9H         LINE#         408
  C:25ACH         LINE#         411
  C:25B4H         LINE#         412
  C:25B7H         LINE#         414
  C:25BFH         LINE#         416
  C:25C5H         LINE#         417
  C:25C8H         LINE#         419
  C:25CFH         LINE#         421
  C:25D8H         LINE#         423
  C:25DDH         LINE#         424
  C:25DFH         LINE#         425
  -------         ENDPROC       SPL0601_INIT
  -------         PROC          SPL0601_GET_RAW_TEMP
  -------         DO            
  X:00FDH         SYMBOL        h
  -------         ENDDO         
  C:1ACDH         LINE#         434
  C:1ACDH         LINE#         435
  C:1ACDH         LINE#         436
  C:1AE0H         LINE#         438
  C:1AECH         LINE#         439
  C:1AF8H         LINE#         440
  C:1B04H         LINE#         442
  C:1B50H         LINE#         443
  -------         ENDPROC       SPL0601_GET_RAW_TEMP
  -------         PROC          SPL0601_GET_RAW_PRESSURE
  -------         DO            
  X:0100H         SYMBOL        h
  -------         ENDDO         
  C:1D7AH         LINE#         454
  C:1D7AH         LINE#         455
  C:1D7AH         LINE#         458
  C:1D86H         LINE#         459
  C:1D92H         LINE#         460
  C:1D9EH         LINE#         462
  C:1DEAH         LINE#         463
BL51 BANKED LINKER/LOCATER V6.22                                                      08/04/2025  19:51:53  PAGE 23


  -------         ENDPROC       SPL0601_GET_RAW_PRESSURE
  -------         PROC          SPL0601_GET_TEMPERATURE
  -------         DO            
  D:0004H         SYMBOL        fTCompensate
  X:00F2H         SYMBOL        fTsc
  -------         ENDDO         
  C:2066H         LINE#         473
  C:2066H         LINE#         474
  C:2066H         LINE#         477
  C:2068H         LINE#         478
  C:20A5H         LINE#         479
  C:20EAH         LINE#         480
  C:20ECH         LINE#         481
  C:20ECH         LINE#         482
  -------         ENDPROC       SPL0601_GET_TEMPERATURE
  -------         PROC          SPL0601_GET_PRESSURE
  -------         DO            
  X:00C0H         SYMBOL        fTsc
  X:00C4H         SYMBOL        fPsc
  X:00C8H         SYMBOL        qua2
  X:00CCH         SYMBOL        qua3
  D:0004H         SYMBOL        fPCompensate
  -------         ENDDO         
  C:1216H         LINE#         490
  C:1216H         LINE#         491
  C:1216H         LINE#         496
  C:1253H         LINE#         497
  C:1290H         LINE#         498
  C:1308H         LINE#         499
  C:137CH         LINE#         502
  C:1401H         LINE#         504
  C:1401H         LINE#         505
  -------         ENDPROC       SPL0601_GET_PRESSURE
  -------         PROC          USER_SPL0601_GET_TEMPERATURE
  C:2AB9H         LINE#         515
  C:2AB9H         LINE#         516
  C:2AB9H         LINE#         518
  C:2ABCH         LINE#         519
  C:2ABFH         LINE#         520
  -------         ENDPROC       USER_SPL0601_GET_TEMPERATURE
  -------         PROC          USER_SPL0601_GET_PRESURE
  C:2AC0H         LINE#         527
  C:2AC0H         LINE#         528
  C:2AC0H         LINE#         529
  C:2AC3H         LINE#         530
  C:2AC6H         LINE#         531
  -------         ENDPROC       USER_SPL0601_GET_PRESURE
  -------         ENDMOD        SPL06_001

  -------         MODULE        ADC
  C:0000H         SYMBOL        _ICE_DUMMY_
  D:0093H         PUBLIC        P0M1
  D:0080H         PUBLIC        P0
  D:0090H         PUBLIC        P1
  D:00A0H         PUBLIC        P2
  D:00B0H         PUBLIC        P3
  D:00C0H         PUBLIC        P4
BL51 BANKED LINKER/LOCATER V6.22                                                      08/04/2025  19:51:53  PAGE 24


  D:00C8H         PUBLIC        P5
  D:00BAH         PUBLIC        P_SW2
  D:00A8H         PUBLIC        IE
  D:00BDH         PUBLIC        ADC_RES
  D:00B8H         PUBLIC        IP
  D:00DEH         PUBLIC        ADCCFG
  D:00BCH         PUBLIC        ADC_CONTR
  D:0098H         PUBLIC        SCON
  D:0088H         PUBLIC        TCON
  C:0026H         PUBLIC        ADC_Init
  D:00BEH         PUBLIC        ADC_RESL
  C:2753H         PUBLIC        _Get_ADC10bitResult
  D:00D0H         PUBLIC        PSW
  C:2AC7H         PUBLIC        ADC_IO_Config
  D:0094H         PUBLIC        P0M0
  -------         PROC          ADC_IO_CONFIG
  C:2AC7H         LINE#         9
  C:2AC7H         LINE#         10
  C:2AC7H         LINE#         11
  C:2ACDH         LINE#         12
  -------         ENDPROC       ADC_IO_CONFIG
  -------         PROC          ADC_INIT
  C:0026H         LINE#         20
  C:0026H         LINE#         21
  C:0026H         LINE#         22
  C:0029H         LINE#         27
  C:002FH         LINE#         28
  C:0032H         LINE#         31
  C:0035H         LINE#         32
  C:0038H         LINE#         33
  C:003BH         LINE#         34
  C:003DH         LINE#         35
  -------         ENDPROC       ADC_INIT
  -------         PROC          _GET_ADC10BITRESULT
  X:011BH         SYMBOL        ch
  C:2753H         LINE#         44
  C:2758H         LINE#         45
  C:2758H         LINE#         46
  C:275BH         LINE#         47
  C:2762H         LINE#         48
  C:2768H         LINE#         49
  C:2769H         LINE#         50
  C:276AH         LINE#         51
  C:276BH         LINE#         52
  C:276CH         LINE#         53
  C:2771H         LINE#         54
  C:2774H         LINE#         55
  C:277CH         LINE#         56
  -------         ENDPROC       _GET_ADC10BITRESULT
  -------         ENDMOD        ADC

  -------         MODULE        TIMER2
  C:0000H         SYMBOL        _ICE_DUMMY_
  D:0080H         PUBLIC        P0
  D:0090H         PUBLIC        P1
  D:00A0H         PUBLIC        P2
  D:00B0H         PUBLIC        P3
BL51 BANKED LINKER/LOCATER V6.22                                                      08/04/2025  19:51:53  PAGE 25


  D:00C0H         PUBLIC        P4
  D:00C8H         PUBLIC        P5
  D:00A8H         PUBLIC        IE
  D:008FH         PUBLIC        INTCLKO
  D:00B8H         PUBLIC        IP
  X:010DH         PUBLIC        T2_cnt
  D:0098H         PUBLIC        SCON
  D:0088H         PUBLIC        TCON
  D:00AFH         PUBLIC        IE2
  D:008EH         PUBLIC        AUXR
  D:00D6H         PUBLIC        T2H
  D:00D7H         PUBLIC        T2L
  C:16F4H         PUBLIC        _Timer2_Config
  D:00D0H         PUBLIC        PSW
  -------         PROC          _TIMER2_CONFIG
  D:0007H         SYMBOL        mode
  X:010BH         SYMBOL        time
  C:16F4H         LINE#         16
  C:16FCH         LINE#         17
  C:16FCH         LINE#         18
  C:1707H         LINE#         19
  C:1707H         LINE#         20
  C:1707H         LINE#         21
  C:1707H         LINE#         22
  C:170AH         LINE#         23
  C:1739H         LINE#         24
  C:174CH         LINE#         25
  C:174CH         LINE#         26
  C:174EH         LINE#         27
  C:174EH         LINE#         28
  C:174EH         LINE#         29
  C:1751H         LINE#         30
  C:1789H         LINE#         31
  C:17C3H         LINE#         32
  C:17C3H         LINE#         33
  C:17C3H         LINE#         35
  C:17C6H         LINE#         37
  C:17C9H         LINE#         38
  C:17CCH         LINE#         39
  -------         ENDPROC       _TIMER2_CONFIG
  -------         ENDMOD        TIMER2

  -------         MODULE        DIGITAL_CUBE
  C:0000H         SYMBOL        _ICE_DUMMY_
  D:0093H         PUBLIC        P0M1
  D:0096H         PUBLIC        P2M0
  D:0080H         PUBLIC        P0
  D:00B2H         PUBLIC        P3M0
  D:0095H         PUBLIC        P2M1
  D:0090H         PUBLIC        P1
  D:00B1H         PUBLIC        P3M1
  D:00A0H         PUBLIC        P2
  D:00B0H         PUBLIC        P3
  D:00C0H         PUBLIC        P4
  D:00C8H         PUBLIC        P5
  C:281DH         PUBLIC        _digital_cube_ShowOne
  D:00A8H         PUBLIC        IE
BL51 BANKED LINKER/LOCATER V6.22                                                      08/04/2025  19:51:53  PAGE 26


  D:00B8H         PUBLIC        IP
  X:00F7H         PUBLIC        display_buf
  C:2840H         PUBLIC        Digital_Tube_flash
  B:0080H.1       PUBLIC        P01
  B:00A0H.0       PUBLIC        P20
  B:00A0H.1       PUBLIC        P21
  D:0098H         PUBLIC        SCON
  B:00A0H.3       PUBLIC        P23
  D:0088H         PUBLIC        TCON
  B:00A0H.4       PUBLIC        P24
  B:00A0H.5       PUBLIC        P25
  B:00B0H.5       PUBLIC        P35
  B:00A0H.6       PUBLIC        P26
  C:277DH         PUBLIC        _Digital_Tube_Show
  B:00B0H.6       PUBLIC        P36
  B:00A0H.7       PUBLIC        P27
  B:00B0H.7       PUBLIC        P37
  C:225EH         PUBLIC        _Digital_Tube_ShowNum
  D:00D0H         PUBLIC        PSW
  C:293DH         PUBLIC        data_
  C:23D4H         PUBLIC        digital_cube_init
  D:0094H         PUBLIC        P0M0
  -------         PROC          DIGITAL_CUBE_INIT
  C:23D4H         LINE#         33
  C:23D4H         LINE#         34
  C:23D4H         LINE#         38
  C:23D7H         LINE#         39
  C:23DAH         LINE#         40
  C:23DCH         LINE#         43
  C:23DFH         LINE#         44
  C:23E2H         LINE#         45
  C:23E4H         LINE#         48
  C:23E7H         LINE#         49
  C:23EAH         LINE#         50
  C:23ECH         LINE#         53
  C:23EFH         LINE#         54
  C:23F2H         LINE#         55
  C:23F4H         LINE#         58
  C:23F7H         LINE#         59
  C:23FAH         LINE#         60
  C:23FCH         LINE#         63
  C:23FFH         LINE#         64
  C:2402H         LINE#         65
  C:2404H         LINE#         68
  C:2407H         LINE#         69
  C:240AH         LINE#         70
  C:240CH         LINE#         73
  C:240FH         LINE#         74
  C:2412H         LINE#         75
  C:2414H         LINE#         78
  C:2417H         LINE#         79
  C:241AH         LINE#         80
  C:241CH         LINE#         83
  C:241FH         LINE#         84
  C:2422H         LINE#         85
  C:2424H         LINE#         87
  C:2426H         LINE#         89
BL51 BANKED LINKER/LOCATER V6.22                                                      08/04/2025  19:51:53  PAGE 27


  -------         ENDPROC       DIGITAL_CUBE_INIT
  -------         PROC          _DIGITAL_CUBE_SHOWONE
  D:0007H         SYMBOL        num
  C:281DH         LINE#         91
  C:281DH         LINE#         92
  C:281DH         LINE#         94
  C:2826H         LINE#         95
  C:282BH         LINE#         96
  C:282FH         LINE#         97
  C:2833H         LINE#         98
  C:2837H         LINE#         99
  C:283BH         LINE#         100
  C:283FH         LINE#         101
  -------         ENDPROC       _DIGITAL_CUBE_SHOWONE
  -------         PROC          _DIGITAL_TUBE_SHOW
  D:0007H         SYMBOL        num
  D:0005H         SYMBOL        loc
  C:277DH         LINE#         104
  C:277DH         LINE#         105
  C:277DH         LINE#         107
  C:277FH         LINE#         108
  C:2781H         LINE#         109
  C:2783H         LINE#         110
  C:278EH         LINE#         111
  C:278EH         LINE#         112
  C:278EH         LINE#         113
  C:2790H         LINE#         114
  C:2792H         LINE#         115
  C:2794H         LINE#         116
  C:2796H         LINE#         117
  C:2796H         LINE#         118
  C:2798H         LINE#         119
  C:279AH         LINE#         120
  C:279CH         LINE#         121
  C:279EH         LINE#         122
  C:279EH         LINE#         123
  C:27A0H         LINE#         124
  C:27A2H         LINE#         125
  C:27A4H         LINE#         126
  C:27A4H         LINE#         128
  C:27A4H         LINE#         129
  C:27A4H         LINE#         130
  C:27A4H         LINE#         131
  -------         ENDPROC       _DIGITAL_TUBE_SHOW
  -------         PROC          _DIGITAL_TUBE_SHOWNUM
  D:0002H         SYMBOL        num
  C:225EH         LINE#         134
  C:2262H         LINE#         135
  C:2262H         LINE#         136
  C:226AH         LINE#         137
  C:2276H         LINE#         138
  C:228BH         LINE#         139
  C:2293H         LINE#         140
  C:2295H         LINE#         141
  C:2295H         LINE#         142
  C:229BH         LINE#         143
  C:22ACH         LINE#         144
BL51 BANKED LINKER/LOCATER V6.22                                                      08/04/2025  19:51:53  PAGE 28


  C:22BDH         LINE#         145
  C:22BDH         LINE#         147
  -------         ENDPROC       _DIGITAL_TUBE_SHOWNUM
  -------         PROC          DIGITAL_TUBE_FLASH
  -------         DO            
  X:00F6H         SYMBOL        p
  -------         ENDDO         
  C:2840H         LINE#         150
  C:2840H         LINE#         151
  C:2840H         LINE#         154
  C:2853H         LINE#         155
  C:2859H         LINE#         156
  C:285FH         LINE#         157
  C:2861H         LINE#         159
  -------         ENDPROC       DIGITAL_TUBE_FLASH
  -------         ENDMOD        DIGITAL_CUBE

  -------         MODULE        ADDR
  C:0000H         SYMBOL        _ICE_DUMMY_
  D:0080H         PUBLIC        P0
  D:0090H         PUBLIC        P1
  D:00A0H         PUBLIC        P2
  D:00B0H         PUBLIC        P3
  D:00C0H         PUBLIC        P4
  D:00C8H         PUBLIC        P5
  D:00A8H         PUBLIC        IE
  D:00B8H         PUBLIC        IP
  C:231EH         PUBLIC        addr_read
  B:0080H.2       PUBLIC        P02
  B:0090H.2       PUBLIC        P12
  B:0080H.3       PUBLIC        P03
  C:289FH         PUBLIC        addr_init
  D:0098H         PUBLIC        SCON
  B:0090H.3       PUBLIC        P13
  B:0090H.4       PUBLIC        P14
  D:0088H         PUBLIC        TCON
  B:0090H.5       PUBLIC        P15
  D:00D0H         PUBLIC        PSW
  -------         PROC          ADDR_INIT
  C:289FH         LINE#         2
  C:289FH         LINE#         3
  C:289FH         LINE#         6
  C:28A6H         LINE#         7
  C:28AAH         LINE#         8
  C:28AFH         LINE#         9
  C:28B3H         LINE#         10
  C:28B7H         LINE#         11
  C:28BBH         LINE#         12
  -------         ENDPROC       ADDR_INIT
  -------         PROC          ADDR_READ
  -------         DO            
  D:0007H         SYMBOL        addr
  -------         ENDDO         
  C:231EH         LINE#         15
  C:231EH         LINE#         16
  C:231EH         LINE#         17
  C:2320H         LINE#         18
BL51 BANKED LINKER/LOCATER V6.22                                                      08/04/2025  19:51:53  PAGE 29


  C:2330H         LINE#         19
  C:233FH         LINE#         20
  C:2350H         LINE#         21
  C:2360H         LINE#         22
  C:236EH         LINE#         23
  C:237AH         LINE#         24
  C:237AH         LINE#         25
  -------         ENDPROC       ADDR_READ
  -------         ENDMOD        ADDR

  -------         MODULE        UART2
  C:0000H         SYMBOL        _ICE_DUMMY_
  C:26F8H         PUBLIC        _UART2_sendArray
  D:0080H         PUBLIC        P0
  D:0090H         PUBLIC        P1
  D:00A0H         PUBLIC        P2
  D:00B0H         PUBLIC        P3
  D:00C0H         PUBLIC        P4
  D:00C8H         PUBLIC        P5
  B:0020H.1       PUBLIC        B_TX2_Busy
  D:00BAH         PUBLIC        P_SW2
  D:00A8H         PUBLIC        IE
  D:00B6H         PUBLIC        IP2H
  D:00B8H         PUBLIC        IP
  I:0061H         PUBLIC        RX2_Buffer
  D:0098H         PUBLIC        SCON
  D:0088H         PUBLIC        TCON
  C:2982H         PUBLIC        _PrintString2
  D:00AFH         PUBLIC        IE2
  D:008EH         PUBLIC        AUXR
  C:1CD8H         PUBLIC        _UART2_config
  D:00B5H         PUBLIC        IP2
  D:00D6H         PUBLIC        T2H
  D:00D7H         PUBLIC        T2L
  C:2A83H         PUBLIC        _TX2_data
  X:010FH         PUBLIC        RX2_Cnt
  D:009BH         PUBLIC        S2BUF
  X:0110H         PUBLIC        TX2_Cnt
  D:009AH         PUBLIC        S2CON
  D:00D0H         PUBLIC        PSW
  -------         PROC          _TX2_DATA
  D:0007H         SYMBOL        tx2dat
  C:2A83H         LINE#         15
  C:2A83H         LINE#         16
  C:2A83H         LINE#         17
  C:2A85H         LINE#         18
  C:2A87H         LINE#         19
  C:2A8AH         LINE#         20
  -------         ENDPROC       _TX2_DATA
  -------         PROC          _PRINTSTRING2
  D:0001H         SYMBOL        puts
  C:2982H         LINE#         29
  C:2982H         LINE#         30
  C:2982H         LINE#         31
  C:2988H         LINE#         32
  C:2988H         LINE#         33
  C:298BH         LINE#         34
BL51 BANKED LINKER/LOCATER V6.22                                                      08/04/2025  19:51:53  PAGE 30


  C:2994H         LINE#         35
  -------         ENDPROC       _PRINTSTRING2
  -------         PROC          _UART2_CONFIG
  X:00A2H         SYMBOL        UART_IOSEL
  X:00A3H         SYMBOL        FOSC
  X:00A7H         SYMBOL        BAUD2
  C:1CD8H         LINE#         45
  C:1CDDH         LINE#         46
  C:1CDDH         LINE#         47
  C:1CE0H         LINE#         48
  C:1CE3H         LINE#         49
  C:1CE6H         LINE#         50
  C:1D25H         LINE#         51
  C:1D53H         LINE#         52
  C:1D56H         LINE#         53
  C:1D59H         LINE#         54
  C:1D5CH         LINE#         56
  C:1D5FH         LINE#         57
  C:1D62H         LINE#         59
  C:1D65H         LINE#         60
  C:1D68H         LINE#         61
  C:1D6EH         LINE#         62
  C:1D70H         LINE#         63
  C:1D75H         LINE#         64
  C:1D79H         LINE#         65
  -------         ENDPROC       _UART2_CONFIG
  -------         PROC          _UART2_SENDARRAY
  D:0006H         SYMBOL        count
  X:0091H         SYMBOL        p
  -------         DO            
  D:0005H         SYMBOL        i
  -------         ENDDO         
  C:26F8H         LINE#         68
  C:2705H         LINE#         69
  C:2705H         LINE#         70
  C:2707H         LINE#         71
  C:270CH         LINE#         72
  C:2723H         LINE#         73
  C:2726H         LINE#         74
  -------         ENDPROC       _UART2_SENDARRAY
  -------         ENDMOD        UART2

  -------         MODULE        MODEBUSRTU
  C:0000H         SYMBOL        _ICE_DUMMY_
  D:0080H         PUBLIC        P0
  D:0090H         PUBLIC        P1
  D:00A0H         PUBLIC        P2
  D:00B0H         PUBLIC        P3
  D:00C0H         PUBLIC        P4
  D:00C8H         PUBLIC        P5
  B:00A8H.7       PUBLIC        EA
  C:1EB8H         PUBLIC        _ModBus_CRC
  D:00A8H         PUBLIC        IE
  X:0000H         PUBLIC        Time
  X:0004H         PUBLIC        pRxPacket
  C:296CH         PUBLIC        ModBus_Clear
  D:00B8H         PUBLIC        IP
BL51 BANKED LINKER/LOCATER V6.22                                                      08/04/2025  19:51:53  PAGE 31


  X:0005H         PUBLIC        ModBusSendBuf_len
  B:0098H.0       PUBLIC        RI
  C:22BEH         PUBLIC        UART1_int
  C:21F7H         PUBLIC        UART2_int
  B:0098H.1       PUBLIC        TI
  C:28F1H         PUBLIC        ModBus_handle
  X:0006H         PUBLIC        Reg
  D:0099H         PUBLIC        SBUF
  D:0098H         PUBLIC        SCON
  D:0088H         PUBLIC        TCON
  C:1402H         PUBLIC        ModBus_Send
  X:0012H         PUBLIC        cnt
  X:0013H         PUBLIC        uart_send_flag
  X:0014H         PUBLIC        RxState
  X:0015H         PUBLIC        Res_cnt
  X:0016H         PUBLIC        ModbusReceiveBuf
  C:27A7H         PUBLIC        ModBus_write
  D:009BH         PUBLIC        S2BUF
  D:009AH         PUBLIC        S2CON
  C:2478H         PUBLIC        ModBus_ReadOneByte
  X:002AH         PUBLIC        address
  X:002BH         PUBLIC        ModBusSendBuf
  D:00D0H         PUBLIC        PSW
  -------         PROC          _MODBUS_CRC
  D:0001H         SYMBOL        addr
  X:009AH         SYMBOL        num
  -------         DO            
  X:009BH         SYMBOL        i
  D:0004H         SYMBOL        j
  X:009DH         SYMBOL        temp
  X:009FH         SYMBOL        crc
  -------         ENDDO         
  C:1EB8H         LINE#         23
  C:1EBDH         LINE#         24
  C:1EBDH         LINE#         28
  C:1EC5H         LINE#         29
  C:1EC7H         LINE#         30
  C:1EE5H         LINE#         31
  C:1EF2H         LINE#         32
  C:1EF5H         LINE#         33
  C:1EF5H         LINE#         34
  C:1F04H         LINE#         35
  C:1F0DH         LINE#         36
  C:1F17H         LINE#         37
  C:1F23H         LINE#         38
  C:1F23H         LINE#         39
  C:1F2EH         LINE#         40
  C:1F35H         LINE#         41
  C:1F45H         LINE#         42
  C:1F47H         LINE#         43
  C:1F4FH         LINE#         44
  -------         ENDPROC       _MODBUS_CRC
  -------         PROC          MODBUS_SEND
  -------         DO            
  X:0093H         SYMBOL        i
  D:0005H         SYMBOL        j
  X:0094H         SYMBOL        Reg_address
BL51 BANKED LINKER/LOCATER V6.22                                                      08/04/2025  19:51:53  PAGE 32


  X:0096H         SYMBOL        Reg_len
  X:0098H         SYMBOL        crc
  -------         ENDDO         
  C:1402H         LINE#         47
  C:1402H         LINE#         48
  C:1402H         LINE#         49
  C:1407H         LINE#         50
  C:1419H         LINE#         51
  C:142BH         LINE#         52
  C:1430H         LINE#         53
  C:1448H         LINE#         54
  C:145CH         LINE#         55
  C:1476H         LINE#         56
  C:1488H         LINE#         57
  C:14BBH         LINE#         58
  C:14DBH         LINE#         59
  C:14DEH         LINE#         60
  C:14F4H         LINE#         61
  C:150FH         LINE#         62
  C:1524H         LINE#         63
  C:152CH         LINE#         64
  C:1532H         LINE#         69
  -------         ENDPROC       MODBUS_SEND
  -------         PROC          MODBUS_WRITE
  -------         DO            
  D:0004H         SYMBOL        Reg_address
  D:0006H         SYMBOL        receive_data
  -------         ENDDO         
  C:27A7H         LINE#         72
  C:27A7H         LINE#         73
  C:27A7H         LINE#         74
  C:27B1H         LINE#         75
  C:27B7H         LINE#         76
  C:27CFH         LINE#         77
  -------         ENDPROC       MODBUS_WRITE
  -------         PROC          MODBUS_CLEAR
  C:296CH         LINE#         83
  C:296CH         LINE#         84
  C:296CH         LINE#         85
  C:2971H         LINE#         86
  C:2975H         LINE#         87
  -------         ENDPROC       MODBUS_CLEAR
  -------         PROC          MODBUS_READONEBYTE
  -------         DO            
  X:0091H         SYMBOL        CRC_H
  X:0092H         SYMBOL        CRC_L
  -------         ENDDO         
  C:2478H         LINE#         90
  C:2478H         LINE#         91
  C:2478H         LINE#         92
  C:247FH         LINE#         93
  C:2499H         LINE#         95
  C:24BAH         LINE#         96
  C:24BDH         LINE#         97
  C:24C2H         LINE#         98
  C:24C2H         LINE#         99
  C:24C2H         LINE#         101
BL51 BANKED LINKER/LOCATER V6.22                                                      08/04/2025  19:51:53  PAGE 33


  C:24C7H         LINE#         103
  -------         ENDPROC       MODBUS_READONEBYTE
  -------         PROC          MODBUS_HANDLE
  C:28F1H         LINE#         105
  C:28F1H         LINE#         106
  C:28F1H         LINE#         108
  C:28FDH         LINE#         109
  C:28FDH         LINE#         110
  C:28FDH         LINE#         111
[...]
  C:16E4H         LINE#         34
  C:16E4H         LINE#         35
  C:16E7H         LINE#         36
  C:16E9H         LINE#         37
  C:16EBH         LINE#         38
  C:16EDH         LINE#         39
  C:16F0H         LINE#         40
  C:16F3H         LINE#         41
  -------         ENDPROC       _TIMER0_CONFIG
  -------         ENDMOD        TIMER0

BL51 BANKED LINKER/LOCATER V6.22                                                      08/04/2025  19:51:53  PAGE 35


  -------         MODULE        SPL07_003
  C:0000H         SYMBOL        _ICE_DUMMY_
  D:0080H         PUBLIC        P0
  D:0090H         PUBLIC        P1
  C:195BH         PUBLIC        _spl07_pressure_rate_config
  D:00A0H         PUBLIC        P2
  D:00B0H         PUBLIC        P3
  C:1B7FH         PUBLIC        spl0703_get_raw_temp
  D:00C0H         PUBLIC        P4
  D:00C8H         PUBLIC        P5
  B:00A8H.7       PUBLIC        EA
  X:003FH         SYMBOL        spl07_calib_param
  D:00A8H         PUBLIC        IE
  C:2AA3H         PUBLIC        spl07_get_chip_id
  C:2A93H         PUBLIC        spl07_get_int_status
  C:078AH         PUBLIC        spl0703_get_calib_param
  C:2A48H         PUBLIC        spl07_enter_standby
  D:00B8H         PUBLIC        IP
  C:28C3H         PUBLIC        _spl0703_read
  C:0FFFH         PUBLIC        spl0703_get_pressure
  C:2A3FH         PUBLIC        spl07_start_pressure
  C:25E0H         PUBLIC        spl0701_init
  D:0098H         PUBLIC        SCON
  D:0088H         PUBLIC        TCON
  X:0059H         PUBLIC        spl07
  C:17CDH         PUBLIC        _spl07_temperature_rate_config
  C:2A8BH         PUBLIC        spl07_get_measure_status
  C:2AE2H         SYMBOL        _?ix1000
  C:2A5AH         PUBLIC        spl07_reset_fifo
  C:2A2DH         PUBLIC        _spl07_set_measure_mode
  C:1E19H         PUBLIC        spl0703_get_raw_pressure
  C:2AD5H         PUBLIC        user_spl0703_get_presure
  C:20EDH         PUBLIC        spl0703_get_temperature
  C:2A51H         PUBLIC        spl07_soft_reset
  C:2A36H         PUBLIC        spl07_start_temperature
  C:2A9BH         PUBLIC        spl07_get_fifo_status
  C:2ACEH         PUBLIC        user_spl0703_get_temperature
  D:00D0H         PUBLIC        PSW
  -------         PROC          L?0067
  -------         ENDPROC       L?0067
  -------         PROC          _SPL0703_READ
  D:0007H         SYMBOL        hwadr
  D:0005H         SYMBOL        regadr
  -------         DO            
  X:00A5H         SYMBOL        reg_data
  -------         ENDDO         
  C:28C3H         LINE#         63
  C:28C3H         LINE#         64
  C:28C3H         LINE#         65
  C:28C8H         LINE#         68
  C:28D1H         LINE#         69
  C:28D6H         LINE#         70
  -------         ENDPROC       _SPL0703_READ
  -------         PROC          _SPL07_PRESSURE_RATE_CONFIG
  D:0007H         SYMBOL        background_rate
  X:0113H         SYMBOL        oversamply
  -------         DO            
BL51 BANKED LINKER/LOCATER V6.22                                                      08/04/2025  19:51:53  PAGE 36


  X:0114H         SYMBOL        data0
  D:0007H         SYMBOL        data1
  -------         ENDDO         
  C:195BH         LINE#         88
  C:1960H         LINE#         89
  C:1960H         LINE#         92
  C:1967H         LINE#         93
  C:196DH         LINE#         94
  C:196DH         LINE#         95
  C:1974H         LINE#         96
  C:1977H         LINE#         97
  C:197FH         LINE#         98
  C:197FH         LINE#         99
  C:19ACH         LINE#         100
  C:19ACH         LINE#         101
  C:19ACH         LINE#         102
  C:19B6H         LINE#         103
  C:19B8H         LINE#         104
  C:19B8H         LINE#         105
  C:19C2H         LINE#         106
  C:19C4H         LINE#         107
  C:19C4H         LINE#         108
  C:19CEH         LINE#         109
  C:19D0H         LINE#         110
  C:19D0H         LINE#         111
  C:19DAH         LINE#         112
  C:19DCH         LINE#         113
  C:19DCH         LINE#         114
  C:19E6H         LINE#         115
  C:19E8H         LINE#         116
  C:19E8H         LINE#         117
  C:19F2H         LINE#         118
  C:19F4H         LINE#         119
  C:19F4H         LINE#         120
  C:19FEH         LINE#         121
  C:1A00H         LINE#         122
  C:1A00H         LINE#         123
  C:1A00H         LINE#         124
  C:1A0AH         LINE#         125
  C:1A0AH         LINE#         126
  C:1A0AH         LINE#         127
  -------         ENDPROC       _SPL07_PRESSURE_RATE_CONFIG
  -------         PROC          _SPL07_TEMPERATURE_RATE_CONFIG
  D:0007H         SYMBOL        background_rate
  X:0115H         SYMBOL        oversamply
  D:0003H         SYMBOL        ext
  -------         DO            
  X:0116H         SYMBOL        data0
  D:0007H         SYMBOL        data1
  -------         ENDDO         
  C:17CDH         LINE#         140
  C:17D2H         LINE#         141
  C:17D2H         LINE#         144
  C:17E7H         LINE#         145
  C:17EDH         LINE#         146
  C:17EDH         LINE#         148
  C:17F4H         LINE#         149
BL51 BANKED LINKER/LOCATER V6.22                                                      08/04/2025  19:51:53  PAGE 37


  C:17F7H         LINE#         150
  C:17FFH         LINE#         151
  C:17FFH         LINE#         152
  C:182CH         LINE#         153
  C:182CH         LINE#         154
  C:182CH         LINE#         155
  C:1836H         LINE#         156
  C:1838H         LINE#         157
  C:1838H         LINE#         158
  C:1842H         LINE#         159
  C:1844H         LINE#         160
  C:1844H         LINE#         161
  C:184EH         LINE#         162
  C:1850H         LINE#         163
  C:1850H         LINE#         164
  C:185AH         LINE#         165
  C:185CH         LINE#         166
  C:185CH         LINE#         167
  C:1866H         LINE#         168
  C:1868H         LINE#         169
  C:1868H         LINE#         170
  C:1872H         LINE#         171
  C:1874H         LINE#         172
  C:1874H         LINE#         173
  C:187EH         LINE#         174
  C:1880H         LINE#         175
  C:1880H         LINE#         176
  C:1880H         LINE#         177
  C:188AH         LINE#         178
  C:188AH         LINE#         179
  C:188AH         LINE#         180
  -------         ENDPROC       _SPL07_TEMPERATURE_RATE_CONFIG
  -------         PROC          SPL07_GET_MEASURE_STATUS
  C:2A8BH         LINE#         195
  C:2A8BH         LINE#         196
  C:2A8BH         LINE#         197
  C:2A92H         LINE#         198
  -------         ENDPROC       SPL07_GET_MEASURE_STATUS
  -------         PROC          _SPL07_SET_MEASURE_MODE
  D:0007H         SYMBOL        mode
  C:2A2DH         LINE#         200
  C:2A2DH         LINE#         201
  C:2A2DH         LINE#         202
  -------         ENDPROC       _SPL07_SET_MEASURE_MODE
  -------         PROC          SPL07_START_TEMPERATURE
  C:2A36H         LINE#         205
  C:2A36H         LINE#         206
  C:2A36H         LINE#         207
  -------         ENDPROC       SPL07_START_TEMPERATURE
  -------         PROC          SPL07_START_PRESSURE
  C:2A3FH         LINE#         210
  C:2A3FH         LINE#         211
  C:2A3FH         LINE#         212
  -------         ENDPROC       SPL07_START_PRESSURE
  -------         PROC          SPL07_ENTER_STANDBY
  C:2A48H         LINE#         215
  C:2A48H         LINE#         216
BL51 BANKED LINKER/LOCATER V6.22                                                      08/04/2025  19:51:53  PAGE 38


  C:2A48H         LINE#         217
  -------         ENDPROC       SPL07_ENTER_STANDBY
  -------         PROC          SPL07_GET_INT_STATUS
  C:2A93H         LINE#         242
  C:2A93H         LINE#         243
  C:2A93H         LINE#         244
  C:2A9AH         LINE#         245
  -------         ENDPROC       SPL07_GET_INT_STATUS
  -------         PROC          SPL07_GET_FIFO_STATUS
  C:2A9BH         LINE#         255
  C:2A9BH         LINE#         256
  C:2A9BH         LINE#         257
  C:2AA2H         LINE#         258
  -------         ENDPROC       SPL07_GET_FIFO_STATUS
  -------         PROC          SPL07_SOFT_RESET
  C:2A51H         LINE#         269
  C:2A51H         LINE#         270
  C:2A51H         LINE#         271
  -------         ENDPROC       SPL07_SOFT_RESET
  -------         PROC          SPL07_RESET_FIFO
  C:2A5AH         LINE#         273
  C:2A5AH         LINE#         274
  C:2A5AH         LINE#         275
  -------         ENDPROC       SPL07_RESET_FIFO
  -------         PROC          SPL07_GET_CHIP_ID
  C:2AA3H         LINE#         279
  C:2AA3H         LINE#         280
  C:2AA3H         LINE#         281
  C:2AAAH         LINE#         282
  -------         ENDPROC       SPL07_GET_CHIP_ID
  -------         PROC          SPL0703_GET_CALIB_PARAM
  -------         DO            
  X:00DCH         SYMBOL        h
  X:00E0H         SYMBOL        m
  X:00E4H         SYMBOL        l
  -------         ENDDO         
  C:078AH         LINE#         284
  C:078AH         LINE#         285
  C:078AH         LINE#         289
  C:079BH         LINE#         290
  C:07ACH         LINE#         291
  C:07F0H         LINE#         292
  C:080FH         LINE#         293
  C:0820H         LINE#         294
  C:0831H         LINE#         295
  C:0858H         LINE#         296
  C:0877H         LINE#         297
  C:0888H         LINE#         298
  C:0896H         LINE#         299
  C:08A3H         LINE#         300
  C:091AH         LINE#         301
  C:094AH         LINE#         302
  C:0957H         LINE#         303
  C:0968H         LINE#         304
  C:0979H         LINE#         305
  C:09D9H         LINE#         306
  C:0A0CH         LINE#         307
BL51 BANKED LINKER/LOCATER V6.22                                                      08/04/2025  19:51:53  PAGE 39


  C:0A1DH         LINE#         308
  C:0A2EH         LINE#         309
  C:0A51H         LINE#         310
  C:0A62H         LINE#         311
  C:0A73H         LINE#         312
  C:0A96H         LINE#         313
  C:0AA7H         LINE#         314
  C:0AB8H         LINE#         315
  C:0ADBH         LINE#         316
  C:0AECH         LINE#         317
  C:0AFDH         LINE#         318
  C:0B20H         LINE#         319
  C:0B31H         LINE#         320
  C:0B42H         LINE#         321
  C:0B65H         LINE#         322
  C:0B76H         LINE#         323
  C:0B87H         LINE#         324
  C:0BD3H         LINE#         325
  C:0BE4H         LINE#         326
  C:0BF5H         LINE#         327
  C:0C12H         LINE#         328
  -------         ENDPROC       SPL0703_GET_CALIB_PARAM
  -------         PROC          SPL0701_INIT
  -------         DO            
  X:011CH         SYMBOL        spl07_start_status
  -------         ENDDO         
  C:25E0H         LINE#         336
  C:25E0H         LINE#         337
  C:25E0H         LINE#         349
  C:25E0H         LINE#         350
  C:25E8H         LINE#         353
  C:25E8H         LINE#         354
  C:25EBH         LINE#         356
  C:25EEH         LINE#         358
  C:25EEH         LINE#         359
  C:25F6H         LINE#         360
  C:25F9H         LINE#         362
  C:2601H         LINE#         364
  C:2607H         LINE#         365
  C:260AH         LINE#         367
  C:2611H         LINE#         369
  C:261AH         LINE#         371
  C:261FH         LINE#         372
  C:2621H         LINE#         373
  -------         ENDPROC       SPL0701_INIT
  -------         PROC          SPL0703_GET_RAW_TEMP
  -------         DO            
  X:00A2H         SYMBOL        h
  -------         ENDDO         
  C:1B7FH         LINE#         394
  C:1B7FH         LINE#         395
  C:1B7FH         LINE#         396
  C:1B92H         LINE#         398
  C:1B9EH         LINE#         399
  C:1BAAH         LINE#         400
  C:1BB6H         LINE#         402
  C:1C02H         LINE#         403
BL51 BANKED LINKER/LOCATER V6.22                                                      08/04/2025  19:51:53  PAGE 40


  -------         ENDPROC       SPL0703_GET_RAW_TEMP
  -------         PROC          SPL0703_GET_RAW_PRESSURE
  -------         DO            
  X:00A2H         SYMBOL        h
  -------         ENDDO         
  C:1E19H         LINE#         414
  C:1E19H         LINE#         415
  C:1E19H         LINE#         418
  C:1E25H         LINE#         419
  C:1E31H         LINE#         420
  C:1E3DH         LINE#         422
  C:1E89H         LINE#         423
  -------         ENDPROC       SPL0703_GET_RAW_PRESSURE
  -------         PROC          SPL0703_GET_TEMPERATURE
  -------         DO            
  D:0004H         SYMBOL        fTCompensate
  X:00A2H         SYMBOL        fTsc
  -------         ENDDO         
  C:20EDH         LINE#         433
  C:20EDH         LINE#         434
  C:20EDH         LINE#         437
  C:20EFH         LINE#         438
  C:212CH         LINE#         439
  C:2171H         LINE#         440
  C:2173H         LINE#         441
  C:2173H         LINE#         442
  -------         ENDPROC       SPL0703_GET_TEMPERATURE
  -------         PROC          SPL0703_GET_PRESSURE
  -------         DO            
  X:00A2H         SYMBOL        fTsc
  X:00A6H         SYMBOL        fPsc
  X:00AAH         SYMBOL        qua2
  D:0004H         SYMBOL        qua3
  D:0004H         SYMBOL        fPCompensate
  -------         ENDDO         
  C:0FFFH         LINE#         450
  C:0FFFH         LINE#         451
  C:0FFFH         LINE#         456
  C:103CH         LINE#         457
  C:1079H         LINE#         458
  C:1157H         LINE#         459
  C:1204H         LINE#         462
  C:1215H         LINE#         464
  C:1215H         LINE#         465
  -------         ENDPROC       SPL0703_GET_PRESSURE
  -------         PROC          USER_SPL0703_GET_TEMPERATURE
  C:2ACEH         LINE#         473
  C:2ACEH         LINE#         474
  C:2ACEH         LINE#         476
  C:2AD1H         LINE#         477
  C:2AD4H         LINE#         478
  -------         ENDPROC       USER_SPL0703_GET_TEMPERATURE
  -------         PROC          USER_SPL0703_GET_PRESURE
  C:2AD5H         LINE#         485
  C:2AD5H         LINE#         486
  C:2AD5H         LINE#         487
  C:2AD8H         LINE#         488
BL51 BANKED LINKER/LOCATER V6.22                                                      08/04/2025  19:51:53  PAGE 41


  C:2ADBH         LINE#         489
  -------         ENDPROC       USER_SPL0703_GET_PRESURE
  -------         ENDMOD        SPL07_003

  -------         MODULE        ?C?FPADD
  C:004DH         PUBLIC        ?C?FPADD
  C:0049H         PUBLIC        ?C?FPSUB
  -------         ENDMOD        ?C?FPADD

  -------         MODULE        ?C?FPMUL
  C:013EH         PUBLIC        ?C?FPMUL
  -------         ENDMOD        ?C?FPMUL

  -------         MODULE        ?C?FPDIV
  C:0247H         PUBLIC        ?C?FPDIV
  -------         ENDMOD        ?C?FPDIV

  -------         MODULE        ?C?FPCMP
  C:02E6H         PUBLIC        ?C?FPCMP
  C:02E4H         PUBLIC        ?C?FPCMP3
  -------         ENDMOD        ?C?FPCMP

  -------         MODULE        ?C?FCAST
  C:0367H         PUBLIC        ?C?FCASTC
  C:0362H         PUBLIC        ?C?FCASTI
  C:035DH         PUBLIC        ?C?FCASTL
  -------         ENDMOD        ?C?FCAST

  -------         MODULE        ?C?CASTF
  C:039BH         PUBLIC        ?C?CASTF
  -------         ENDMOD        ?C?CASTF

  -------         MODULE        ?C?COPY
  C:04ECH         PUBLIC        ?C?COPY
  -------         ENDMOD        ?C?COPY

  -------         MODULE        ?C?CLDPTR
  C:0512H         PUBLIC        ?C?CLDPTR
  -------         ENDMOD        ?C?CLDPTR

  -------         MODULE        ?C?CLDOPTR
  C:052BH         PUBLIC        ?C?CLDOPTR
  -------         ENDMOD        ?C?CLDOPTR

  -------         MODULE        ?C?CSTPTR
  C:0558H         PUBLIC        ?C?CSTPTR
  -------         ENDMOD        ?C?CSTPTR

  -------         MODULE        ?C?UIDIV
  C:056AH         PUBLIC        ?C?UIDIV
  -------         ENDMOD        ?C?UIDIV

  -------         MODULE        ?C?SIDIV
  C:05BFH         PUBLIC        ?C?SIDIV
  -------         ENDMOD        ?C?SIDIV

  -------         MODULE        ?C?IILDX
BL51 BANKED LINKER/LOCATER V6.22                                                      08/04/2025  19:51:53  PAGE 42


  C:05F5H         PUBLIC        ?C?IILDX
  -------         ENDMOD        ?C?IILDX

  -------         MODULE        ?C?ULDIV
  C:0647H         PUBLIC        ?C?ULDIV
  -------         ENDMOD        ?C?ULDIV

  -------         MODULE        ?C?SLDIV
  C:2517H         PUBLIC        ?C?SLDIV
  -------         ENDMOD        ?C?SLDIV

  -------         MODULE        ?C?LNEG
  C:06D9H         PUBLIC        ?C?LNEG
  -------         ENDMOD        ?C?LNEG

  -------         MODULE        ?C?ULSHR
  C:06E7H         PUBLIC        ?C?ULSHR
  -------         ENDMOD        ?C?ULSHR

  -------         MODULE        ?C?SLSHR
  C:06FAH         PUBLIC        ?C?SLSHR
  -------         ENDMOD        ?C?SLSHR

  -------         MODULE        ?C?LSHL
  C:070EH         PUBLIC        ?C?LSHL
  -------         ENDMOD        ?C?LSHL

  -------         MODULE        ?C?LSTXDATA
  C:0721H         PUBLIC        ?C?LSTXDATA
  -------         ENDMOD        ?C?LSTXDATA

  -------         MODULE        ?C?LSTKXDATA
  C:072DH         PUBLIC        ?C?LSTKXDATA
  -------         ENDMOD        ?C?LSTKXDATA

  -------         MODULE        ?C?MEMSET
  C:075EH         PUBLIC        ?C?MEMSET
  -------         ENDMOD        ?C?MEMSET

*** WARNING L15: MULTIPLE CALL TO SEGMENT
    SEGMENT: ?PR?SPL0703_GET_RAW_TEMP?SPL07_003
    CALLER1: ?PR?TIMER0?MAIN
    CALLER2: ?C_C51STARTUP

*** WARNING L15: MULTIPLE CALL TO SEGMENT
    SEGMENT: ?PR?_SPL0703_READ?SPL07_003
    CALLER1: ?PR?TIMER0?MAIN
    CALLER2: ?C_C51STARTUP

*** WARNING L15: MULTIPLE CALL TO SEGMENT
    SEGMENT: ?PR?_IIC_READ_1BYTE?RI2C
    CALLER1: ?PR?TIMER0?MAIN
    CALLER2: ?C_C51STARTUP

*** WARNING L15: MULTIPLE CALL TO SEGMENT
    SEGMENT: ?PR?_I2C_WRITEABYTE?RI2C
    CALLER1: ?PR?TIMER0?MAIN
BL51 BANKED LINKER/LOCATER V6.22                                                      08/04/2025  19:51:53  PAGE 43


    CALLER2: ?C_C51STARTUP

*** WARNING L15: MULTIPLE CALL TO SEGMENT
    SEGMENT: ?PR?I2C_READABYTE?RI2C
    CALLER1: ?PR?TIMER0?MAIN
    CALLER2: ?C_C51STARTUP

*** WARNING L15: MULTIPLE CALL TO SEGMENT
    SEGMENT: ?PR?SPL0703_GET_TEMPERATURE?SPL07_003
    CALLER1: ?PR?TIMER0?MAIN
    CALLER2: ?C_C51STARTUP

*** WARNING L15: MULTIPLE CALL TO SEGMENT
    SEGMENT: ?PR?SPL0703_GET_RAW_PRESSURE?SPL07_003
    CALLER1: ?PR?TIMER0?MAIN
    CALLER2: ?C_C51STARTUP

*** WARNING L15: MULTIPLE CALL TO SEGMENT
    SEGMENT: ?PR?SPL0703_GET_PRESSURE?SPL07_003
    CALLER1: ?PR?TIMER0?MAIN
    CALLER2: ?C_C51STARTUP

*** WARNING L1: UNRESOLVED EXTERNAL SYMBOL
    SYMBOL:  SPL0703_INIT
    MODULE:  ..\hex文件\main.obj (MAIN)

*** WARNING L2: REFERENCE MADE TO UNRESOLVED EXTERNAL
    SYMBOL:  SPL0703_INIT
    MODULE:  ..\hex文件\main.obj (MAIN)
    ADDRESS: 155CH

Program Size: data=137.2 xdata=285 code=10980
LINK/LOCATE RUN COMPLETE.  10 WARNING(S),  0 ERROR(S)
