BL51 BANKED LINKER/LOCATER V6.22.4.0                                                    07/26/2026  15:50:19  PAGE 1


BL51 BANKED LINKER/LOCATER V6.22.4.0, INVOKED BY:
C:\KEIL_V5\C51\BIN\BL51.EXE ..\hex文件\main.obj, ..\hex文件\RI2C.obj, ..\hex文件\delay.obj, ..\hex文件\uart1.obj, ..\hex
>> 文件\adc.obj, ..\hex文件\timer2.obj, ..\hex文件\digital_cube.obj, ..\hex文件\addr.obj, ..\hex文件\uart2.obj, ..\hex文
>> 件\ModeBusRTU.obj, ..\hex文件\timer0.obj TO ..\hex文件\main PRINT (.\List\main.m51) DISABLEWARNING (16)


MEMORY MODEL: LARGE WITH FLOATING POINT ARITHMETIC


INPUT MODULES INCLUDED:
  ..\hex文件\main.obj (MAIN)
  ..\hex文件\RI2C.obj (RI2C)
  ..\hex文件\delay.obj (DELAY)
  ..\hex文件\uart1.obj (UART1)
  ..\hex文件\adc.obj (ADC)
  ..\hex文件\timer2.obj (TIMER2)
  ..\hex文件\digital_cube.obj (DIGITAL_CUBE)
  ..\hex文件\addr.obj (ADDR)
  ..\hex文件\uart2.obj (UART2)
  ..\hex文件\ModeBusRTU.obj (MODEBUSRTU)
  ..\hex文件\timer0.obj (TIMER0)
  C:\KEIL_V5\C51\LIB\C51FPL.LIB (?C?FPADD)
  C:\KEIL_V5\C51\LIB\C51FPL.LIB (?C?FPMUL)
  C:\KEIL_V5\C51\LIB\C51FPL.LIB (?C?FPDIV)
  C:\KEIL_V5\C51\LIB\C51FPL.LIB (?C?FPCMP)
  C:\KEIL_V5\C51\LIB\C51FPL.LIB (?C?FPNEG)
  C:\KEIL_V5\C51\LIB\C51FPL.LIB (?C?FCAST)
  C:\KEIL_V5\C51\LIB\C51FPL.LIB (?C?CASTF)
  C:\KEIL_V5\C51\LIB\C51FPL.LIB (?C?FPGETOPN)
  C:\KEIL_V5\C51\LIB\C51L.LIB (?C_STARTUP)
  C:\KEIL_V5\C51\LIB\C51L.LIB (?C?CLDPTR)
  C:\KEIL_V5\C51\LIB\C51L.LIB (?C?CLDOPTR)
  C:\KEIL_V5\C51\LIB\C51L.LIB (?C?CSTPTR)
  C:\KEIL_V5\C51\LIB\C51L.LIB (?C?UIDIV)
  C:\KEIL_V5\C51\LIB\C51L.LIB (?C?SIDIV)
  C:\KEIL_V5\C51\LIB\C51L.LIB (?C?IILDX)
  C:\KEIL_V5\C51\LIB\C51L.LIB (?C?ULDIV)
  C:\KEIL_V5\C51\LIB\C51L.LIB (?C?SLDIV)
  C:\KEIL_V5\C51\LIB\C51L.LIB (?C?LNEG)
  C:\KEIL_V5\C51\LIB\C51L.LIB (?C?LSTXDATA)
  C:\KEIL_V5\C51\LIB\C51L.LIB (?C?LSTKXDATA)
  C:\KEIL_V5\C51\LIB\C51L.LIB (?C?MEMSET)
  C:\KEIL_V5\C51\LIB\C51L.LIB (?C_INIT)


LINK MAP OF MODULE:  ..\hex文件\main (MAIN)


            TYPE    BASE      LENGTH    RELOCATION   SEGMENT NAME
            -----------------------------------------------------

            * * * * * * *   D A T A   M E M O R Y   * * * * * * *
            REG     0000H     0008H     ABSOLUTE     "REG BANK 0"
                    0008H     0018H                  *** GAP ***
            BIT     0020H.0   0000H.1   UNIT         ?BI?UART1
            BIT     0020H.1   0000H.1   UNIT         ?BI?UART2
                    0020H.2   0000H.6                *** GAP ***
            IDATA   0021H     0028H     UNIT         ?ID?UART1
BL51 BANKED LINKER/LOCATER V6.22.4.0                                                  07/26/2026  15:50:19  PAGE 2


            IDATA   0049H     0028H     UNIT         ?ID?UART2
            IDATA   0071H     0001H     UNIT         ?STACK

            * * * * * * *  X D A T A   M E M O R Y  * * * * * * *
            XDATA   0000H     0063H     UNIT         ?XD?MODEBUSRTU
            XDATA   0063H     0017H     UNIT         _XDATA_GROUP_
            XDATA   007AH     0016H     UNIT         ?XD?MAIN
            XDATA   0090H     0005H     UNIT         ?XD?_WRITENBYTE?RI2C
            XDATA   0095H     0005H     UNIT         ?XD?_READNBYTE?RI2C
            XDATA   009AH     0005H     UNIT         ?XD?_IIC_READ_1BYTE?RI2C
            XDATA   009FH     0005H     UNIT         ?XD?_CALC_SUM_CHECK?MODEBUSRTU
            XDATA   00A4H     0004H     UNIT         ?XD?PRESSURE_REG0002_WRITE?MAIN
            XDATA   00A8H     0004H     UNIT         ?XD?DIGITAL_CUBE
            XDATA   00ACH     0004H     UNIT         ?XD?PARSE_CO2_FRAME?MODEBUSRTU
            XDATA   00B0H     0003H     UNIT         ?XD?_IIC_WRITE_1BYTE?RI2C
            XDATA   00B3H     0003H     UNIT         ?XD?_UART1_SENDARRAY?UART1
            XDATA   00B6H     0002H     UNIT         ?XD?_I2C_WRITEABYTE?RI2C
            XDATA   00B8H     0002H     UNIT         ?XD?I2C_READABYTE?RI2C
            XDATA   00BAH     0002H     UNIT         ?XD?UART1
            XDATA   00BCH     0002H     UNIT         ?XD?_TIMER2_CONFIG?TIMER2
            XDATA   00BEH     0002H     UNIT         ?XD?TIMER2
            XDATA   00C0H     0002H     UNIT         ?XD?UART2
            XDATA   00C2H     0002H     UNIT         ?XD?TIMER0
            XDATA   00C4H     0001H     UNIT         ?XD?_GET_ADC10BITRESULT?ADC

            * * * * * * *   C O D E   M E M O R Y   * * * * * * *
            CODE    0000H     0003H     ABSOLUTE     
            CODE    0003H     0008H     UNIT         ?PR?_TX1_DATA?UART1
            CODE    000BH     0003H     ABSOLUTE     
            CODE    000EH     0013H     UNIT         ?PR?PRESSURE_REG0003_READ?MAIN
            CODE    0021H     0001H     UNIT         ?PR?RUN_10MS?MAIN
                    0022H     0001H                  *** GAP ***
            CODE    0023H     0003H     ABSOLUTE     
            CODE    0026H     001DH     UNIT         ?PR?ADC_INIT?ADC
            CODE    0043H     0003H     ABSOLUTE     
            CODE    0046H     0625H     UNIT         ?C?LIB_CODE
            CODE    066BH     0209H     UNIT         ?PR?MODBUS_SEND?MODEBUSRTU
            CODE    0874H     018CH     UNIT         ?PR?PARSE_SENSOR_FRAME?MODEBUSRTU
            CODE    0A00H     00DFH     UNIT         ?PR?_TIMER0_CONFIG?TIMER0
            CODE    0ADFH     00D9H     UNIT         ?PR?_TIMER2_CONFIG?TIMER2
            CODE    0BB8H     00B1H     UNIT         ?PR?TIMER0?MAIN
            CODE    0C69H     00AFH     UNIT         ?PR?PARSE_CO2_FRAME?MODEBUSRTU
            CODE    0D18H     00A7H     UNIT         ?PR?_UART1_CONFIG?UART1
            CODE    0DBFH     00A2H     UNIT         ?PR?_UART2_CONFIG?UART2
            CODE    0E61H     0098H     UNIT         ?PR?_MODBUS_CRC?MODEBUSRTU
            CODE    0EF9H     0096H     UNIT         ?PR?MAIN?MAIN
            CODE    0F8FH     008CH     UNIT         ?C_C51STARTUP
            CODE    101BH     0071H     UNIT         ?PR?PRESSURE_REG0002_WRITE?MAIN
            CODE    108CH     006DH     UNIT         ?C_INITSEG
            CODE    10F9H     006DH     UNIT         ?PR?UART1_INT?MODEBUSRTU
            CODE    1166H     0067H     UNIT         ?PR?UART2_INT?MODEBUSRTU
            CODE    11CDH     0061H     UNIT         ?PR?_CALC_CHECKSUM?MODEBUSRTU
            CODE    122EH     0060H     UNIT         ?PR?_DIGITAL_TUBE_SHOWNUM?DIGITAL_CUBE
            CODE    128EH     005DH     UNIT         ?PR?ADDR_READ?ADDR
            CODE    12EBH     0059H     UNIT         ?PR?_READNBYTE?RI2C
            CODE    1344H     0053H     UNIT         ?PR?DIGITAL_CUBE_INIT?DIGITAL_CUBE
            CODE    1397H     0051H     UNIT         ?PR?_IIC_READ_1BYTE?RI2C
BL51 BANKED LINKER/LOCATER V6.22.4.0                                                  07/26/2026  15:50:19  PAGE 3


            CODE    13E8H     004BH     UNIT         ?PR?MODBUS_READONEBYTE?MODEBUSRTU
            CODE    1433H     004AH     UNIT         ?PR?_CALC_SUM_CHECK?MODEBUSRTU
            CODE    147DH     0044H     UNIT         ?C?LDIV
            CODE    14C1H     0043H     UNIT         ?PR?_WRITENBYTE?RI2C
            CODE    1504H     0037H     UNIT         ?PR?_IIC_WRITE_1BYTE?RI2C
            CODE    153BH     0034H     UNIT         ?PR?_I2C_WRITEABYTE?RI2C
            CODE    156FH     002FH     UNIT         ?PR?_UART1_SENDARRAY?UART1
            CODE    159EH     002FH     UNIT         ?PR?_UART2_SENDARRAY?UART2
            CODE    15CDH     002EH     UNIT         ?PR?RUN_1MS?MAIN
            CODE    15FBH     002CH     UNIT         ?PR?I2C_READABYTE?RI2C
            CODE    1627H     002AH     UNIT         ?PR?_GET_ADC10BITRESULT?ADC
            CODE    1651H     002AH     UNIT         ?PR?_DIGITAL_TUBE_SHOW?DIGITAL_CUBE
            CODE    167BH     0029H     UNIT         ?PR?MODBUS_WRITE?MODEBUSRTU
            CODE    16A4H     0023H     UNIT         ?PR?_DIGITAL_CUBE_SHOWONE?DIGITAL_CUBE
            CODE    16C7H     0022H     UNIT         ?PR?DIGITAL_TUBE_FLASH?DIGITAL_CUBE
            CODE    16E9H     001FH     UNIT         ?PR?I2C_START?RI2C
            CODE    1708H     001DH     UNIT         ?PR?ADDR_INIT?ADDR
            CODE    1725H     001BH     UNIT         ?PR?MODBUS_HANDLE?MODEBUSRTU
            CODE    1740H     0019H     UNIT         ?PR?_DELAY_XMS?DELAY
            CODE    1759H     0019H     UNIT         ?PR?_DELAY_XUS?DELAY
            CODE    1772H     0018H     UNIT         ?CO?DIGITAL_CUBE
            CODE    178AH     0016H     UNIT         ?PR?MODBUS_CLEAR?MODEBUSRTU
            CODE    17A0H     0013H     UNIT         ?PR?_PRINTSTRING1?UART1
            CODE    17B3H     0013H     UNIT         ?PR?_PRINTSTRING2?UART2
            CODE    17C6H     0012H     UNIT         ?PR?ERROR_HANDLE?MAIN
            CODE    17D8H     0011H     UNIT         ?PR?I2C_CHECK_ACK?RI2C
            CODE    17E9H     000FH     UNIT         ?PR?SENDACK?RI2C
            CODE    17F8H     000FH     UNIT         ?PR?SENDNAK?RI2C
            CODE    1807H     000FH     UNIT         ?PR?I2C_STOP?RI2C
            CODE    1816H     000CH     UNIT         ?PR?RUN_2000MS?MAIN
            CODE    1822H     0009H     UNIT         ?PR?DELAY_MS?DELAY
            CODE    182BH     0008H     UNIT         ?PR?_TX2_DATA?UART2
            CODE    1833H     0007H     UNIT         ?PR?WAIT?RI2C
            CODE    183AH     0007H     UNIT         ?PR?DELAY_US?DELAY
            CODE    1841H     0007H     UNIT         ?PR?ADC_IO_CONFIG?ADC
            CODE    1848H     0003H     UNIT         ?PR?RUN_500MS?MAIN
            CODE    184BH     0003H     UNIT         ?PR?RUN_100MS?MAIN



OVERLAY MAP OF MODULE:   ..\hex文件\main (MAIN)


SEGMENT                                          XDATA_GROUP
  +--> CALLED SEGMENT                          START    LENGTH
--------------------------------------------------------------
?PR?TIMER0?MAIN                                -----    -----
  +--> ?PR?RUN_1MS?MAIN
  +--> ?PR?RUN_10MS?MAIN
  +--> ?PR?RUN_100MS?MAIN
  +--> ?PR?RUN_500MS?MAIN
  +--> ?PR?RUN_2000MS?MAIN

?PR?RUN_1MS?MAIN                               -----    -----
  +--> ?PR?_UART2_SENDARRAY?UART2
  +--> ?PR?DIGITAL_TUBE_FLASH?DIGITAL_CUBE
  +--> ?PR?MODBUS_READONEBYTE?MODEBUSRTU
BL51 BANKED LINKER/LOCATER V6.22.4.0                                                  07/26/2026  15:50:19  PAGE 4



?PR?_UART2_SENDARRAY?UART2                     0063H    0003H
  +--> ?PR?_TX2_DATA?UART2

?PR?DIGITAL_TUBE_FLASH?DIGITAL_CUBE            -----    -----
  +--> ?PR?_DIGITAL_TUBE_SHOW?DIGITAL_CUBE

?PR?_DIGITAL_TUBE_SHOW?DIGITAL_CUBE            -----    -----
  +--> ?PR?_DIGITAL_CUBE_SHOWONE?DIGITAL_CUBE

?PR?_DIGITAL_CUBE_SHOWONE?DIGITAL_CUBE         -----    -----
  +--> ?CO?DIGITAL_CUBE

?PR?MODBUS_READONEBYTE?MODEBUSRTU              0063H    0002H
  +--> ?PR?_MODBUS_CRC?MODEBUSRTU
  +--> ?PR?MODBUS_HANDLE?MODEBUSRTU

?PR?_MODBUS_CRC?MODEBUSRTU                     0068H    0007H

?PR?MODBUS_HANDLE?MODEBUSRTU                   -----    -----
  +--> ?PR?MODBUS_SEND?MODEBUSRTU
  +--> ?PR?MODBUS_WRITE?MODEBUSRTU

?PR?MODBUS_SEND?MODEBUSRTU                     0065H    0003H
  +--> ?PR?_MODBUS_CRC?MODEBUSRTU

?PR?RUN_100MS?MAIN                             -----    -----
  +--> ?PR?ERROR_HANDLE?MAIN

?PR?RUN_2000MS?MAIN                            -----    -----
  +--> ?PR?PARSE_SENSOR_FRAME?MODEBUSRTU

?PR?PARSE_SENSOR_FRAME?MODEBUSRTU              0063H    0007H
  +--> ?PR?_CALC_CHECKSUM?MODEBUSRTU

?PR?_CALC_CHECKSUM?MODEBUSRTU                  006AH    0007H

*** NEW ROOT ***************************************************

?PR?UART2_INT?MODEBUSRTU                       -----    -----
  +--> ?PR?DIGITAL_TUBE_FLASH?DIGITAL_CUBE

*** NEW ROOT ***************************************************

?PR?UART1_INT?MODEBUSRTU                       -----    -----
  +--> ?PR?DIGITAL_TUBE_FLASH?DIGITAL_CUBE

*** NEW ROOT ***************************************************

?C_C51STARTUP                                  -----    -----
  +--> ?PR?MAIN?MAIN
  +--> ?C_INITSEG

?PR?MAIN?MAIN                                  -----    -----
  +--> ?PR?ADDR_INIT?ADDR
  +--> ?PR?_DELAY_XMS?DELAY
  +--> ?PR?_TIMER0_CONFIG?TIMER0
BL51 BANKED LINKER/LOCATER V6.22.4.0                                                  07/26/2026  15:50:19  PAGE 5


  +--> ?PR?DIGITAL_CUBE_INIT?DIGITAL_CUBE
  +--> ?PR?ADDR_READ?ADDR
  +--> ?PR?_UART1_CONFIG?UART1
  +--> ?PR?_UART2_CONFIG?UART2
  +--> ?PR?_DIGITAL_TUBE_SHOWNUM?DIGITAL_CUBE

?PR?_DELAY_XMS?DELAY                           -----    -----
  +--> ?PR?DELAY_MS?DELAY

?PR?_TIMER0_CONFIG?TIMER0                      0071H    0002H

?PR?_UART1_CONFIG?UART1                        0071H    0009H

?PR?_UART2_CONFIG?UART2                        0071H    0009H



SYMBOL TABLE OF MODULE:  ..\hex文件\main (MAIN)

  VALUE           TYPE          NAME
  ----------------------------------

  -------         MODULE        MAIN
  C:0000H         SYMBOL        _ICE_DUMMY_
  X:007AH         PUBLIC        pressure
  D:0093H         PUBLIC        P0M1
  D:0092H         PUBLIC        P1M0
  D:0096H         PUBLIC        P2M0
  D:0091H         PUBLIC        P1M1
  D:0080H         PUBLIC        P0
  D:00B2H         PUBLIC        P3M0
  D:0095H         PUBLIC        P2M1
  D:0090H         PUBLIC        P1
  C:000EH         PUBLIC        Pressure_Reg0003_Read
  D:00B1H         PUBLIC        P3M1
  D:00A0H         PUBLIC        P2
  D:00CAH         PUBLIC        P5M0
  D:00B0H         PUBLIC        P3
  D:00C9H         PUBLIC        P5M1
  D:00C0H         PUBLIC        P4
  D:00C8H         PUBLIC        P5
  B:00A8H.7       PUBLIC        EA
  X:007EH         PUBLIC        dTest
  D:00A8H         PUBLIC        IE
  D:00B8H         PUBLIC        IP
  X:0080H         PUBLIC        count100ms
  X:0081H         PUBLIC        count500ms
  C:0EF9H         PUBLIC        main
  C:184BH         PUBLIC        run_100ms
  C:1848H         PUBLIC        run_500ms
  C:0BB8H         PUBLIC        Timer0
  B:00A0H.2       PUBLIC        P22
  D:0098H         PUBLIC        SCON
  D:0088H         PUBLIC        TCON
  X:0083H         PUBLIC        temperature
  B:00B0H.4       PUBLIC        P34
  X:0087H         PUBLIC        d_pressure
BL51 BANKED LINKER/LOCATER V6.22.4.0                                                  07/26/2026  15:50:19  PAGE 6


  C:15CDH         PUBLIC        run_1ms
  X:0089H         PUBLIC        count2000ms
  C:101BH         PUBLIC        Pressure_reg0002_write
  C:1816H         PUBLIC        run_2000ms
  X:008BH         PUBLIC        origin_pressure
  X:008FH         PUBLIC        count10ms
  C:0021H         PUBLIC        run_10ms
  D:00D0H         PUBLIC        PSW
  C:17C6H         PUBLIC        error_handle
  D:0094H         PUBLIC        P0M0
  -------         PROC          MAIN
  C:0EF9H         LINE#         14
  C:0EF9H         LINE#         15
  C:0EF9H         LINE#         17
  C:0EFEH         LINE#         18
  C:0F02H         LINE#         19
  C:0F06H         LINE#         20
  C:0F0AH         LINE#         21
  C:0F0EH         LINE#         22
  C:0F11H         LINE#         24
  C:0F14H         LINE#         25
  C:0F17H         LINE#         26
  C:0F1AH         LINE#         27
  C:0F1CH         LINE#         28
  C:0F1EH         LINE#         29
  C:0F21H         LINE#         38
  C:0F28H         LINE#         39
  C:0F2FH         LINE#         40
  C:0F38H         LINE#         41
  C:0F3BH         LINE#         42
  C:0F43H         LINE#         43
  C:0F5CH         LINE#         44
  C:0F75H         LINE#         45
  C:0F77H         LINE#         47
  C:0F77H         LINE#         49
  C:0F8DH         LINE#         53
  -------         ENDPROC       MAIN
  -------         PROC          ERROR_HANDLE
  C:17C6H         LINE#         57
  C:17C6H         LINE#         58
  C:17C6H         LINE#         59
  C:17D2H         LINE#         60
  C:17D4H         LINE#         61
  C:17D5H         LINE#         62
  C:17D5H         LINE#         63
  C:17D7H         LINE#         64
  C:17D7H         LINE#         65
  -------         ENDPROC       ERROR_HANDLE
  -------         PROC          PRESSURE_REG0002_WRITE
  -------         DO            
  X:00A4H         SYMBOL        a
  -------         ENDDO         
  C:101BH         LINE#         68
  C:101BH         LINE#         69
  C:101BH         LINE#         74
  C:1040H         LINE#         76
  C:105AH         LINE#         77
BL51 BANKED LINKER/LOCATER V6.22.4.0                                                  07/26/2026  15:50:19  PAGE 7


  C:1063H         LINE#         79
  C:107CH         LINE#         80
  C:108BH         LINE#         82
  -------         ENDPROC       PRESSURE_REG0002_WRITE
  -------         PROC          PRESSURE_REG0003_READ
  C:000EH         LINE#         84
  C:000EH         LINE#         85
  C:000EH         LINE#         86
  C:001AH         LINE#         87
  C:0020H         LINE#         88
  C:0020H         LINE#         89
  -------         ENDPROC       PRESSURE_REG0003_READ
  -------         PROC          RUN_1MS
  C:15CDH         LINE#         94
  C:15CDH         LINE#         95
  C:15CDH         LINE#         96
  C:15D3H         LINE#         97
  C:15E1H         LINE#         99
  C:15E6H         LINE#         101
  C:15E6H         LINE#         102
  C:15E9H         LINE#         104
  C:15EFH         LINE#         105
  C:15F5H         LINE#         106
  C:15F7H         LINE#         108
  C:15FAH         LINE#         112
  C:15FAH         LINE#         113
  -------         ENDPROC       RUN_1MS
  -------         PROC          RUN_500MS
  C:1848H         LINE#         117
  C:1848H         LINE#         118
  C:1848H         LINE#         120
  C:184AH         LINE#         124
  -------         ENDPROC       RUN_500MS
  -------         PROC          RUN_10MS
  C:0021H         LINE#         126
  C:0021H         LINE#         127
  C:0021H         LINE#         129
  -------         ENDPROC       RUN_10MS
  -------         PROC          RUN_100MS
  C:184BH         LINE#         131
  C:184BH         LINE#         132
  C:184BH         LINE#         133
  -------         ENDPROC       RUN_100MS
  -------         PROC          RUN_2000MS
  C:1816H         LINE#         138
  C:1816H         LINE#         139
  C:1816H         LINE#         140
  C:1821H         LINE#         141
  -------         ENDPROC       RUN_2000MS
  -------         PROC          TIMER0
  C:0BB8H         LINE#         148
  C:0BD5H         LINE#         150
  C:0BD8H         LINE#         151
  C:0BDEH         LINE#         152
  C:0BECH         LINE#         153
  C:0BF2H         LINE#         154
  C:0C00H         LINE#         155
BL51 BANKED LINKER/LOCATER V6.22.4.0                                                  07/26/2026  15:50:19  PAGE 8


  C:0C09H         LINE#         156
  C:0C0CH         LINE#         157
  C:0C0EH         LINE#         158
  C:0C0EH         LINE#         159
  C:0C17H         LINE#         160
  C:0C1AH         LINE#         161
  C:0C1FH         LINE#         162
  C:0C1FH         LINE#         164
  C:0C2EH         LINE#         165
  C:0C31H         LINE#         166
  C:0C35H         LINE#         167
  C:0C35H         LINE#         168
  C:0C44H         LINE#         169
  C:0C47H         LINE#         170
  C:0C4EH         LINE#         171
  C:0C4EH         LINE#         172
  -------         ENDPROC       TIMER0
  -------         ENDMOD        MAIN

  -------         MODULE        RI2C
  C:0000H         SYMBOL        _ICE_DUMMY_
  D:0080H         PUBLIC        P0
  D:0090H         PUBLIC        P1
  B:00B0H.2       PUBLIC        I2C_SCL
  D:00A0H         PUBLIC        P2
  D:00B0H         PUBLIC        P3
  C:12EBH         PUBLIC        _ReadNbyte
  D:00C0H         PUBLIC        P4
  D:00C8H         PUBLIC        P5
  D:00A8H         PUBLIC        IE
  C:14C1H         PUBLIC        _WriteNbyte
  C:15FBH         PUBLIC        I2C_ReadAbyte
  C:1833H         PUBLIC        Wait
  D:00B8H         PUBLIC        IP
  B:00D0H.7       PUBLIC        CY
  C:153BH         PUBLIC        _I2C_WriteAbyte
  C:17D8H         PUBLIC        I2C_Check_ACK
  C:16F4H         PUBLIC        I2C_Start
  D:0098H         PUBLIC        SCON
  D:0088H         PUBLIC        TCON
  C:1807H         PUBLIC        I2C_Stop
  C:1397H         PUBLIC        _IIC_Read_1Byte
  C:17E9H         PUBLIC        SendACK
  C:17F8H         PUBLIC        SendNAK
  C:1504H         PUBLIC        _IIC_Write_1Byte
  B:00B0H.3       PUBLIC        I2C_SDA
  D:00D0H         PUBLIC        PSW
  -------         PROC          WAIT
  C:1833H         LINE#         16
  C:1833H         LINE#         17
  C:1833H         LINE#         18
  -------         ENDPROC       WAIT
  C:16EAH         SYMBOL        L?0030
  -------         PROC          L?0029
  -------         ENDPROC       L?0029
  C:16EAH         SYMBOL        L?0030
  -------         PROC          I2C_START
BL51 BANKED LINKER/LOCATER V6.22.4.0                                                  07/26/2026  15:50:19  PAGE 9


  C:16F4H         LINE#         27
  C:16F4H         LINE#         28
  C:16F4H         LINE#         29
  C:16F6H         LINE#         30
  C:16F9H         LINE#         31
  C:16FBH         LINE#         32
  C:16FEH         LINE#         33
  C:1700H         LINE#         34
  C:1703H         LINE#         35
  C:1705H         LINE#         36
  -------         ENDPROC       I2C_START
  -------         PROC          _I2C_WRITEABYTE
  X:00B6H         SYMBOL        dat
  -------         DO            
  X:00B7H         SYMBOL        i
  -------         ENDDO         
  C:153BH         LINE#         45
  C:1540H         LINE#         46
  C:1540H         LINE#         48
  C:1544H         LINE#         50
  C:1544H         LINE#         51
  C:1550H         LINE#         52
  C:1552H         LINE#         53
  C:1559H         LINE#         54
  C:155CH         LINE#         55
  C:155EH         LINE#         56
  C:1561H         LINE#         57
  C:1563H         LINE#         58
  C:1566H         LINE#         59
  C:1566H         LINE#         60
  C:156EH         LINE#         61
  -------         ENDPROC       _I2C_WRITEABYTE
  -------         PROC          I2C_CHECK_ACK
  C:17D8H         LINE#         70
  C:17D8H         LINE#         71
  C:17D8H         LINE#         72
  C:17DAH         LINE#         73
  C:17DDH         LINE#         74
  C:17DFH         LINE#         75
  C:17E2H         LINE#         76
  C:17E4H         LINE#         77
  C:17E6H         LINE#         78
  -------         ENDPROC       I2C_CHECK_ACK
  -------         PROC          I2C_READABYTE
  -------         DO            
  X:00B8H         SYMBOL        i
  X:00B9H         SYMBOL        dat
  -------         ENDDO         
  C:15FBH         LINE#         87
  C:15FBH         LINE#         88
  C:15FBH         LINE#         90
  C:1601H         LINE#         91
  C:1603H         LINE#         93
  C:1603H         LINE#         94
  C:1605H         LINE#         95
  C:1608H         LINE#         96
  C:1610H         LINE#         97
BL51 BANKED LINKER/LOCATER V6.22.4.0                                                  07/26/2026  15:50:19  PAGE 10


  C:1616H         LINE#         98
  C:1618H         LINE#         99
  C:161BH         LINE#         100
  C:161BH         LINE#         101
  C:1623H         LINE#         102
  C:1626H         LINE#         103
  -------         ENDPROC       I2C_READABYTE
  -------         PROC          SENDACK
  C:17E9H         LINE#         111
  C:17E9H         LINE#         112
  C:17E9H         LINE#         113
  C:17EBH         LINE#         114
  C:17EEH         LINE#         115
  C:17F0H         LINE#         116
  C:17F3H         LINE#         117
  C:17F5H         LINE#         118
  -------         ENDPROC       SENDACK
  -------         PROC          SENDNAK
  C:17F8H         LINE#         127
  C:17F8H         LINE#         128
  C:17F8H         LINE#         129
  C:17FAH         LINE#         130
  C:17FDH         LINE#         131
  C:17FFH         LINE#         132
  C:1802H         LINE#         133
  C:1804H         LINE#         134
  -------         ENDPROC       SENDNAK
  -------         PROC          I2C_STOP
  C:1807H         LINE#         143
  C:1807H         LINE#         144
  C:1807H         LINE#         145
  C:1809H         LINE#         146
  C:180CH         LINE#         147
  C:180EH         LINE#         148
  C:1811H         LINE#         149
  C:1813H         LINE#         150
  -------         ENDPROC       I2C_STOP
  -------         PROC          _WRITENBYTE
  X:0090H         SYMBOL        addr
  X:0091H         SYMBOL        p
  X:0094H         SYMBOL        num
  C:14C1H         LINE#         159
  C:14C4H         LINE#         160
  C:14C4H         LINE#         161
  C:14C7H         LINE#         162
  C:14CCH         LINE#         163
  C:14CFH         LINE#         164
  C:14D7H         LINE#         165
  C:14DAH         LINE#         167
  C:14DAH         LINE#         168
  C:14ECH         LINE#         169
  C:14F6H         LINE#         170
  C:14F9H         LINE#         171
  C:14F9H         LINE#         172
  C:1501H         LINE#         173
  -------         ENDPROC       _WRITENBYTE
  -------         PROC          _READNBYTE
BL51 BANKED LINKER/LOCATER V6.22.4.0                                                  07/26/2026  15:50:19  PAGE 11


  X:0095H         SYMBOL        addr
  X:0096H         SYMBOL        p
  X:0099H         SYMBOL        num
  C:12EBH         LINE#         183
  C:12EEH         LINE#         184
  C:12EEH         LINE#         185
  C:12F1H         LINE#         186
  C:12F6H         LINE#         187
  C:12F9H         LINE#         188
  C:1301H         LINE#         189
  C:1304H         LINE#         190
  C:1307H         LINE#         191
  C:130CH         LINE#         192
  C:130FH         LINE#         194
  C:130FH         LINE#         195
  C:132BH         LINE#         196
  C:1336H         LINE#         197
  C:1336H         LINE#         198
  C:133EH         LINE#         199
  C:1341H         LINE#         200
  -------         ENDPROC       _READNBYTE
  -------         PROC          _IIC_WRITE_1BYTE
  X:00B0H         SYMBOL        SlaveAddress
  X:00B1H         SYMBOL        REG_Address
  X:00B2H         SYMBOL        REG_data
  C:1504H         LINE#         204
  C:150FH         LINE#         205
  C:150FH         LINE#         206
  C:1512H         LINE#         207
  C:151CH         LINE#         208
  C:151FH         LINE#         209
  C:1527H         LINE#         210
  C:152AH         LINE#         211
  C:1532H         LINE#         212
  C:1535H         LINE#         213
  C:1538H         LINE#         214
  C:153AH         LINE#         215
  -------         ENDPROC       _IIC_WRITE_1BYTE
  -------         PROC          _IIC_READ_1BYTE
  X:009AH         SYMBOL        SlaveAddress
  X:009BH         SYMBOL        REG_Address
  X:009CH         SYMBOL        REG_data
  C:1397H         LINE#         218
  C:139EH         LINE#         219
  C:139EH         LINE#         220
  C:13A1H         LINE#         221
  C:13ABH         LINE#         222
  C:13AEH         LINE#         223
  C:13B6H         LINE#         224
  C:13B9H         LINE#         225
  C:13BCH         LINE#         226
  C:13BFH         LINE#         227
  C:13CAH         LINE#         228
  C:13CDH         LINE#         229
  C:13DFH         LINE#         230
  C:13E2H         LINE#         231
  C:13E5H         LINE#         232
BL51 BANKED LINKER/LOCATER V6.22.4.0                                                  07/26/2026  15:50:19  PAGE 12


  C:13E7H         LINE#         233
  -------         ENDPROC       _IIC_READ_1BYTE
  -------         ENDMOD        RI2C

  -------         MODULE        DELAY
  C:0000H         SYMBOL        _ICE_DUMMY_
  D:0080H         PUBLIC        P0
  D:0090H         PUBLIC        P1
  D:00A0H         PUBLIC        P2
  D:00B0H         PUBLIC        P3
  D:00C0H         PUBLIC        P4
  D:00C8H         PUBLIC        P5
  D:00A8H         PUBLIC        IE
  D:00B8H         PUBLIC        IP
  C:1740H         PUBLIC        _Delay_xms
  C:1822H         PUBLIC        Delay_ms
  C:1759H         PUBLIC        _Delay_xus
  D:0098H         PUBLIC        SCON
  D:0088H         PUBLIC        TCON
  C:183AH         PUBLIC        Delay_us
  D:00D0H         PUBLIC        PSW
  -------         PROC          DELAY_MS
  -------         DO            
  D:0007H         SYMBOL        i
  D:0006H         SYMBOL        j
  -------         ENDDO         
  C:1822H         LINE#         10
  C:1822H         LINE#         11
  C:1822H         LINE#         14
  C:1824H         LINE#         15
  C:1826H         LINE#         17
  C:1826H         LINE#         18
  C:1828H         LINE#         19
  C:182AH         LINE#         20
  -------         ENDPROC       DELAY_MS
  -------         PROC          DELAY_US
  -------         DO            
  D:0007H         SYMBOL        i
  -------         ENDDO         
  C:183AH         LINE#         28
  C:183AH         LINE#         29
  C:183AH         LINE#         32
  C:183BH         LINE#         33
  C:183CH         LINE#         34
  C:183EH         LINE#         35
  C:1840H         LINE#         36
  -------         ENDPROC       DELAY_US
  -------         PROC          _DELAY_XMS
  D:0004H         SYMBOL        i
  -------         DO            
  D:0002H         SYMBOL        k
  -------         ENDDO         
  C:1740H         LINE#         114
  C:1744H         LINE#         115
  C:1744H         LINE#         117
  C:174EH         LINE#         118
  C:174EH         LINE#         119
BL51 BANKED LINKER/LOCATER V6.22.4.0                                                  07/26/2026  15:50:19  PAGE 13


  C:1751H         LINE#         120
  C:1758H         LINE#         121
  -------         ENDPROC       _DELAY_XMS
  -------         PROC          _DELAY_XUS
  D:0004H         SYMBOL        i
  -------         DO            
  D:0002H         SYMBOL        k
  -------         ENDDO         
  C:1759H         LINE#         129
  C:175DH         LINE#         130
  C:175DH         LINE#         132
  C:1767H         LINE#         133
  C:1767H         LINE#         134
  C:176AH         LINE#         135
  C:1771H         LINE#         136
  -------         ENDPROC       _DELAY_XUS
  -------         ENDMOD        DELAY

  -------         MODULE        UART1
  C:0000H         SYMBOL        _ICE_DUMMY_
  C:156FH         PUBLIC        _UART1_sendArray
  D:0080H         PUBLIC        P0
  D:0090H         PUBLIC        P1
  D:00A0H         PUBLIC        P2
  D:00B0H         PUBLIC        P3
  D:00C0H         PUBLIC        P4
  D:00C8H         PUBLIC        P5
  B:0020H.0       PUBLIC        B_TX1_Busy
  D:00A2H         PUBLIC        P_SW1
  D:00A8H         PUBLIC        IE
  B:00A8H.4       PUBLIC        ES
  D:00B8H         PUBLIC        IP
  I:0021H         PUBLIC        RX1_Buffer
  B:00B8H.4       PUBLIC        PS
  D:0099H         PUBLIC        SBUF
  D:0098H         PUBLIC        SCON
  D:0089H         PUBLIC        TMOD
  D:0088H         PUBLIC        TCON
  C:17A0H         PUBLIC        _PrintString1
  D:008EH         PUBLIC        AUXR
  C:0D18H         PUBLIC        _UART1_config
  B:00A8H.3       PUBLIC        ET1
  D:008DH         PUBLIC        TH1
  D:008BH         PUBLIC        TL1
  B:0088H.6       PUBLIC        TR1
  C:0003H         PUBLIC        _TX1_data
  D:00B7H         PUBLIC        IPH
  X:00BAH         PUBLIC        RX1_Cnt
  X:00BBH         PUBLIC        TX1_Cnt
  B:0098H.4       PUBLIC        REN
  D:00D0H         PUBLIC        PSW
  -------         PROC          _TX1_DATA
  D:0007H         SYMBOL        tx1dat
  C:0003H         LINE#         15
  C:0003H         LINE#         16
  C:0003H         LINE#         17
  C:0005H         LINE#         18
BL51 BANKED LINKER/LOCATER V6.22.4.0                                                  07/26/2026  15:50:19  PAGE 14


  C:0007H         LINE#         20
  C:000AH         LINE#         22
  -------         ENDPROC       _TX1_DATA
  -------         PROC          _PRINTSTRING1
  D:0001H         SYMBOL        puts
  C:17A0H         LINE#         31
  C:17A0H         LINE#         32
  C:17A0H         LINE#         33
  C:17A6H         LINE#         34
  C:17A6H         LINE#         35
  C:17A9H         LINE#         36
  C:17B2H         LINE#         37
  -------         ENDPROC       _PRINTSTRING1
  -------         PROC          _UART1_CONFIG
  X:0071H         SYMBOL        UART_IOSEL
  X:0072H         SYMBOL        FOSC
  X:0076H         SYMBOL        BAUD1
  C:0D18H         LINE#         49
  C:0D1DH         LINE#         50
  C:0D1DH         LINE#         51
  C:0D1FH         LINE#         52
  C:0D22H         LINE#         53
  C:0D25H         LINE#         54
  C:0D28H         LINE#         55
  C:0D2BH         LINE#         56
  C:0D6AH         LINE#         57
  C:0D98H         LINE#         58
  C:0D9AH         LINE#         59
  C:0D9CH         LINE#         60
  C:0DA4H         LINE#         61
  C:0DA6H         LINE#         62
  C:0DA9H         LINE#         63
  C:0DABH         LINE#         64
  C:0DADH         LINE#         65
  C:0DB3H         LINE#         67
  C:0DB5H         LINE#         68
  C:0DBAH         LINE#         69
  C:0DBEH         LINE#         70
  -------         ENDPROC       _UART1_CONFIG
  -------         PROC          _UART1_SENDARRAY
  D:0006H         SYMBOL        count
  X:00B3H         SYMBOL        p
  -------         DO            
  D:0005H         SYMBOL        i
  -------         ENDDO         
  C:156FH         LINE#         94
  C:157CH         LINE#         95
  C:157CH         LINE#         96
  C:157EH         LINE#         97
  C:1583H         LINE#         99
  C:159AH         LINE#         100
  C:159DH         LINE#         101
  -------         ENDPROC       _UART1_SENDARRAY
  -------         ENDMOD        UART1

  -------         MODULE        ADC
  C:0000H         SYMBOL        _ICE_DUMMY_
BL51 BANKED LINKER/LOCATER V6.22.4.0                                                  07/26/2026  15:50:19  PAGE 15


  D:0093H         PUBLIC        P0M1
  D:0080H         PUBLIC        P0
  D:0090H         PUBLIC        P1
  D:00A0H         PUBLIC        P2
  D:00B0H         PUBLIC        P3
  D:00C0H         PUBLIC        P4
  D:00C8H         PUBLIC        P5
  D:00BAH         PUBLIC        P_SW2
  D:00A8H         PUBLIC        IE
  D:00BDH         PUBLIC        ADC_RES
  D:00B8H         PUBLIC        IP
  D:00DEH         PUBLIC        ADCCFG
  D:00BCH         PUBLIC        ADC_CONTR
  D:0098H         PUBLIC        SCON
  D:0088H         PUBLIC        TCON
  C:0026H         PUBLIC        ADC_Init
  D:00BEH         PUBLIC        ADC_RESL
  C:1627H         PUBLIC        _Get_ADC10bitResult
  D:00D0H         PUBLIC        PSW
  C:1841H         PUBLIC        ADC_IO_Config
  D:0094H         PUBLIC        P0M0
  -------         PROC          ADC_IO_CONFIG
  C:1841H         LINE#         9
  C:1841H         LINE#         10
  C:1841H         LINE#         11
  C:1847H         LINE#         12
  -------         ENDPROC       ADC_IO_CONFIG
  -------         PROC          ADC_INIT
  C:0026H         LINE#         20
  C:0026H         LINE#         21
  C:0026H         LINE#         22
  C:0029H         LINE#         27
  C:002FH         LINE#         28
  C:0032H         LINE#         31
  C:0035H         LINE#         32
  C:0038H         LINE#         33
  C:003BH         LINE#         34
  C:003DH         LINE#         35
  -------         ENDPROC       ADC_INIT
  -------         PROC          _GET_ADC10BITRESULT
  X:00C4H         SYMBOL        ch
  C:1627H         LINE#         44
  C:162CH         LINE#         45
  C:162CH         LINE#         46
  C:162FH         LINE#         47
  C:1636H         LINE#         48
  C:163CH         LINE#         49
  C:163DH         LINE#         50
  C:163EH         LINE#         51
  C:163FH         LINE#         52
  C:1640H         LINE#         53
  C:1645H         LINE#         54
  C:1648H         LINE#         55
  C:1650H         LINE#         56
  -------         ENDPROC       _GET_ADC10BITRESULT
  -------         ENDMOD        ADC

BL51 BANKED LINKER/LOCATER V6.22.4.0                                                  07/26/2026  15:50:19  PAGE 16


  -------         MODULE        TIMER2
  C:0000H         SYMBOL        _ICE_DUMMY_
  D:0080H         PUBLIC        P0
  D:0090H         PUBLIC        P1
  D:00A0H         PUBLIC        P2
  D:00B0H         PUBLIC        P3
  D:00C0H         PUBLIC        P4
  D:00C8H         PUBLIC        P5
  D:00A8H         PUBLIC        IE
  D:008FH         PUBLIC        INTCLKO
  D:00B8H         PUBLIC        IP
  X:00BEH         PUBLIC        T2_cnt
  D:0098H         PUBLIC        SCON
  D:0088H         PUBLIC        TCON
  D:00AFH         PUBLIC        IE2
  D:008EH         PUBLIC        AUXR
  D:00D6H         PUBLIC        T2H
  D:00D7H         PUBLIC        T2L
  C:0ADFH         PUBLIC        _Timer2_Config
  D:00D0H         PUBLIC        PSW
  -------         PROC          _TIMER2_CONFIG
  D:0007H         SYMBOL        mode
  X:00BCH         SYMBOL        time
  C:0ADFH         LINE#         16
  C:0AE7H         LINE#         17
  C:0AE7H         LINE#         18
  C:0AF2H         LINE#         19
  C:0AF2H         LINE#         20
  C:0AF2H         LINE#         21
  C:0AF2H         LINE#         22
  C:0AF5H         LINE#         23
  C:0B24H         LINE#         24
  C:0B37H         LINE#         25
  C:0B37H         LINE#         26
  C:0B39H         LINE#         27
  C:0B39H         LINE#         28
  C:0B39H         LINE#         29
  C:0B3CH         LINE#         30
  C:0B74H         LINE#         31
  C:0BAEH         LINE#         32
  C:0BAEH         LINE#         33
  C:0BAEH         LINE#         35
  C:0BB1H         LINE#         37
  C:0BB4H         LINE#         38
  C:0BB7H         LINE#         39
  -------         ENDPROC       _TIMER2_CONFIG
  -------         ENDMOD        TIMER2

  -------         MODULE        DIGITAL_CUBE
  C:0000H         SYMBOL        _ICE_DUMMY_
  D:0093H         PUBLIC        P0M1
  D:0096H         PUBLIC        P2M0
  D:0080H         PUBLIC        P0
  D:00B2H         PUBLIC        P3M0
  D:0095H         PUBLIC        P2M1
  D:0090H         PUBLIC        P1
  D:00B1H         PUBLIC        P3M1
BL51 BANKED LINKER/LOCATER V6.22.4.0                                                  07/26/2026  15:50:19  PAGE 17


  D:00A0H         PUBLIC        P2
  D:00B0H         PUBLIC        P3
  D:00C0H         PUBLIC        P4
  D:00C8H         PUBLIC        P5
  C:16A4H         PUBLIC        _digital_cube_ShowOne
  D:00A8H         PUBLIC        IE
  D:00B8H         PUBLIC        IP
  X:00A9H         PUBLIC        display_buf
  C:16C7H         PUBLIC        Digital_Tube_flash
  B:0080H.1       PUBLIC        P01
  B:00A0H.0       PUBLIC        P20
  B:00A0H.1       PUBLIC        P21
  D:0098H         PUBLIC        SCON
  B:00A0H.3       PUBLIC        P23
  D:0088H         PUBLIC        TCON
  B:00A0H.4       PUBLIC        P24
  B:00A0H.5       PUBLIC        P25
  B:00B0H.5       PUBLIC        P35
  B:00A0H.6       PUBLIC        P26
  C:1651H         PUBLIC        _Digital_Tube_Show
  B:00B0H.6       PUBLIC        P36
  B:00A0H.7       PUBLIC        P27
  B:00B0H.7       PUBLIC        P37
  C:122EH         PUBLIC        _Digital_Tube_ShowNum
  D:00D0H         PUBLIC        PSW
  C:1772H         PUBLIC        data_
  C:1344H         PUBLIC        digital_cube_init
  D:0094H         PUBLIC        P0M0
  -------         PROC          DIGITAL_CUBE_INIT
  C:1344H         LINE#         33
  C:1344H         LINE#         34
  C:1344H         LINE#         38
  C:1347H         LINE#         39
  C:134AH         LINE#         40
  C:134CH         LINE#         43
  C:134FH         LINE#         44
  C:1352H         LINE#         45
  C:1354H         LINE#         48
  C:1357H         LINE#         49
  C:135AH         LINE#         50
  C:135CH         LINE#         53
  C:135FH         LINE#         54
  C:1362H         LINE#         55
  C:1364H         LINE#         58
  C:1367H         LINE#         59
  C:136AH         LINE#         60
  C:136CH         LINE#         63
  C:136FH         LINE#         64
  C:1372H         LINE#         65
  C:1374H         LINE#         68
  C:1377H         LINE#         69
  C:137AH         LINE#         70
  C:137CH         LINE#         73
  C:137FH         LINE#         74
  C:1382H         LINE#         75
  C:1384H         LINE#         78
  C:1387H         LINE#         79
BL51 BANKED LINKER/LOCATER V6.22.4.0                                                  07/26/2026  15:50:19  PAGE 18


  C:138AH         LINE#         80
  C:138CH         LINE#         83
  C:138FH         LINE#         84
  C:1392H         LINE#         85
  C:1394H         LINE#         87
  C:1396H         LINE#         89
  -------         ENDPROC       DIGITAL_CUBE_INIT
  -------         PROC          _DIGITAL_CUBE_SHOWONE
  D:0007H         SYMBOL        num
  C:16A4H         LINE#         91
  C:16A4H         LINE#         92
  C:16A4H         LINE#         94
  C:16ADH         LINE#         95
  C:16B2H         LINE#         96
  C:16B6H         LINE#         97
  C:16BAH         LINE#         98
  C:16BEH         LINE#         99
  C:16C2H         LINE#         100
  C:16C6H         LINE#         101
  -------         ENDPROC       _DIGITAL_CUBE_SHOWONE
  -------         PROC          _DIGITAL_TUBE_SHOW
  D:0007H         SYMBOL        num
  D:0005H         SYMBOL        loc
  C:1651H         LINE#         104
  C:1651H         LINE#         105
  C:1651H         LINE#         107
  C:1653H         LINE#         108
  C:1655H         LINE#         109
  C:1657H         LINE#         110
  C:1662H         LINE#         111
  C:1662H         LINE#         112
  C:1662H         LINE#         113
  C:1664H         LINE#         114
  C:1666H         LINE#         115
  C:1668H         LINE#         116
  C:166AH         LINE#         117
  C:166AH         LINE#         118
  C:166CH         LINE#         119
  C:166EH         LINE#         120
  C:1670H         LINE#         121
  C:1672H         LINE#         122
  C:1672H         LINE#         123
  C:1674H         LINE#         124
  C:1676H         LINE#         125
  C:1678H         LINE#         126
  C:1678H         LINE#         128
  C:1678H         LINE#         129
  C:1678H         LINE#         130
  C:1678H         LINE#         131
  -------         ENDPROC       _DIGITAL_TUBE_SHOW
  -------         PROC          _DIGITAL_TUBE_SHOWNUM
  D:0002H         SYMBOL        num
  C:122EH         LINE#         134
  C:1232H         LINE#         135
  C:1232H         LINE#         136
  C:123AH         LINE#         137
  C:1246H         LINE#         138
BL51 BANKED LINKER/LOCATER V6.22.4.0                                                  07/26/2026  15:50:19  PAGE 19


  C:125BH         LINE#         139
  C:1263H         LINE#         140
  C:1265H         LINE#         141
  C:1265H         LINE#         142
  C:126BH         LINE#         143
  C:127CH         LINE#         144
  C:128DH         LINE#         145
  C:128DH         LINE#         147
  -------         ENDPROC       _DIGITAL_TUBE_SHOWNUM
  -------         PROC          DIGITAL_TUBE_FLASH
  -------         DO            
  X:00A8H         SYMBOL        p
  -------         ENDDO         
  C:16C7H         LINE#         150
  C:16C7H         LINE#         151
  C:16C7H         LINE#         154
  C:16DAH         LINE#         155
  C:16E0H         LINE#         156
  C:16E6H         LINE#         157
  C:16E8H         LINE#         159
  -------         ENDPROC       DIGITAL_TUBE_FLASH
  -------         ENDMOD        DIGITAL_CUBE

  -------         MODULE        ADDR
  C:0000H         SYMBOL        _ICE_DUMMY_
  D:0080H         PUBLIC        P0
  D:0090H         PUBLIC        P1
  D:00A0H         PUBLIC        P2
  D:00B0H         PUBLIC        P3
  D:00C0H         PUBLIC        P4
  D:00C8H         PUBLIC        P5
  D:00A8H         PUBLIC        IE
  D:00B8H         PUBLIC        IP
  C:128EH         PUBLIC        addr_read
  B:0080H.2       PUBLIC        P02
  B:0090H.2       PUBLIC        P12
  B:0080H.3       PUBLIC        P03
  C:1708H         PUBLIC        addr_init
  D:0098H         PUBLIC        SCON
  B:0090H.3       PUBLIC        P13
  B:0090H.4       PUBLIC        P14
  D:0088H         PUBLIC        TCON
  B:0090H.5       PUBLIC        P15
  D:00D0H         PUBLIC        PSW
  -------         PROC          ADDR_INIT
  C:1708H         LINE#         2
  C:1708H         LINE#         3
  C:1708H         LINE#         6
  C:170FH         LINE#         7
  C:1713H         LINE#         8
  C:1718H         LINE#         9
  C:171CH         LINE#         10
  C:1720H         LINE#         11
  C:1724H         LINE#         12
  -------         ENDPROC       ADDR_INIT
  -------         PROC          ADDR_READ
  -------         DO            
BL51 BANKED LINKER/LOCATER V6.22.4.0                                                  07/26/2026  15:50:19  PAGE 20


  D:0007H         SYMBOL        addr
  -------         ENDDO         
  C:128EH         LINE#         15
  C:128EH         LINE#         16
  C:128EH         LINE#         17
  C:1290H         LINE#         18
  C:12A0H         LINE#         19
  C:12AFH         LINE#         20
  C:12C0H         LINE#         21
  C:12D0H         LINE#         22
  C:12DEH         LINE#         23
  C:12EAH         LINE#         24
  C:12EAH         LINE#         25
  -------         ENDPROC       ADDR_READ
  -------         ENDMOD        ADDR

  -------         MODULE        UART2
  C:0000H         SYMBOL        _ICE_DUMMY_
  C:159EH         PUBLIC        _UART2_sendArray
  D:0080H         PUBLIC        P0
  D:0090H         PUBLIC        P1
  D:00A0H         PUBLIC        P2
  D:00B0H         PUBLIC        P3
  D:00C0H         PUBLIC        P4
  D:00C8H         PUBLIC        P5
  B:0020H.1       PUBLIC        B_TX2_Busy
  D:00BAH         PUBLIC        P_SW2
  D:00A8H         PUBLIC        IE
  D:00B6H         PUBLIC        IP2H
  D:00B8H         PUBLIC        IP
  I:0049H         PUBLIC        RX2_Buffer
  D:0098H         PUBLIC        SCON
  D:0088H         PUBLIC        TCON
  C:17B3H         PUBLIC        _PrintString2
  D:00AFH         PUBLIC        IE2
  D:008EH         PUBLIC        AUXR
  C:0DBFH         PUBLIC        _UART2_config
  D:00B5H         PUBLIC        IP2
  D:00D6H         PUBLIC        T2H
  D:00D7H         PUBLIC        T2L
  C:182BH         PUBLIC        _TX2_data
  X:00C0H         PUBLIC        RX2_Cnt
  D:009BH         PUBLIC        S2BUF
  X:00C1H         PUBLIC        TX2_Cnt
  D:009AH         PUBLIC        S2CON
  D:00D0H         PUBLIC        PSW
  -------         PROC          _TX2_DATA
  D:0007H         SYMBOL        tx2dat
  C:182BH         LINE#         15
  C:182BH         LINE#         16
  C:182BH         LINE#         17
  C:182DH         LINE#         18
  C:182FH         LINE#         19
  C:1832H         LINE#         20
  -------         ENDPROC       _TX2_DATA
  -------         PROC          _PRINTSTRING2
  D:0001H         SYMBOL        puts
BL51 BANKED LINKER/LOCATER V6.22.4.0                                                  07/26/2026  15:50:19  PAGE 21


  C:17B3H         LINE#         29
  C:17B3H         LINE#         30
  C:17B3H         LINE#         31
  C:17B9H         LINE#         32
  C:17B9H         LINE#         33
  C:17BCH         LINE#         34
  C:17C5H         LINE#         35
  -------         ENDPROC       _PRINTSTRING2
  -------         PROC          _UART2_CONFIG
  X:0071H         SYMBOL        UART_IOSEL
  X:0072H         SYMBOL        FOSC
  X:0076H         SYMBOL        BAUD2
  C:0DBFH         LINE#         45
  C:0DC4H         LINE#         46
  C:0DC4H         LINE#         47
  C:0DC7H         LINE#         48
  C:0DCAH         LINE#         49
  C:0DCDH         LINE#         50
  C:0E0CH         LINE#         51
  C:0E3AH         LINE#         52
  C:0E3DH         LINE#         53
  C:0E40H         LINE#         54
  C:0E43H         LINE#         56
  C:0E46H         LINE#         57
  C:0E49H         LINE#         59
  C:0E4CH         LINE#         60
  C:0E4FH         LINE#         61
  C:0E55H         LINE#         62
  C:0E57H         LINE#         63
  C:0E5CH         LINE#         64
  C:0E60H         LINE#         65
  -------         ENDPROC       _UART2_CONFIG
  -------         PROC          _UART2_SENDARRAY
  D:0006H         SYMBOL        count
  X:0063H         SYMBOL        p
  -------         DO            
  D:0005H         SYMBOL        i
  -------         ENDDO         
  C:159EH         LINE#         68
  C:15ABH         LINE#         69
  C:15ABH         LINE#         70
  C:15ADH         LINE#         71
  C:15B2H         LINE#         72
  C:15C9H         LINE#         73
  C:15CCH         LINE#         74
  -------         ENDPROC       _UART2_SENDARRAY
  -------         ENDMOD        UART2

  -------         MODULE        MODEBUSRTU
  C:0000H         SYMBOL        _ICE_DUMMY_
  D:0080H         PUBLIC        P0
  D:0090H         PUBLIC        P1
  D:00A0H         PUBLIC        P2
  D:00B0H         PUBLIC        P3
  D:00C0H         PUBLIC        P4
  X:0000H         PUBLIC        co2
  D:00C8H         PUBLIC        P5
BL51 BANKED LINKER/LOCATER V6.22.4.0                                                  07/26/2026  15:50:19  PAGE 22


  B:00A8H.7       PUBLIC        EA
  C:0E61H         PUBLIC        _ModBus_CRC
  C:0874H         PUBLIC        parse_sensor_frame
  D:00A8H         PUBLIC        IE
  X:0004H         PUBLIC        Time
  X:0008H         PUBLIC        pRxPacket
  C:178AH         PUBLIC        ModBus_Clear
  D:00B8H         PUBLIC        IP
  X:0009H         PUBLIC        ModBusSendBuf_len
  B:0098H.0       PUBLIC        RI
  C:10F9H         PUBLIC        UART1_int
  C:1166H         PUBLIC        UART2_int
  B:0098H.1       PUBLIC        TI
  X:000AH         PUBLIC        sensor
  C:1725H         PUBLIC        ModBus_handle
  X:0019H         PUBLIC        Reg
  C:1439H         SYMBOL        _calc_sum_check
  D:0099H         PUBLIC        SBUF
  D:0098H         PUBLIC        SCON
  D:0088H         PUBLIC        TCON
  C:066BH         PUBLIC        ModBus_Send
  X:0025H         PUBLIC        cnt
  X:0026H         PUBLIC        sensorRawData
  X:0037H         PUBLIC        uart_send_flag
  C:11CDH         PUBLIC        _calc_checksum
  X:0038H         PUBLIC        RxState
  X:0039H         PUBLIC        Res_cnt
  X:003AH         PUBLIC        ModbusReceiveBuf
  C:167BH         PUBLIC        ModBus_write
  D:009BH         PUBLIC        S2BUF
  D:009AH         PUBLIC        S2CON
  C:13E8H         PUBLIC        ModBus_ReadOneByte
  X:004EH         PUBLIC        address
  C:0C69H         PUBLIC        parse_co2_frame
  X:004FH         PUBLIC        ModBusSendBuf
  D:00D0H         PUBLIC        PSW
  -------         PROC          L?0058
  -------         ENDPROC       L?0058
  -------         PROC          _CALC_SUM_CHECK
  X:009FH         SYMBOL        dd
  D:0005H         SYMBOL        len
  -------         DO            
  X:00A2H         SYMBOL        sum
  D:0007H         SYMBOL        i
  -------         ENDDO         
  C:1439H         LINE#         47
  C:1444H         LINE#         48
  C:1444H         LINE#         49
  C:1449H         LINE#         50
  C:144AH         LINE#         51
  C:1452H         LINE#         52
  C:1476H         LINE#         53
  C:147CH         LINE#         54
  -------         ENDPROC       _CALC_SUM_CHECK
  -------         PROC          _CALC_CHECKSUM
  X:006AH         SYMBOL        dd
  X:006DH         SYMBOL        len
BL51 BANKED LINKER/LOCATER V6.22.4.0                                                  07/26/2026  15:50:19  PAGE 23


  -------         DO            
  X:006FH         SYMBOL        sum
  D:0006H         SYMBOL        i
  -------         ENDDO         
  C:11CDH         LINE#         56
  C:11DEH         LINE#         57
  C:11E3H         LINE#         58
  C:11E5H         LINE#         59
  C:1200H         LINE#         60
  C:1220H         LINE#         61
  C:1227H         LINE#         62
  C:122DH         LINE#         63
  -------         ENDPROC       _CALC_CHECKSUM
  -------         PROC          _MODBUS_CRC
  D:0001H         SYMBOL        addr
  X:0068H         SYMBOL        num
  -------         DO            
  X:0069H         SYMBOL        i
  D:0004H         SYMBOL        j
  X:006BH         SYMBOL        temp
  X:006DH         SYMBOL        crc
  -------         ENDDO         
  C:0E61H         LINE#         64
  C:0E66H         LINE#         65
  C:0E66H         LINE#         69
  C:0E6EH         LINE#         70
  C:0E70H         LINE#         71
  C:0E8EH         LINE#         72
  C:0E9BH         LINE#         73
  C:0E9EH         LINE#         74
  C:0E9EH         LINE#         75
  C:0EADH         LINE#         76
  C:0EB6H         LINE#         77
  C:0EC0H         LINE#         78
  C:0ECCH         LINE#         79
  C:0ECCH         LINE#         80
  C:0ED7H         LINE#         81
  C:0EDEH         LINE#         82
  C:0EEEH         LINE#         83
  C:0EF0H         LINE#         84
  C:0EF8H         LINE#         85
  -------         ENDPROC       _MODBUS_CRC
  -------         PROC          MODBUS_SEND
  -------         DO            
  X:0065H         SYMBOL        i
  D:0006H         SYMBOL        crc
  D:0001H         SYMBOL        func
  X:0066H         SYMBOL        temp_send
  D:0004H         SYMBOL        humi_send
  -------         ENDDO         
  C:066BH         LINE#         90
  C:066BH         LINE#         91
  C:066BH         LINE#         92
  C:0670H         LINE#         93
  C:0670H         LINE#         95
  C:0670H         LINE#         97
  C:067FH         LINE#         98
BL51 BANKED LINKER/LOCATER V6.22.4.0                                                  07/26/2026  15:50:19  PAGE 24


  C:0689H         LINE#         101
  C:06A1H         LINE#         102
  C:06B5H         LINE#         105
  C:06C9H         LINE#         106
  C:06DDH         LINE#         109
  C:06F5H         LINE#         110
  C:070EH         LINE#         112
  C:0726H         LINE#         113
  C:073FH         LINE#         115
  C:0757H         LINE#         116
  C:0770H         LINE#         118
  C:0788H         LINE#         119
  C:07A1H         LINE#         121
  C:07B9H         LINE#         122
  C:07D2H         LINE#         126
  C:07EAH         LINE#         127
  C:0803H         LINE#         129
  C:0818H         LINE#         130
  C:082DH         LINE#         133
  C:083BH         LINE#         134
  C:0850H         LINE#         135
  C:0865H         LINE#         137
  C:086DH         LINE#         138
  C:0873H         LINE#         139
  -------         ENDPROC       MODBUS_SEND
  -------         PROC          MODBUS_WRITE
  -------         DO            
  D:0004H         SYMBOL        Reg_address
  D:0006H         SYMBOL        receive_data
  -------         ENDDO         
  C:167BH         LINE#         173
  C:167BH         LINE#         174
  C:167BH         LINE#         175
  C:1685H         LINE#         176
  C:168BH         LINE#         177
  C:16A3H         LINE#         178
  -------         ENDPROC       MODBUS_WRITE
  -------         PROC          MODBUS_CLEAR
  C:178AH         LINE#         184
  C:178AH         LINE#         185
  C:178AH         LINE#         186
  C:178FH         LINE#         187
  C:1793H         LINE#         188
  -------         ENDPROC       MODBUS_CLEAR
  -------         PROC          PARSE_CO2_FRAME
  -------         DO            
  X:00ACH         SYMBOL        sum
  X:00ACH         SYMBOL        crc_calc
  X:00AEH         SYMBOL        crc_recv
  -------         ENDDO         
  -------         DO            
  X:00ACH         SYMBOL        crc_calc
  X:00AEH         SYMBOL        crc_recv
  -------         ENDDO         
  C:0C69H         LINE#         190
  C:0C69H         LINE#         191
  C:0C69H         LINE#         192
BL51 BANKED LINKER/LOCATER V6.22.4.0                                                  07/26/2026  15:50:19  PAGE 25


  C:0C6EH         LINE#         197
  C:0C84H         LINE#         198
  C:0C84H         LINE#         199
  C:0C8EH         LINE#         200
  C:0C98H         LINE#         201
  C:0C98H         LINE#         202
  C:0CAAH         LINE#         203
  C:0CB0H         LINE#         204
  C:0CB4H         LINE#         205
  C:0CB5H         LINE#         207
  C:0CB5H         LINE#         209
  C:0CB5H         LINE#         210
  C:0CB5H         LINE#         215
  C:0CCBH         LINE#         216
  C:0CCBH         LINE#         218
  C:0CD8H         LINE#         219
  C:0CECH         LINE#         221
  C:0CF8H         LINE#         222
  C:0CF8H         LINE#         223
  C:0D0CH         LINE#         224
  C:0D12H         LINE#         225
  C:0D17H         LINE#         226
  C:0D17H         LINE#         228
  C:0D17H         LINE#         230
  C:0D17H         LINE#         231
  C:0D17H         LINE#         233
  C:0D17H         LINE#         235
  C:0D17H         LINE#         237
  -------         ENDPROC       PARSE_CO2_FRAME
  -------         PROC          PARSE_SENSOR_FRAME
  -------         DO            
  X:0063H         SYMBOL        temp_high
  X:0064H         SYMBOL        temp_low
  X:0065H         SYMBOL        checksum
  X:0066H         SYMBOL        temp
  -------         ENDDO         
  C:0874H         LINE#         238
  C:0874H         LINE#         240
  C:087CH         LINE#         241
  C:0884H         LINE#         242
  C:0896H         LINE#         244
  C:08CBH         LINE#         245
  C:08D8H         LINE#         246
  C:08D8H         LINE#         247
  C:08D8H         LINE#         248
  C:08DAH         LINE#         249
  C:08DAH         LINE#         251
  C:08E6H         LINE#         252
  C:08EBH         LINE#         253
  C:08EFH         LINE#         254
  C:08F2H         LINE#         255
  C:08F2H         LINE#         257
  C:08F8H         LINE#         259
  C:090AH         LINE#         260
  C:091CH         LINE#         261
  C:092EH         LINE#         262
  C:0940H         LINE#         263
BL51 BANKED LINKER/LOCATER V6.22.4.0                                                  07/26/2026  15:50:19  PAGE 26


  C:0952H         LINE#         267
  C:095AH         LINE#         268
  C:095DH         LINE#         269
  C:0993H         LINE#         270
  C:0993H         LINE#         271
  C:09B6H         LINE#         273
  C:09FAH         LINE#         274
  C:09FFH         LINE#         275
  C:09FFH         LINE#         276
  -------         ENDPROC       PARSE_SENSOR_FRAME
  -------         PROC          MODBUS_READONEBYTE
  -------         DO            
  X:0063H         SYMBOL        CRC_H
  X:0064H         SYMBOL        CRC_L
  -------         ENDDO         
  C:13E8H         LINE#         282
  C:13E8H         LINE#         283
  C:13E8H         LINE#         284
  C:13EFH         LINE#         286
  C:1404H         LINE#         287
  C:1425H         LINE#         288
  C:1428H         LINE#         289
  C:142DH         LINE#         290
  C:142DH         LINE#         291
  C:142DH         LINE#         292
  C:1432H         LINE#         293
  -------         ENDPROC       MODBUS_READONEBYTE
  -------         PROC          MODBUS_HANDLE
  C:1725H         LINE#         295
  C:1725H         LINE#         296
  C:1725H         LINE#         298
  C:1731H         LINE#         299
  C:1731H         LINE#         300
  C:1731H         LINE#         301
  C:1739H         LINE#         302
  C:1739H         LINE#         303
  C:173CH         LINE#         304
  C:173CH         LINE#         305
  C:173CH         LINE#         306
  C:173CH         LINE#         308
  C:173FH         LINE#         309
  C:173FH         LINE#         311
  C:173FH         LINE#         312
  C:173FH         LINE#         313
  C:173FH         LINE#         316
  -------         ENDPROC       MODBUS_HANDLE
  -------         PROC          UART2_INT
  -------         DO            
  D:0007H         SYMBOL        temp
  -------         ENDDO         
  C:1166H         LINE#         321
  C:1183H         LINE#         324
  C:1186H         LINE#         325
  C:118BH         LINE#         326
  C:118BH         LINE#         327
  C:118EH         LINE#         328
  C:1190H         LINE#         332
BL51 BANKED LINKER/LOCATER V6.22.4.0                                                  07/26/2026  15:50:19  PAGE 27


  C:11A3H         LINE#         335
  C:11A8H         LINE#         337
  C:11A8H         LINE#         338
  C:11ADH         LINE#         339
  C:11ADH         LINE#         340
  C:11B0H         LINE#         341
  C:11B2H         LINE#         342
  C:11B2H         LINE#         343
  -------         ENDPROC       UART2_INT
  -------         PROC          UART1_INT
  C:10F9H         LINE#         345
  C:1116H         LINE#         347
  C:1119H         LINE#         348
  C:111CH         LINE#         349
  C:111CH         LINE#         351
  C:111EH         LINE#         356
  C:1127H         LINE#         357
  C:1127H         LINE#         358
  C:1138H         LINE#         359
  C:113AH         LINE#         360
  C:113FH         LINE#         361
  C:1144H         LINE#         363
  C:1144H         LINE#         364
  C:1147H         LINE#         365
  C:1147H         LINE#         366
  C:1149H         LINE#         367
  C:114BH         LINE#         368
  C:114BH         LINE#         369
  -------         ENDPROC       UART1_INT
  -------         ENDMOD        MODEBUSRTU

  -------         MODULE        TIMER0
  C:0000H         SYMBOL        _ICE_DUMMY_
  D:0080H         PUBLIC        P0
  D:0090H         PUBLIC        P1
  D:00A0H         PUBLIC        P2
  D:00B0H         PUBLIC        P3
  D:00C0H         PUBLIC        P4
  D:00C8H         PUBLIC        P5
  D:00A8H         PUBLIC        IE
  D:00B8H         PUBLIC        IP
  X:00C2H         PUBLIC        T0_cnt
  D:0098H         PUBLIC        SCON
  D:0089H         PUBLIC        TMOD
  D:0088H         PUBLIC        TCON
  D:008EH         PUBLIC        AUXR
  B:00A8H.1       PUBLIC        ET0
  D:008CH         PUBLIC        TH0
  D:008AH         PUBLIC        TL0
  B:0088H.4       PUBLIC        TR0
  B:00B8H.0       PUBLIC        PX0
  D:00B7H         PUBLIC        IPH
  C:0A00H         PUBLIC        _Timer0_Config
  D:00D0H         PUBLIC        PSW
  -------         PROC          _TIMER0_CONFIG
  D:0007H         SYMBOL        mode
  X:0071H         SYMBOL        time
BL51 BANKED LINKER/LOCATER V6.22.4.0                                                  07/26/2026  15:50:19  PAGE 28


  C:0A00H         LINE#         17
  C:0A08H         LINE#         18
  C:0A08H         LINE#         19
  C:0A13H         LINE#         20
  C:0A13H         LINE#         21
  C:0A13H         LINE#         22
  C:0A13H         LINE#         23
  C:0A16H         LINE#         24
  C:0A45H         LINE#         25
  C:0A58H         LINE#         26
  C:0A58H         LINE#         27
  C:0A5AH         LINE#         28
  C:0A5AH         LINE#         29
  C:0A5AH         LINE#         30
  C:0A5DH         LINE#         31
  C:0A95H         LINE#         32
  C:0ACFH         LINE#         33
  C:0ACFH         LINE#         34
  C:0ACFH         LINE#         35
  C:0AD2H         LINE#         36
  C:0AD4H         LINE#         37
  C:0AD6H         LINE#         38
  C:0AD8H         LINE#         39
  C:0ADBH         LINE#         40
  C:0ADEH         LINE#         41
  -------         ENDPROC       _TIMER0_CONFIG
  -------         ENDMOD        TIMER0

  -------         MODULE        ?C?FPADD
  C:004DH         PUBLIC        ?C?FPADD
  C:0049H         PUBLIC        ?C?FPSUB
  -------         ENDMOD        ?C?FPADD

  -------         MODULE        ?C?FPMUL
  C:013EH         PUBLIC        ?C?FPMUL
  -------         ENDMOD        ?C?FPMUL

  -------         MODULE        ?C?FPDIV
  C:0247H         PUBLIC        ?C?FPDIV
  -------         ENDMOD        ?C?FPDIV

  -------         MODULE        ?C?FPCMP
  C:02E6H         PUBLIC        ?C?FPCMP
  C:02E4H         PUBLIC        ?C?FPCMP3
  -------         ENDMOD        ?C?FPCMP

  -------         MODULE        ?C?FPNEG
  C:035DH         PUBLIC        ?C?FPNEG
  -------         ENDMOD        ?C?FPNEG

  -------         MODULE        ?C?FCAST
  C:0378H         PUBLIC        ?C?FCASTC
  C:0373H         PUBLIC        ?C?FCASTI
  C:036EH         PUBLIC        ?C?FCASTL
  -------         ENDMOD        ?C?FCAST

  -------         MODULE        ?C?CASTF
BL51 BANKED LINKER/LOCATER V6.22.4.0                                                  07/26/2026  15:50:19  PAGE 29


  C:03ACH         PUBLIC        ?C?CASTF
  -------         ENDMOD        ?C?CASTF

  -------         MODULE        ?C?CLDPTR
  C:042DH         PUBLIC        ?C?CLDPTR
  -------         ENDMOD        ?C?CLDPTR

  -------         MODULE        ?C?CLDOPTR
  C:0446H         PUBLIC        ?C?CLDOPTR
  -------         ENDMOD        ?C?CLDOPTR

  -------         MODULE        ?C?CSTPTR
  C:0473H         PUBLIC        ?C?CSTPTR
  -------         ENDMOD        ?C?CSTPTR

  -------         MODULE        ?C?UIDIV
  C:0485H         PUBLIC        ?C?UIDIV
  -------         ENDMOD        ?C?UIDIV

  -------         MODULE        ?C?SIDIV
  C:04DAH         PUBLIC        ?C?SIDIV
  -------         ENDMOD        ?C?SIDIV

  -------         MODULE        ?C?IILDX
  C:0510H         PUBLIC        ?C?IILDX
  -------         ENDMOD        ?C?IILDX

  -------         MODULE        ?C?ULDIV
  C:0562H         PUBLIC        ?C?ULDIV
  -------         ENDMOD        ?C?ULDIV

  -------         MODULE        ?C?SLDIV
  C:147DH         PUBLIC        ?C?SLDIV
  -------         ENDMOD        ?C?SLDIV

  -------         MODULE        ?C?LNEG
  C:05F4H         PUBLIC        ?C?LNEG
  -------         ENDMOD        ?C?LNEG

  -------         MODULE        ?C?LSTXDATA
  C:0602H         PUBLIC        ?C?LSTXDATA
  -------         ENDMOD        ?C?LSTXDATA

  -------         MODULE        ?C?LSTKXDATA
  C:060EH         PUBLIC        ?C?LSTKXDATA
  -------         ENDMOD        ?C?LSTKXDATA

  -------         MODULE        ?C?MEMSET
  C:063FH         PUBLIC        ?C?MEMSET
  -------         ENDMOD        ?C?MEMSET

Program Size: data=89.2 xdata=197 code=6221
LINK/LOCATE RUN COMPLETE.  0 WARNING(S),  0 ERROR(S)
