BL51 BANKED LINKER/LOCATER V6.22                                                        08/04/2025  23:11:31  PAGE 1


BL51 BANKED LINKER/LOCATER V6.22, INVOKED BY:
D:\C51  KEIL5\KEIL 5\C51\BIN\BL51.EXE ..\hex文件\main.obj, ..\hex文件\RI2C.obj, ..\hex文件\delay.obj, ..\hex文件\uart1.o
>> bj, ..\hex文件\SPL06_001.obj, ..\hex文件\adc.obj, ..\hex文件\timer2.obj, ..\hex文件\digital_cube.obj, ..\hex文件\addr
>> .obj, ..\hex文件\uart2.obj, ..\hex文件\ModeBusRTU.obj, ..\hex文件\timer0.obj, ..\hex文件\SPL07-003.obj TO ..\hex文件\
>> main PRINT (.\List\main.m51) RAMSIZE (256) DISABLEWARNING (16)


MEMORY MODEL: LARGE WITH FLOATING POINT ARITHMETIC


INPUT MODULES INCLUDED:
  ..\hex文件\main.obj (MAIN)
  ..\hex文件\RI2C.obj (RI2C)
  ..\hex文件\delay.obj (DELAY)
  ..\hex文件\uart1.obj (UART1)
  ..\hex文件\SPL06_001.obj (SPL06_001)
  ..\hex文件\adc.obj (ADC)
  ..\hex文件\timer2.obj (TIMER2)
  ..\hex文件\digital_cube.obj (DIGITAL_CUBE)
  ..\hex文件\addr.obj (ADDR)
  ..\hex文件\uart2.obj (UART2)
  ..\hex文件\ModeBusRTU.obj (MODEBUSRTU)
  ..\hex文件\timer0.obj (TIMER0)
  ..\hex文件\SPL07-003.obj (SPL07_003)
  D:\C51  KEIL5\KEIL 5\C51\LIB\C51FPL.LIB (?C?FPADD)
  D:\C51  KEIL5\KEIL 5\C51\LIB\C51FPL.LIB (?C?FPMUL)
  D:\C51  KEIL5\KEIL 5\C51\LIB\C51FPL.LIB (?C?FPDIV)
  D:\C51  KEIL5\KEIL 5\C51\LIB\C51FPL.LIB (?C?FPCMP)
  D:\C51  KEIL5\KEIL 5\C51\LIB\C51FPL.LIB (?C?FCAST)
  D:\C51  KEIL5\KEIL 5\C51\LIB\C51FPL.LIB (?C?CASTF)
  D:\C51  KEIL5\KEIL 5\C51\LIB\C51FPL.LIB (?C?FPGETOPN)
  D:\C51  KEIL5\KEIL 5\C51\LIB\C51L.LIB (?C_STARTUP)
  D:\C51  KEIL5\KEIL 5\C51\LIB\C51L.LIB (?C?COPY)
  D:\C51  KEIL5\KEIL 5\C51\LIB\C51L.LIB (?C?CLDPTR)
  D:\C51  KEIL5\KEIL 5\C51\LIB\C51L.LIB (?C?CLDOPTR)
  D:\C51  KEIL5\KEIL 5\C51\LIB\C51L.LIB (?C?CSTPTR)
  D:\C51  KEIL5\KEIL 5\C51\LIB\C51L.LIB (?C?UIDIV)
  D:\C51  KEIL5\KEIL 5\C51\LIB\C51L.LIB (?C?SIDIV)
  D:\C51  KEIL5\KEIL 5\C51\LIB\C51L.LIB (?C?IILDX)
  D:\C51  KEIL5\KEIL 5\C51\LIB\C51L.LIB (?C?ULDIV)
  D:\C51  KEIL5\KEIL 5\C51\LIB\C51L.LIB (?C?SLDIV)
  D:\C51  KEIL5\KEIL 5\C51\LIB\C51L.LIB (?C?LNEG)
  D:\C51  KEIL5\KEIL 5\C51\LIB\C51L.LIB (?C?ULSHR)
  D:\C51  KEIL5\KEIL 5\C51\LIB\C51L.LIB (?C?SLSHR)
  D:\C51  KEIL5\KEIL 5\C51\LIB\C51L.LIB (?C?LSHL)
  D:\C51  KEIL5\KEIL 5\C51\LIB\C51L.LIB (?C?LSTXDATA)
  D:\C51  KEIL5\KEIL 5\C51\LIB\C51L.LIB (?C?LSTKXDATA)
  D:\C51  KEIL5\KEIL 5\C51\LIB\C51L.LIB (?C?MEMSET)
  D:\C51  KEIL5\KEIL 5\C51\LIB\C51L.LIB (?C_INIT)


LINK MAP OF MODULE:  ..\hex文件\main (MAIN)


            TYPE    BASE      LENGTH    RELOCATION   SEGMENT NAME
            -----------------------------------------------------

            * * * * * * *   D A T A   M E M O R Y   * * * * * * *
BL51 BANKED LINKER/LOCATER V6.22                                                      08/04/2025  23:11:31  PAGE 2


            REG     0000H     0008H     ABSOLUTE     "REG BANK 0"
                    0008H     0018H                  *** GAP ***
            BIT     0020H.0   0000H.1   UNIT         ?BI?UART1
            BIT     0020H.1   0000H.1   UNIT         ?BI?UART2
                    0020H.2   0000H.6                *** GAP ***
            IDATA   0021H     0040H     UNIT         ?ID?UART1
            IDATA   0061H     0040H     UNIT         ?ID?UART2
            IDATA   00A1H     0001H     UNIT         ?STACK

            * * * * * * *  X D A T A   M E M O R Y  * * * * * * *
            XDATA   0000H     003FH     UNIT         ?XD?MODEBUSRTU
            XDATA   003FH     002BH     UNIT         ?XD?SPL07_003
            XDATA   006AH     0027H     UNIT         ?XD?SPL06_001
            XDATA   0091H     001DH     UNIT         _XDATA_GROUP_
            XDATA   00AEH     0012H     UNIT         ?XD?MAIN
            XDATA   00C0H     0010H     UNIT         ?XD?SPL0601_GET_PRESSURE?SPL06_001
            XDATA   00D0H     000CH     UNIT         ?XD?SPL0601_GET_CALIB_PARAM?SPL06_001
            XDATA   00DCH     000CH     UNIT         ?XD?SPL0703_GET_CALIB_PARAM?SPL07_003
            XDATA   00E8H     0005H     UNIT         ?XD?_WRITENBYTE?RI2C
            XDATA   00EDH     0005H     UNIT         ?XD?_READNBYTE?RI2C
            XDATA   00F2H     0004H     UNIT         ?XD?SPL0601_GET_TEMPERATURE?SPL06_001
            XDATA   00F6H     0004H     UNIT         ?XD?DIGITAL_CUBE
            XDATA   00FAH     0003H     UNIT         ?XD?_IIC_WRITE_1BYTE?RI2C
            XDATA   00FDH     0003H     UNIT         ?XD?SPL0601_GET_RAW_TEMP?SPL06_001
            XDATA   0100H     0003H     UNIT         ?XD?SPL0601_GET_RAW_PRESSURE?SPL06_001
            XDATA   0103H     0002H     UNIT         ?XD?UART1
            XDATA   0105H     0002H     UNIT         ?XD?_SPL06_PRESSURE_RATE_CONFIG?SPL06_001
            XDATA   0107H     0002H     UNIT         ?XD?_SPL06_TEMPERATURE_RATE_CONFIG?SPL06_001
            XDATA   0109H     0002H     UNIT         ?XD?_SPL06_SET_INTERRUPT?SPL06_001
            XDATA   010BH     0002H     UNIT         ?XD?_TIMER2_CONFIG?TIMER2
            XDATA   010DH     0002H     UNIT         ?XD?TIMER2
            XDATA   010FH     0002H     UNIT         ?XD?UART2
            XDATA   0111H     0002H     UNIT         ?XD?TIMER0
            XDATA   0113H     0002H     UNIT         ?XD?_SPL07_PRESSURE_RATE_CONFIG?SPL07_003
            XDATA   0115H     0002H     UNIT         ?XD?_SPL07_TEMPERATURE_RATE_CONFIG?SPL07_003
            XDATA   0117H     0001H     UNIT         ?XD?_SPL0601_READ?SPL06_001
            XDATA   0118H     0001H     UNIT         ?XD?_SPL06_SET_SPI_WIRE?SPL06_001
            XDATA   0119H     0001H     UNIT         ?XD?_SPL06_SET_INTRUPT_LEVEL?SPL06_001
            XDATA   011AH     0001H     UNIT         ?XD?SPL0601_INIT?SPL06_001
            XDATA   011BH     0001H     UNIT         ?XD?_GET_ADC10BITRESULT?ADC
            XDATA   011CH     0001H     UNIT         ?XD?SPL0701_INIT?SPL07_003

            * * * * * * *   C O D E   M E M O R Y   * * * * * * *
            CODE    0000H     0003H     ABSOLUTE     
                    0003H     0008H                  *** GAP ***
            CODE    000BH     0003H     ABSOLUTE     
                    000EH     0015H                  *** GAP ***
            CODE    0023H     0003H     ABSOLUTE     
                    0026H     001DH                  *** GAP ***
            CODE    0043H     0003H     ABSOLUTE     
                    0046H     07BAH                  *** GAP ***
            CODE    0800H     0744H     UNIT         ?C?LIB_CODE
            CODE    0F44H     0489H     UNIT         ?PR?SPL0703_GET_CALIB_PARAM?SPL07_003
            CODE    13CDH     03ECH     UNIT         ?PR?SPL0601_GET_CALIB_PARAM?SPL06_001
            CODE    17B9H     0217H     UNIT         ?PR?SPL0703_GET_PRESSURE?SPL07_003
            CODE    19D0H     01ECH     UNIT         ?PR?SPL0601_GET_PRESSURE?SPL06_001
            CODE    1BBCH     0131H     UNIT         ?PR?MODBUS_SEND?MODEBUSRTU
BL51 BANKED LINKER/LOCATER V6.22                                                      08/04/2025  23:11:31  PAGE 3


            CODE    1CEDH     00E2H     UNIT         ?PR?MAIN?MAIN
            CODE    1DCFH     00DFH     UNIT         ?PR?_TIMER0_CONFIG?TIMER0
            CODE    1EAEH     00D9H     UNIT         ?PR?_TIMER2_CONFIG?TIMER2
            CODE    1F87H     00C9H     UNIT         ?PR?_SPL07_TEMPERATURE_RATE_CONFIG?SPL07_003
            CODE    2050H     00C5H     UNIT         ?PR?_SPL06_TEMPERATURE_RATE_CONFIG?SPL06_001
            CODE    2115H     00BBH     UNIT         ?PR?_SPL07_PRESSURE_RATE_CONFIG?SPL07_003
            CODE    21D0H     00B7H     UNIT         ?PR?_SPL06_PRESSURE_RATE_CONFIG?SPL06_001
            CODE    2287H     00B2H     UNIT         ?PR?SPL0601_GET_RAW_TEMP?SPL06_001
            CODE    2339H     00B2H     UNIT         ?PR?SPL0703_GET_RAW_TEMP?SPL07_003
            CODE    23EBH     00A7H     UNIT         ?PR?_UART1_CONFIG?UART1
            CODE    2492H     00A2H     UNIT         ?PR?_UART2_CONFIG?UART2
            CODE    2534H     009FH     UNIT         ?PR?SPL0601_GET_RAW_PRESSURE?SPL06_001
            CODE    25D3H     009FH     UNIT         ?PR?SPL0703_GET_RAW_PRESSURE?SPL07_003
            CODE    2672H     0098H     UNIT         ?PR?_MODBUS_CRC?MODEBUSRTU
            CODE    270AH     008CH     UNIT         ?C_C51STARTUP
            CODE    2796H     008AH     UNIT         ?PR?TIMER0?MAIN
            CODE    2820H     0087H     UNIT         ?PR?SPL0601_GET_TEMPERATURE?SPL06_001
            CODE    28A7H     0087H     UNIT         ?PR?SPL0703_GET_TEMPERATURE?SPL07_003
            CODE    292EH     0083H     UNIT         ?PR?PRESSURE_REG0002_WRITE?MAIN
            CODE    29B1H     0067H     UNIT         ?PR?UART2_INT?MODEBUSRTU
            CODE    2A18H     0060H     UNIT         ?PR?_DIGITAL_TUBE_SHOWNUM?DIGITAL_CUBE
            CODE    2A78H     0060H     UNIT         ?PR?UART1_INT?MODEBUSRTU
            CODE    2AD8H     005DH     UNIT         ?PR?ADDR_READ?ADDR
            CODE    2B35H     0059H     UNIT         ?PR?_READNBYTE?RI2C
            CODE    2B8EH     0053H     UNIT         ?PR?DIGITAL_CUBE_INIT?DIGITAL_CUBE
            CODE    2BE1H     0051H     UNIT         ?PR?_IIC_READ_1BYTE?RI2C
            CODE    2C32H     0050H     UNIT         ?PR?MODBUS_READONEBYTE?MODEBUSRTU
            CODE    2C82H     004FH     UNIT         ?C_INITSEG
            CODE    2CD1H     0044H     UNIT         ?C?LDIV
            CODE    2D15H     0043H     UNIT         ?PR?_WRITENBYTE?RI2C
            CODE    2D58H     0042H     UNIT         ?PR?SPL0601_INIT?SPL06_001
            CODE    2D9AH     0042H     UNIT         ?PR?SPL0701_INIT?SPL07_003
            CODE    2DDCH     003CH     UNIT         ?PR?RUN_1MS?MAIN
            CODE    2E18H     0037H     UNIT         ?PR?_IIC_WRITE_1BYTE?RI2C
            CODE    2E4FH     0034H     UNIT         ?PR?_I2C_WRITEABYTE?RI2C
            CODE    2E83H     002FH     UNIT         ?PR?_UART1_SENDARRAY?UART1
            CODE    2EB2H     002FH     UNIT         ?PR?_UART2_SENDARRAY?UART2
            CODE    2EE1H     002CH     UNIT         ?PR?I2C_READABYTE?RI2C
            CODE    2F0DH     002AH     UNIT         ?PR?_GET_ADC10BITRESULT?ADC
            CODE    2F37H     002AH     UNIT         ?PR?_DIGITAL_TUBE_SHOW?DIGITAL_CUBE
            CODE    2F61H     0029H     UNIT         ?PR?MODBUS_WRITE?MODEBUSRTU
            CODE    2F8AH     0027H     UNIT         ?PR?_SPL06_SET_INTERRUPT?SPL06_001
            CODE    2FB1H     0026H     UNIT         ?PR?PRESSURE_REG0003_READ?MAIN
            CODE    2FD7H     0023H     UNIT         ?PR?_DIGITAL_CUBE_SHOWONE?DIGITAL_CUBE
            CODE    2FFAH     0022H     UNIT         ?PR?DIGITAL_TUBE_FLASH?DIGITAL_CUBE
            CODE    301CH     001FH     UNIT         ?PR?I2C_START?RI2C
            CODE    303BH     001EH     UNIT         ?PR?_SPL06_SET_INTRUPT_LEVEL?SPL06_001
            CODE    3059H     001DH     UNIT         ?PR?ADC_INIT?ADC
            CODE    3076H     001DH     UNIT         ?PR?ADDR_INIT?ADDR
            CODE    3093H     001BH     UNIT         ?PR?_SPL0703_READ?SPL07_003
            CODE    30AEH     001AH     UNIT         ?PR?_SPL0601_READ?SPL06_001
            CODE    30C8H     001AH     UNIT         ?PR?MODBUS_HANDLE?MODEBUSRTU
            CODE    30E2H     0019H     UNIT         ?PR?_DELAY_XMS?DELAY
            CODE    30FBH     0019H     UNIT         ?PR?_DELAY_XUS?DELAY
            CODE    3114H     0018H     UNIT         ?CO?DIGITAL_CUBE
            CODE    312CH     0017H     UNIT         ?PR?_SPL06_SET_SPI_WIRE?SPL06_001
            CODE    3143H     0016H     UNIT         ?PR?MODBUS_CLEAR?MODEBUSRTU
BL51 BANKED LINKER/LOCATER V6.22                                                      08/04/2025  23:11:31  PAGE 4


            CODE    3159H     0013H     UNIT         ?PR?_PRINTSTRING1?UART1
            CODE    316CH     0013H     UNIT         ?PR?_PRINTSTRING2?UART2
            CODE    317FH     0012H     UNIT         ?PR?ERROR_HANDLE?MAIN
            CODE    3191H     0011H     UNIT         ?PR?I2C_CHECK_ACK?RI2C
            CODE    31A2H     000FH     UNIT         ?PR?SENDACK?RI2C
            CODE    31B1H     000FH     UNIT         ?PR?SENDNAK?RI2C
            CODE    31C0H     000FH     UNIT         ?PR?I2C_STOP?RI2C
            CODE    31CFH     0009H     UNIT         ?PR?RUN_100MS?MAIN
            CODE    31D8H     0009H     UNIT         ?PR?DELAY_MS?DELAY
            CODE    31E1H     0009H     UNIT         ?PR?_SPL06_SET_MEASURE_MODE?SPL06_001
            CODE    31EAH     0009H     UNIT         ?PR?SPL06_START_TEMPERATURE?SPL06_001
            CODE    31F3H     0009H     UNIT         ?PR?SPL06_START_PRESSURE?SPL06_001
            CODE    31FCH     0009H     UNIT         ?PR?SPL06_ENTER_STANDBY?SPL06_001
            CODE    3205H     0009H     UNIT         ?PR?SPL06_SOFT_RESET?SPL06_001
            CODE    320EH     0009H     UNIT         ?PR?SPL06_RESET_FIFO?SPL06_001
            CODE    3217H     0009H     UNIT         ?PR?_SPL07_SET_MEASURE_MODE?SPL07_003
            CODE    3220H     0009H     UNIT         ?PR?SPL07_START_TEMPERATURE?SPL07_003
            CODE    3229H     0009H     UNIT         ?PR?SPL07_START_PRESSURE?SPL07_003
            CODE    3232H     0009H     UNIT         ?PR?SPL07_ENTER_STANDBY?SPL07_003
            CODE    323BH     0009H     UNIT         ?PR?SPL07_SOFT_RESET?SPL07_003
            CODE    3244H     0009H     UNIT         ?PR?SPL07_RESET_FIFO?SPL07_003
            CODE    324DH     0008H     UNIT         ?PR?_TX1_DATA?UART1
            CODE    3255H     0008H     UNIT         ?PR?SPL06_GET_MEASURE_STATUS?SPL06_001
            CODE    325DH     0008H     UNIT         ?PR?SPL06_GET_INT_STATUS?SPL06_001
            CODE    3265H     0008H     UNIT         ?PR?SPL06_GET_FIFO_STATUS?SPL06_001
            CODE    326DH     0008H     UNIT         ?PR?SPL06_GET_CHIP_ID?SPL06_001
            CODE    3275H     0008H     UNIT         ?PR?_TX2_DATA?UART2
            CODE    327DH     0008H     UNIT         ?PR?SPL07_GET_MEASURE_STATUS?SPL07_003
            CODE    3285H     0008H     UNIT         ?PR?SPL07_GET_INT_STATUS?SPL07_003
            CODE    328DH     0008H     UNIT         ?PR?SPL07_GET_FIFO_STATUS?SPL07_003
            CODE    3295H     0008H     UNIT         ?PR?SPL07_GET_CHIP_ID?SPL07_003
            CODE    329DH     0007H     UNIT         ?PR?WAIT?RI2C
            CODE    32A4H     0007H     UNIT         ?PR?DELAY_US?DELAY
            CODE    32ABH     0007H     UNIT         ?PR?USER_SPL0601_GET_TEMPERATURE?SPL06_001
            CODE    32B2H     0007H     UNIT         ?PR?USER_SPL0601_GET_PRESURE?SPL06_001
            CODE    32B9H     0007H     UNIT         ?PR?ADC_IO_CONFIG?ADC
            CODE    32C0H     0007H     UNIT         ?PR?USER_SPL0703_GET_TEMPERATURE?SPL07_003
            CODE    32C7H     0007H     UNIT         ?PR?USER_SPL0703_GET_PRESURE?SPL07_003
            CODE    32CEH     0003H     UNIT         ?PR?RUN_500MS?MAIN
            CODE    32D1H     0003H     UNIT         ?CO?SPL06_001
            CODE    32D4H     0003H     UNIT         ?CO?SPL07_003
            CODE    32D7H     0001H     UNIT         ?PR?RUN_10MS?MAIN



OVERLAY MAP OF MODULE:   ..\hex文件\main (MAIN)


SEGMENT                                            XDATA_GROUP
  +--> CALLED SEGMENT                            START    LENGTH
----------------------------------------------------------------
?PR?TIMER0?MAIN                                  -----    -----
  +--> ?PR?RUN_1MS?MAIN
  +--> ?PR?RUN_10MS?MAIN
  +--> ?PR?RUN_100MS?MAIN
  +--> ?PR?RUN_500MS?MAIN

BL51 BANKED LINKER/LOCATER V6.22                                                      08/04/2025  23:11:31  PAGE 5


?PR?RUN_1MS?MAIN                                 -----    -----
  +--> ?PR?_UART2_SENDARRAY?UART2
  +--> ?PR?_UART1_SENDARRAY?UART1
  +--> ?PR?DIGITAL_TUBE_FLASH?DIGITAL_CUBE
  +--> ?PR?MODBUS_READONEBYTE?MODEBUSRTU

?PR?_UART2_SENDARRAY?UART2                       0091H    0003H
  +--> ?PR?_TX2_DATA?UART2

?PR?_UART1_SENDARRAY?UART1                       0091H    0003H
  +--> ?PR?_TX1_DATA?UART1

?PR?DIGITAL_TUBE_FLASH?DIGITAL_CUBE              -----    -----
  +--> ?PR?_DIGITAL_TUBE_SHOW?DIGITAL_CUBE

?PR?_DIGITAL_TUBE_SHOW?DIGITAL_CUBE              -----    -----
  +--> ?PR?_DIGITAL_CUBE_SHOWONE?DIGITAL_CUBE

?PR?_DIGITAL_CUBE_SHOWONE?DIGITAL_CUBE           -----    -----
  +--> ?CO?DIGITAL_CUBE

?PR?MODBUS_READONEBYTE?MODEBUSRTU                0091H    0002H
  +--> ?PR?_MODBUS_CRC?MODEBUSRTU
  +--> ?PR?MODBUS_HANDLE?MODEBUSRTU

?PR?_MODBUS_CRC?MODEBUSRTU                       009AH    0007H

?PR?MODBUS_HANDLE?MODEBUSRTU                     -----    -----
  +--> ?PR?MODBUS_SEND?MODEBUSRTU
  +--> ?PR?MODBUS_WRITE?MODEBUSRTU

?PR?MODBUS_SEND?MODEBUSRTU                       0093H    0007H
  +--> ?PR?_MODBUS_CRC?MODEBUSRTU

?PR?RUN_100MS?MAIN                               -----    -----
  +--> ?PR?ERROR_HANDLE?MAIN
  +--> ?PR?PRESSURE_REG0003_READ?MAIN
  +--> ?PR?PRESSURE_REG0002_WRITE?MAIN

?PR?PRESSURE_REG0003_READ?MAIN                   -----    -----
  +--> ?PR?USER_SPL0703_GET_TEMPERATURE?SPL0...
  +--> ?PR?USER_SPL0703_GET_PRESURE?SPL07_003

?PR?USER_SPL0703_GET_TEMPERATURE?SPL0...         -----    -----
  +--> ?PR?SPL0703_GET_RAW_TEMP?SPL07_003
  +--> ?PR?SPL0703_GET_TEMPERATURE?SPL07_003

?PR?SPL0703_GET_RAW_TEMP?SPL07_003               00A2H    0003H
  +--> ?CO?SPL07_003
  +--> ?PR?_SPL0703_READ?SPL07_003

?PR?_SPL0703_READ?SPL07_003                      00A5H    0001H
  +--> ?PR?_IIC_READ_1BYTE?RI2C

?PR?_IIC_READ_1BYTE?RI2C                         00A6H    0005H
  +--> ?PR?I2C_START?RI2C
  +--> ?PR?_I2C_WRITEABYTE?RI2C
BL51 BANKED LINKER/LOCATER V6.22                                                      08/04/2025  23:11:31  PAGE 6


  +--> ?PR?I2C_CHECK_ACK?RI2C
  +--> ?PR?I2C_STOP?RI2C
  +--> ?PR?I2C_READABYTE?RI2C
  +--> ?PR?SENDNAK?RI2C

?PR?I2C_START?RI2C                               -----    -----
  +--> ?PR?WAIT?RI2C

?PR?WAIT?RI2C                                    -----    -----
  +--> ?PR?_DELAY_XUS?DELAY

?PR?_DELAY_XUS?DELAY                             -----    -----
  +--> ?PR?DELAY_US?DELAY

?PR?_I2C_WRITEABYTE?RI2C                         00ABH    0002H
  +--> ?PR?WAIT?RI2C

?PR?I2C_CHECK_ACK?RI2C                           -----    -----
  +--> ?PR?WAIT?RI2C

?PR?I2C_STOP?RI2C                                -----    -----
  +--> ?PR?WAIT?RI2C

?PR?I2C_READABYTE?RI2C                           00ABH    0002H
  +--> ?PR?WAIT?RI2C

?PR?SENDNAK?RI2C                                 -----    -----
  +--> ?PR?WAIT?RI2C

?PR?SPL0703_GET_TEMPERATURE?SPL07_003            00A2H    0004H

?PR?USER_SPL0703_GET_PRESURE?SPL07_003           -----    -----
  +--> ?PR?SPL0703_GET_RAW_PRESSURE?SPL07_003
  +--> ?PR?SPL0703_GET_PRESSURE?SPL07_003

?PR?SPL0703_GET_RAW_PRESSURE?SPL07_003           00A2H    0003H
  +--> ?PR?_SPL0703_READ?SPL07_003

?PR?SPL0703_GET_PRESSURE?SPL07_003               00A2H    000CH

?PR?PRESSURE_REG0002_WRITE?MAIN                  0091H    0004H
  +--> ?PR?USER_SPL0703_GET_TEMPERATURE?SPL0...
  +--> ?PR?USER_SPL0703_GET_PRESURE?SPL07_003

*** NEW ROOT ***************************************************

?PR?UART2_INT?MODEBUSRTU                         -----    -----
  +--> ?PR?DIGITAL_TUBE_FLASH?DIGITAL_CUBE

*** NEW ROOT ***************************************************

?PR?UART1_INT?MODEBUSRTU                         00A1H    0001H
  +--> ?PR?DIGITAL_TUBE_FLASH?DIGITAL_CUBE

*** NEW ROOT ***************************************************

?C_C51STARTUP                                    -----    -----
BL51 BANKED LINKER/LOCATER V6.22                                                      08/04/2025  23:11:31  PAGE 7


  +--> ?PR?MAIN?MAIN
  +--> ?C_INITSEG

?PR?MAIN?MAIN                                    -----    -----
  +--> ?PR?ADDR_INIT?ADDR
  +--> ?PR?USER_SPL0703_GET_TEMPERATURE?SPL0...
  +--> ?PR?USER_SPL0703_GET_PRESURE?SPL07_003
  +--> ?PR?_DELAY_XMS?DELAY
  +--> ?PR?_TIMER0_CONFIG?TIMER0
  +--> ?PR?DIGITAL_CUBE_INIT?DIGITAL_CUBE
  +--> ?PR?ADDR_READ?ADDR
  +--> ?PR?_UART1_CONFIG?UART1
  +--> ?PR?_UART2_CONFIG?UART2
  +--> ?PR?_DIGITAL_TUBE_SHOWNUM?DIGITAL_CUBE

?PR?_DELAY_XMS?DELAY                             -----    -----
  +--> ?PR?DELAY_MS?DELAY

?PR?_TIMER0_CONFIG?TIMER0                        00A2H    0002H

?PR?_UART1_CONFIG?UART1                          00A2H    0009H

?PR?_UART2_CONFIG?UART2                          00A2H    0009H



UNRESOLVED EXTERNAL SYMBOLS:
   SPL0703_INIT



SYMBOL TABLE OF MODULE:  ..\hex文件\main (MAIN)

  VALUE           TYPE          NAME
  ----------------------------------

  -------         MODULE        MAIN
  C:0000H         SYMBOL        _ICE_DUMMY_
  X:00AEH         PUBLIC        pressure
  D:0093H         PUBLIC        P0M1
  D:0092H         PUBLIC        P1M0
  D:0096H         PUBLIC        P2M0
  D:0091H         PUBLIC        P1M1
  D:0080H         PUBLIC        P0
  D:00B2H         PUBLIC        P3M0
  D:0095H         PUBLIC        P2M1
  D:0090H         PUBLIC        P1
  C:2FB1H         PUBLIC        Pressure_Reg0003_Read
  D:00B1H         PUBLIC        P3M1
  D:00A0H         PUBLIC        P2
  D:00CAH         PUBLIC        P5M0
  D:00B0H         PUBLIC        P3
  D:00C9H         PUBLIC        P5M1
  D:00C0H         PUBLIC        P4
  D:00C8H         PUBLIC        P5
  B:00A8H.7       PUBLIC        EA
  D:00A8H         PUBLIC        IE
BL51 BANKED LINKER/LOCATER V6.22                                                      08/04/2025  23:11:31  PAGE 8


  D:00B8H         PUBLIC        IP
  X:00B2H         PUBLIC        count100ms
  X:00B3H         PUBLIC        count500ms
  C:1CEDH         PUBLIC        main
  C:31CFH         PUBLIC        run_100ms
  C:32CEH         PUBLIC        run_500ms
  C:2796H         PUBLIC        Timer0
  B:00A0H.2       PUBLIC        P22
  D:0098H         PUBLIC        SCON
  D:0088H         PUBLIC        TCON
  X:00B5H         PUBLIC        temperature
  B:00B0H.4       PUBLIC        P34
  X:00B9H         PUBLIC        d_pressure
  C:2DDCH         PUBLIC        run_1ms
  C:292EH         PUBLIC        Pressure_reg0002_write
  X:00BBH         PUBLIC        origin_pressure
  X:00BFH         PUBLIC        count10ms
  C:32D7H         PUBLIC        run_10ms
  D:00D0H         PUBLIC        PSW
  C:317FH         PUBLIC        error_handle
  D:0094H         PUBLIC        P0M0
  -------         PROC          MAIN
  C:1CEDH         LINE#         15
  C:1CEDH         LINE#         16
  C:1CEDH         LINE#         18
  C:1CF2H         LINE#         19
  C:1CF6H         LINE#         20
  C:1CFAH         LINE#         21
  C:1CFEH         LINE#         22
  C:1D02H         LINE#         23
  C:1D05H         LINE#         25
  C:1D08H         LINE#         26
  C:1D0BH         LINE#         27
  C:1D0EH         LINE#         28
  C:1D10H         LINE#         29
  C:1D12H         LINE#         30
  C:1D15H         LINE#         31
  C:1D15H         LINE#         32
  C:1D18H         LINE#         33
  C:1D21H         LINE#         34
  C:1D2AH         LINE#         35
  C:1D61H         LINE#         39
  C:1D68H         LINE#         40
  C:1D6FH         LINE#         41
  C:1D78H         LINE#         42
  C:1D7BH         LINE#         43
  C:1D83H         LINE#         44
  C:1D9CH         LINE#         45
  C:1DB5H         LINE#         47
  C:1DB7H         LINE#         49
  C:1DB7H         LINE#         51
  C:1DCDH         LINE#         55
  -------         ENDPROC       MAIN
  -------         PROC          ERROR_HANDLE
  C:317FH         LINE#         59
  C:317FH         LINE#         60
  C:317FH         LINE#         61
BL51 BANKED LINKER/LOCATER V6.22                                                      08/04/2025  23:11:31  PAGE 9


  C:318BH         LINE#         62
  C:318DH         LINE#         63
  C:318EH         LINE#         64
  C:318EH         LINE#         65
  C:3190H         LINE#         66
  C:3190H         LINE#         67
  -------         ENDPROC       ERROR_HANDLE
  -------         PROC          PRESSURE_REG0002_WRITE
  -------         DO            
  X:0091H         SYMBOL        a
  -------         ENDDO         
  C:292EH         LINE#         70
  C:292EH         LINE#         71
  C:292EH         LINE#         74
  C:2937H         LINE#         75
  C:2940H         LINE#         78
  C:2965H         LINE#         80
  C:297FH         LINE#         81
  C:2988H         LINE#         83
  C:29A1H         LINE#         84
  C:29B0H         LINE#         86
  -------         ENDPROC       PRESSURE_REG0002_WRITE
  -------         PROC          PRESSURE_REG0003_READ
  C:2FB1H         LINE#         88
  C:2FB1H         LINE#         89
  C:2FB1H         LINE#         90
  C:2FBDH         LINE#         91
  C:2FC6H         LINE#         92
  C:2FCFH         LINE#         93
  C:2FD6H         LINE#         94
  C:2FD6H         LINE#         95
  -------         ENDPROC       PRESSURE_REG0003_READ
  -------         PROC          RUN_1MS
  C:2DDCH         LINE#         100
  C:2DDCH         LINE#         101
  C:2DDCH         LINE#         102
  C:2DE2H         LINE#         103
  C:2DF0H         LINE#         104
  C:2DFEH         LINE#         106
  C:2E03H         LINE#         108
  C:2E03H         LINE#         109
  C:2E06H         LINE#         111
  C:2E0CH         LINE#         112
  C:2E12H         LINE#         113
  C:2E14H         LINE#         115
  C:2E17H         LINE#         118
  C:2E17H         LINE#         119
  -------         ENDPROC       RUN_1MS
  -------         PROC          RUN_500MS
  C:32CEH         LINE#         121
  C:32CEH         LINE#         122
  C:32CEH         LINE#         124
  C:32D0H         LINE#         128
  -------         ENDPROC       RUN_500MS
  -------         PROC          RUN_10MS
  C:32D7H         LINE#         130
  C:32D7H         LINE#         131
BL51 BANKED LINKER/LOCATER V6.22                                                      08/04/2025  23:11:31  PAGE 10


  C:32D7H         LINE#         133
  -------         ENDPROC       RUN_10MS
  -------         PROC          RUN_100MS
  C:31CFH         LINE#         135
  C:31CFH         LINE#         136
  C:31CFH         LINE#         137
  C:31D2H         LINE#         138
  C:31D5H         LINE#         139
  -------         ENDPROC       RUN_100MS
  -------         PROC          TIMER0
  C:2796H         LINE#         149
  C:27B3H         LINE#         151
  C:27B6H         LINE#         152
  C:27BCH         LINE#         153
  C:27CAH         LINE#         154
  C:27D0H         LINE#         155
  C:27D9H         LINE#         156
  C:27DCH         LINE#         157
  C:27DEH         LINE#         158
  C:27DEH         LINE#         159
  C:27E7H         LINE#         160
  C:27EAH         LINE#         161
  C:27EFH         LINE#         162
  C:27EFH         LINE#         164
  C:27FEH         LINE#         165
  C:2801H         LINE#         166
  C:2805H         LINE#         167
  C:2805H         LINE#         168
  -------         ENDPROC       TIMER0
  -------         ENDMOD        MAIN

  -------         MODULE        RI2C
  C:0000H         SYMBOL        _ICE_DUMMY_
  D:0080H         PUBLIC        P0
  D:0090H         PUBLIC        P1
  B:00B0H.2       PUBLIC        I2C_SCL
  D:00A0H         PUBLIC        P2
  D:00B0H         PUBLIC        P3
  C:2B35H         PUBLIC        _ReadNbyte
  D:00C0H         PUBLIC        P4
  D:00C8H         PUBLIC        P5
  D:00A8H         PUBLIC        IE
  C:2D15H         PUBLIC        _WriteNbyte
  C:2EE1H         PUBLIC        I2C_ReadAbyte
  C:329DH         PUBLIC        Wait
  D:00B8H         PUBLIC        IP
  B:00D0H.7       PUBLIC        CY
  C:2E4FH         PUBLIC        _I2C_WriteAbyte
  C:3191H         PUBLIC        I2C_Check_ACK
  C:3027H         PUBLIC        I2C_Start
  D:0098H         PUBLIC        SCON
  D:0088H         PUBLIC        TCON
  C:31C0H         PUBLIC        I2C_Stop
  C:2BE1H         PUBLIC        _IIC_Read_1Byte
  C:31A2H         PUBLIC        SendACK
  C:31B1H         PUBLIC        SendNAK
  C:2E18H         PUBLIC        _IIC_Write_1Byte
BL51 BANKED LINKER/LOCATER V6.22                                                      08/04/2025  23:11:31  PAGE 11


  B:00B0H.3       PUBLIC        I2C_SDA
  D:00D0H         PUBLIC        PSW
  -------         PROC          WAIT
  C:329DH         LINE#         16
  C:329DH         LINE#         17
  C:329DH         LINE#         18
  -------         ENDPROC       WAIT
  C:301DH         SYMBOL        L?0030
  -------         PROC          L?0029
  -------         ENDPROC       L?0029
  C:301DH         SYMBOL        L?0030
  -------         PROC          I2C_START
  C:3027H         LINE#         27
  C:3027H         LINE#         28
  C:3027H         LINE#         29
  C:3029H         LINE#         30
  C:302CH         LINE#         31
  C:302EH         LINE#         32
  C:3031H         LINE#         33
  C:3033H         LINE#         34
  C:3036H         LINE#         35
  C:3038H         LINE#         36
  -------         ENDPROC       I2C_START
  -------         PROC          _I2C_WRITEABYTE
  X:00ABH         SYMBOL        dat
  -------         DO            
  X:00ACH         SYMBOL        i
  -------         ENDDO         
  C:2E4FH         LINE#         45
  C:2E54H         LINE#         46
  C:2E54H         LINE#         48
  C:2E58H         LINE#         50
  C:2E58H         LINE#         51
  C:2E64H         LINE#         52
  C:2E66H         LINE#         53
  C:2E6DH         LINE#         54
  C:2E70H         LINE#         55
  C:2E72H         LINE#         56
  C:2E75H         LINE#         57
  C:2E77H         LINE#         58
  C:2E7AH         LINE#         59
  C:2E7AH         LINE#         60
  C:2E82H         LINE#         61
  -------         ENDPROC       _I2C_WRITEABYTE
  -------         PROC          I2C_CHECK_ACK
  C:3191H         LINE#         70
  C:3191H         LINE#         71
  C:3191H         LINE#         72
  C:3193H         LINE#         73
  C:3196H         LINE#         74
  C:3198H         LINE#         75
  C:319BH         LINE#         76
  C:319DH         LINE#         77
  C:319FH         LINE#         78
  -------         ENDPROC       I2C_CHECK_ACK
  -------         PROC          I2C_READABYTE
  -------         DO            
BL51 BANKED LINKER/LOCATER V6.22                                                      08/04/2025  23:11:31  PAGE 12


  X:00ABH         SYMBOL        i
  X:00ACH         SYMBOL        dat
  -------         ENDDO         
  C:2EE1H         LINE#         87
  C:2EE1H         LINE#         88
  C:2EE1H         LINE#         90
  C:2EE7H         LINE#         91
  C:2EE9H         LINE#         93
  C:2EE9H         LINE#         94
  C:2EEBH         LINE#         95
  C:2EEEH         LINE#         96
  C:2EF6H         LINE#         97
  C:2EFCH         LINE#         98
  C:2EFEH         LINE#         99
  C:2F01H         LINE#         100
  C:2F01H         LINE#         101
  C:2F09H         LINE#         102
  C:2F0CH         LINE#         103
  -------         ENDPROC       I2C_READABYTE
  -------         PROC          SENDACK
  C:31A2H         LINE#         111
  C:31A2H         LINE#         112
  C:31A2H         LINE#         113
  C:31A4H         LINE#         114
  C:31A7H         LINE#         115
  C:31A9H         LINE#         116
  C:31ACH         LINE#         117
  C:31AEH         LINE#         118
  -------         ENDPROC       SENDACK
  -------         PROC          SENDNAK
  C:31B1H         LINE#         127
  C:31B1H         LINE#         128
  C:31B1H         LINE#         129
  C:31B3H         LINE#         130
  C:31B6H         LINE#         131
  C:31B8H         LINE#         132
  C:31BBH         LINE#         133
  C:31BDH         LINE#         134
  -------         ENDPROC       SENDNAK
  -------         PROC          I2C_STOP
  C:31C0H         LINE#         143
  C:31C0H         LINE#         144
  C:31C0H         LINE#         145
  C:31C2H         LINE#         146
  C:31C5H         LINE#         147
  C:31C7H         LINE#         148
  C:31CAH         LINE#         149
  C:31CCH         LINE#         150
  -------         ENDPROC       I2C_STOP
  -------         PROC          _WRITENBYTE
  X:00E8H         SYMBOL        addr
  X:00E9H         SYMBOL        p
  X:00ECH         SYMBOL        num
  C:2D15H         LINE#         159
  C:2D18H         LINE#         160
  C:2D18H         LINE#         161
  C:2D1BH         LINE#         162
BL51 BANKED LINKER/LOCATER V6.22                                                      08/04/2025  23:11:31  PAGE 13


  C:2D20H         LINE#         163
  C:2D23H         LINE#         164
  C:2D2BH         LINE#         165
  C:2D2EH         LINE#         167
  C:2D2EH         LINE#         168
  C:2D40H         LINE#         169
  C:2D4AH         LINE#         170
  C:2D4DH         LINE#         171
  C:2D4DH         LINE#         172
  C:2D55H         LINE#         173
  -------         ENDPROC       _WRITENBYTE
  -------         PROC          _READNBYTE
  X:00EDH         SYMBOL        addr
  X:00EEH         SYMBOL        p
  X:00F1H         SYMBOL        num
  C:2B35H         LINE#         183
  C:2B38H         LINE#         184
  C:2B38H         LINE#         185
  C:2B3BH         LINE#         186
  C:2B40H         LINE#         187
  C:2B43H         LINE#         188
  C:2B4BH         LINE#         189
  C:2B4EH         LINE#         190
  C:2B51H         LINE#         191
  C:2B56H         LINE#         192
  C:2B59H         LINE#         194
  C:2B59H         LINE#         195
  C:2B75H         LINE#         196
  C:2B80H         LINE#         197
  C:2B80H         LINE#         198
  C:2B88H         LINE#         199
  C:2B8BH         LINE#         200
  -------         ENDPROC       _READNBYTE
  -------         PROC          _IIC_WRITE_1BYTE
  X:00FAH         SYMBOL        SlaveAddress
  X:00FBH         SYMBOL        REG_Address
  X:00FCH         SYMBOL        REG_data
  C:2E18H         LINE#         204
  C:2E23H         LINE#         205
  C:2E23H         LINE#         206
  C:2E26H         LINE#         207
  C:2E30H         LINE#         208
  C:2E33H         LINE#         209
  C:2E3BH         LINE#         210
  C:2E3EH         LINE#         211
  C:2E46H         LINE#         212
  C:2E49H         LINE#         213
  C:2E4CH         LINE#         214
  C:2E4EH         LINE#         215
  -------         ENDPROC       _IIC_WRITE_1BYTE
  -------         PROC          _IIC_READ_1BYTE
  X:00A6H         SYMBOL        SlaveAddress
  X:00A7H         SYMBOL        REG_Address
  X:00A8H         SYMBOL        REG_data
  C:2BE1H         LINE#         218
  C:2BE8H         LINE#         219
  C:2BE8H         LINE#         220
BL51 BANKED LINKER/LOCATER V6.22                                                      08/04/2025  23:11:31  PAGE 14


  C:2BEBH         LINE#         221
  C:2BF5H         LINE#         222
  C:2BF8H         LINE#         223
  C:2C00H         LINE#         224
  C:2C03H         LINE#         225
  C:2C06H         LINE#         226
  C:2C09H         LINE#         227
  C:2C14H         LINE#         228
  C:2C17H         LINE#         229
  C:2C29H         LINE#         230
  C:2C2CH         LINE#         231
  C:2C2FH         LINE#         232
  C:2C31H         LINE#         233
  -------         ENDPROC       _IIC_READ_1BYTE
  -------         ENDMOD        RI2C

  -------         MODULE        DELAY
  C:0000H         SYMBOL        _ICE_DUMMY_
  D:0080H         PUBLIC        P0
  D:0090H         PUBLIC        P1
  D:00A0H         PUBLIC        P2
  D:00B0H         PUBLIC        P3
  D:00C0H         PUBLIC        P4
  D:00C8H         PUBLIC        P5
  D:00A8H         PUBLIC        IE
  D:00B8H         PUBLIC        IP
  C:30E2H         PUBLIC        _Delay_xms
  C:31D8H         PUBLIC        Delay_ms
  C:30FBH         PUBLIC        _Delay_xus
  D:0098H         PUBLIC        SCON
  D:0088H         PUBLIC        TCON
  C:32A4H         PUBLIC        Delay_us
  D:00D0H         PUBLIC        PSW
  -------         PROC          DELAY_MS
  -------         DO            
  D:0007H         SYMBOL        i
  D:0006H         SYMBOL        j
  -------         ENDDO         
  C:31D8H         LINE#         10
  C:31D8H         LINE#         11
  C:31D8H         LINE#         14
  C:31DAH         LINE#         15
  C:31DCH         LINE#         17
  C:31DCH         LINE#         18
  C:31DEH         LINE#         19
  C:31E0H         LINE#         20
  -------         ENDPROC       DELAY_MS
  -------         PROC          DELAY_US
  -------         DO            
  D:0007H         SYMBOL        i
  -------         ENDDO         
  C:32A4H         LINE#         28
  C:32A4H         LINE#         29
  C:32A4H         LINE#         32
  C:32A5H         LINE#         33
  C:32A6H         LINE#         34
  C:32A8H         LINE#         35
BL51 BANKED LINKER/LOCATER V6.22                                                      08/04/2025  23:11:31  PAGE 15


  C:32AAH         LINE#         36
  -------         ENDPROC       DELAY_US
  -------         PROC          _DELAY_XMS
  D:0004H         SYMBOL        i
  -------         DO            
  D:0002H         SYMBOL        k
  -------         ENDDO         
  C:30E2H         LINE#         114
  C:30E6H         LINE#         115
  C:30E6H         LINE#         117
  C:30F0H         LINE#         118
  C:30F0H         LINE#         119
  C:30F3H         LINE#         120
  C:30FAH         LINE#         121
  -------         ENDPROC       _DELAY_XMS
  -------         PROC          _DELAY_XUS
  D:0004H         SYMBOL        i
  -------         DO            
  D:0002H         SYMBOL        k
  -------         ENDDO         
  C:30FBH         LINE#         129
  C:30FFH         LINE#         130
  C:30FFH         LINE#         132
  C:3109H         LINE#         133
  C:3109H         LINE#         134
  C:310CH         LINE#         135
  C:3113H         LINE#         136
  -------         ENDPROC       _DELAY_XUS
  -------         ENDMOD        DELAY

  -------         MODULE        UART1
  C:0000H         SYMBOL        _ICE_DUMMY_
  C:2E83H         PUBLIC        _UART1_sendArray
  D:0080H         PUBLIC        P0
  D:0090H         PUBLIC        P1
  D:00A0H         PUBLIC        P2
  D:00B0H         PUBLIC        P3
  D:00C0H         PUBLIC        P4
  D:00C8H         PUBLIC        P5
  B:0020H.0       PUBLIC        B_TX1_Busy
  D:00A2H         PUBLIC        P_SW1
  D:00A8H         PUBLIC        IE
  B:00A8H.4       PUBLIC        ES
  D:00B8H         PUBLIC        IP
  I:0021H         PUBLIC        RX1_Buffer
  B:00B8H.4       PUBLIC        PS
  D:0099H         PUBLIC        SBUF
  D:0098H         PUBLIC        SCON
  D:0089H         PUBLIC        TMOD
  D:0088H         PUBLIC        TCON
  C:3159H         PUBLIC        _PrintString1
  D:008EH         PUBLIC        AUXR
  C:23EBH         PUBLIC        _UART1_config
  B:00A8H.3       PUBLIC        ET1
  D:008DH         PUBLIC        TH1
  D:008BH         PUBLIC        TL1
  B:0088H.6       PUBLIC        TR1
BL51 BANKED LINKER/LOCATER V6.22                                                      08/04/2025  23:11:31  PAGE 16


  C:324DH         PUBLIC        _TX1_data
  D:00B7H         PUBLIC        IPH
  X:0103H         PUBLIC        RX1_Cnt
  X:0104H         PUBLIC        TX1_Cnt
  B:0098H.4       PUBLIC        REN
  D:00D0H         PUBLIC        PSW
  -------         PROC          _TX1_DATA
  D:0007H         SYMBOL        tx1dat
  C:324DH         LINE#         15
  C:324DH         LINE#         16
  C:324DH         LINE#         17
  C:324FH         LINE#         18
  C:3251H         LINE#         20
  C:3254H         LINE#         22
  -------         ENDPROC       _TX1_DATA
  -------         PROC          _PRINTSTRING1
  D:0001H         SYMBOL        puts
  C:3159H         LINE#         31
  C:3159H         LINE#         32
  C:3159H         LINE#         33
  C:315FH         LINE#         34
  C:315FH         LINE#         35
  C:3162H         LINE#         36
  C:316BH         LINE#         37
  -------         ENDPROC       _PRINTSTRING1
  -------         PROC          _UART1_CONFIG
  X:00A2H         SYMBOL        UART_IOSEL
  X:00A3H         SYMBOL        FOSC
  X:00A7H         SYMBOL        BAUD1
  C:23EBH         LINE#         49
  C:23F0H         LINE#         50
  C:23F0H         LINE#         51
  C:23F2H         LINE#         52
  C:23F5H         LINE#         53
  C:23F8H         LINE#         54
  C:23FBH         LINE#         55
  C:23FEH         LINE#         56
  C:243DH         LINE#         57
  C:246BH         LINE#         58
  C:246DH         LINE#         59
  C:246FH         LINE#         60
  C:2477H         LINE#         61
  C:2479H         LINE#         62
  C:247CH         LINE#         63
  C:247EH         LINE#         64
  C:2480H         LINE#         65
  C:2486H         LINE#         67
  C:2488H         LINE#         68
  C:248DH         LINE#         69
  C:2491H         LINE#         70
  -------         ENDPROC       _UART1_CONFIG
  -------         PROC          _UART1_SENDARRAY
  D:0006H         SYMBOL        count
  X:0091H         SYMBOL        p
  -------         DO            
  D:0005H         SYMBOL        i
  -------         ENDDO         
BL51 BANKED LINKER/LOCATER V6.22                                                      08/04/2025  23:11:31  PAGE 17


  C:2E83H         LINE#         94
  C:2E90H         LINE#         95
  C:2E90H         LINE#         96
  C:2E92H         LINE#         97
  C:2E97H         LINE#         99
  C:2EAEH         LINE#         100
  C:2EB1H         LINE#         101
  -------         ENDPROC       _UART1_SENDARRAY
  -------         ENDMOD        UART1

  -------         MODULE        SPL06_001
  C:0000H         SYMBOL        _ICE_DUMMY_
  D:0080H         PUBLIC        P0
  C:2287H         PUBLIC        spl0601_get_raw_temp
  C:21D0H         PUBLIC        _spl06_pressure_rate_config
  D:0090H         PUBLIC        P1
  D:00A0H         PUBLIC        P2
  D:00B0H         PUBLIC        P3
  D:00C0H         PUBLIC        P4
  D:00C8H         PUBLIC        P5
  B:00A8H.7       PUBLIC        EA
  X:006AH         SYMBOL        spl06_calib_param
  D:00A8H         PUBLIC        IE
  C:13CDH         PUBLIC        spl0601_get_calib_param
  C:326DH         PUBLIC        spl06_get_chip_id
  C:325DH         PUBLIC        spl06_get_int_status
  C:31FCH         PUBLIC        spl06_enter_standby
  C:30B4H         PUBLIC        _spl0601_read
  D:00B8H         PUBLIC        IP
  C:19D0H         PUBLIC        spl0601_get_pressure
  C:31F3H         PUBLIC        spl06_start_pressure
  C:312CH         PUBLIC        _spl06_set_spi_wire
  C:2D58H         PUBLIC        spl0601_init
  D:0098H         PUBLIC        SCON
  D:0088H         PUBLIC        TCON
  X:0080H         PUBLIC        spl06
  C:2050H         PUBLIC        _spl06_temperature_rate_config
  C:2F8AH         PUBLIC        _spl06_set_interrupt
  C:3255H         PUBLIC        spl06_get_measure_status
  C:32D1H         SYMBOL        _?ix1000
  C:320EH         PUBLIC        spl06_reset_fifo
  C:31E1H         PUBLIC        _spl06_set_measure_mode
  C:2534H         PUBLIC        spl0601_get_raw_pressure
  C:32B2H         PUBLIC        user_spl0601_get_presure
  C:2820H         PUBLIC        spl0601_get_temperature
  C:3205H         PUBLIC        spl06_soft_reset
  C:303BH         PUBLIC        _spl06_set_intrupt_level
  C:31EAH         PUBLIC        spl06_start_temperature
  C:3265H         PUBLIC        spl06_get_fifo_status
  C:32ABH         PUBLIC        user_spl0601_get_temperature
  D:00D0H         PUBLIC        PSW
  C:30AFH         SYMBOL        L?0073
  C:30B0H         SYMBOL        L?0074
  -------         PROC          L?0072
  -------         ENDPROC       L?0072
  C:30AFH         SYMBOL        L?0073
  C:30B0H         SYMBOL        L?0074
BL51 BANKED LINKER/LOCATER V6.22                                                      08/04/2025  23:11:31  PAGE 18


  -------         PROC          _SPL0601_READ
  D:0007H         SYMBOL        hwadr
  D:0005H         SYMBOL        regadr
  -------         DO            
  X:0117H         SYMBOL        reg_data
  -------         ENDDO         
  C:30B4H         LINE#         68
  C:30B4H         LINE#         69
  C:30B4H         LINE#         70
  C:30B9H         LINE#         73
  C:30C2H         LINE#         74
  C:30C7H         LINE#         75
  -------         ENDPROC       _SPL0601_READ
  -------         PROC          _SPL06_PRESSURE_RATE_CONFIG
  D:0007H         SYMBOL        background_rate
  X:0105H         SYMBOL        oversamply
  -------         DO            
  X:0106H         SYMBOL        data0
  D:0007H         SYMBOL        data1
  -------         ENDDO         
  C:21D0H         LINE#         93
  C:21D5H         LINE#         94
  C:21D5H         LINE#         97
  C:21DCH         LINE#         98
  C:21E2H         LINE#         99
  C:21E2H         LINE#         100
  C:21E5H         LINE#         101
  C:21E8H         LINE#         102
  C:21F0H         LINE#         103
  C:21F0H         LINE#         104
  C:221DH         LINE#         105
  C:221DH         LINE#         106
  C:221DH         LINE#         107
  C:2227H         LINE#         108
  C:2229H         LINE#         109
  C:2229H         LINE#         110
  C:2233H         LINE#         111
  C:2235H         LINE#         112
  C:2235H         LINE#         113
  C:223FH         LINE#         114
  C:2241H         LINE#         115
  C:2241H         LINE#         116
  C:224BH         LINE#         117
  C:224DH         LINE#         118
  C:224DH         LINE#         119
  C:2257H         LINE#         120
  C:2259H         LINE#         121
  C:2259H         LINE#         122
  C:2263H         LINE#         123
  C:2265H         LINE#         124
  C:2265H         LINE#         125
  C:226FH         LINE#         126
  C:2271H         LINE#         127
  C:2271H         LINE#         128
  C:2271H         LINE#         129
  C:227BH         LINE#         130
  C:227BH         LINE#         131
BL51 BANKED LINKER/LOCATER V6.22                                                      08/04/2025  23:11:31  PAGE 19


  C:227BH         LINE#         132
  -------         ENDPROC       _SPL06_PRESSURE_RATE_CONFIG
  -------         PROC          _SPL06_TEMPERATURE_RATE_CONFIG
  D:0007H         SYMBOL        background_rate
  X:0107H         SYMBOL        oversamply
  D:0003H         SYMBOL        ext
  -------         DO            
  X:0108H         SYMBOL        data0
  D:0007H         SYMBOL        data1
  -------         ENDDO         
  C:2050H         LINE#         151
  C:2055H         LINE#         152
  C:2055H         LINE#         155
  C:206AH         LINE#         156
  C:2070H         LINE#         157
  C:2070H         LINE#         159
  C:2073H         LINE#         160
  C:2076H         LINE#         161
  C:207EH         LINE#         162
  C:207EH         LINE#         163
  C:20ABH         LINE#         164
  C:20ABH         LINE#         165
  C:20ABH         LINE#         166
  C:20B5H         LINE#         167
  C:20B7H         LINE#         168
  C:20B7H         LINE#         169
  C:20C1H         LINE#         170
  C:20C3H         LINE#         171
  C:20C3H         LINE#         172
  C:20CDH         LINE#         173
  C:20CFH         LINE#         174
  C:20CFH         LINE#         175
  C:20D9H         LINE#         176
  C:20DBH         LINE#         177
  C:20DBH         LINE#         178
  C:20E5H         LINE#         179
  C:20E7H         LINE#         180
  C:20E7H         LINE#         181
  C:20F1H         LINE#         182
  C:20F3H         LINE#         183
  C:20F3H         LINE#         184
  C:20FDH         LINE#         185
  C:20FFH         LINE#         186
  C:20FFH         LINE#         187
  C:20FFH         LINE#         188
  C:2109H         LINE#         189
  C:2109H         LINE#         190
  C:2109H         LINE#         191
  -------         ENDPROC       _SPL06_TEMPERATURE_RATE_CONFIG
  -------         PROC          SPL06_GET_MEASURE_STATUS
  C:3255H         LINE#         210
  C:3255H         LINE#         211
  C:3255H         LINE#         212
  C:325CH         LINE#         213
  -------         ENDPROC       SPL06_GET_MEASURE_STATUS
  -------         PROC          _SPL06_SET_MEASURE_MODE
  D:0007H         SYMBOL        mode
BL51 BANKED LINKER/LOCATER V6.22                                                      08/04/2025  23:11:31  PAGE 20


  C:31E1H         LINE#         215
  C:31E1H         LINE#         216
  C:31E1H         LINE#         217
  -------         ENDPROC       _SPL06_SET_MEASURE_MODE
  -------         PROC          SPL06_START_TEMPERATURE
  C:31EAH         LINE#         220
  C:31EAH         LINE#         221
  C:31EAH         LINE#         222
  -------         ENDPROC       SPL06_START_TEMPERATURE
  -------         PROC          SPL06_START_PRESSURE
  C:31F3H         LINE#         225
  C:31F3H         LINE#         226
  C:31F3H         LINE#         227
  -------         ENDPROC       SPL06_START_PRESSURE
  -------         PROC          SPL06_ENTER_STANDBY
  C:31FCH         LINE#         230
  C:31FCH         LINE#         231
  C:31FCH         LINE#         232
  -------         ENDPROC       SPL06_ENTER_STANDBY
  -------         PROC          _SPL06_SET_INTERRUPT
  X:0109H         SYMBOL        interrupt1
  X:010AH         SYMBOL        type
  -------         DO            
  D:0007H         SYMBOL        data0
  -------         ENDDO         
  C:2F8AH         LINE#         252
  C:2F91H         LINE#         253
  C:2F91H         LINE#         255
  C:2F94H         LINE#         256
  C:2F9FH         LINE#         257
  C:2FA5H         LINE#         259
  C:2FA8H         LINE#         260
  -------         ENDPROC       _SPL06_SET_INTERRUPT
  -------         PROC          _SPL06_SET_SPI_WIRE
  X:0118H         SYMBOL        wire
  -------         DO            
  D:0007H         SYMBOL        data0
  -------         ENDDO         
  C:312CH         LINE#         263
  C:312FH         LINE#         264
  C:312FH         LINE#         266
  C:3132H         LINE#         267
  C:3136H         LINE#         268
  C:313BH         LINE#         269
  -------         ENDPROC       _SPL06_SET_SPI_WIRE
  -------         PROC          _SPL06_SET_INTRUPT_LEVEL
  X:0119H         SYMBOL        level
  -------         DO            
  D:0007H         SYMBOL        data0
  -------         ENDDO         
  C:303BH         LINE#         272
  C:303EH         LINE#         273
  C:303EH         LINE#         275
  C:3041H         LINE#         276
  C:3045H         LINE#         277
  C:3051H         LINE#         278
  -------         ENDPROC       _SPL06_SET_INTRUPT_LEVEL
BL51 BANKED LINKER/LOCATER V6.22                                                      08/04/2025  23:11:31  PAGE 21


  -------         PROC          SPL06_GET_INT_STATUS
  C:325DH         LINE#         291
  C:325DH         LINE#         292
  C:325DH         LINE#         293
  C:3264H         LINE#         294
  -------         ENDPROC       SPL06_GET_INT_STATUS
  -------         PROC          SPL06_GET_FIFO_STATUS
  C:3265H         LINE#         304
  C:3265H         LINE#         305
  C:3265H         LINE#         306
  C:326CH         LINE#         307
  -------         ENDPROC       SPL06_GET_FIFO_STATUS
  -------         PROC          SPL06_SOFT_RESET
  C:3205H         LINE#         317
  C:3205H         LINE#         318
  C:3205H         LINE#         319
  -------         ENDPROC       SPL06_SOFT_RESET
  -------         PROC          SPL06_RESET_FIFO
  C:320EH         LINE#         321
  C:320EH         LINE#         322
  C:320EH         LINE#         323
  -------         ENDPROC       SPL06_RESET_FIFO
  -------         PROC          SPL06_GET_CHIP_ID
  C:326DH         LINE#         332
  C:326DH         LINE#         333
  C:326DH         LINE#         334
  C:3274H         LINE#         335
  -------         ENDPROC       SPL06_GET_CHIP_ID
  -------         PROC          SPL0601_GET_CALIB_PARAM
  -------         DO            
  X:00D0H         SYMBOL        h
  X:00D4H         SYMBOL        m
  X:00D8H         SYMBOL        l
  -------         ENDDO         
  C:13CDH         LINE#         343
  C:13CDH         LINE#         344
  C:13CDH         LINE#         348
  C:13DEH         LINE#         349
  C:13EFH         LINE#         350
  C:143BH         LINE#         351
  C:145AH         LINE#         352
  C:146BH         LINE#         353
  C:147CH         LINE#         354
  C:14A3H         LINE#         355
  C:14C2H         LINE#         356
  C:14D3H         LINE#         357
  C:14E4H         LINE#         358
  C:14F5H         LINE#         359
  C:156CH         LINE#         360
  C:159FH         LINE#         361
  C:15B0H         LINE#         362
  C:15C1H         LINE#         363
  C:15D2H         LINE#         364
  C:1632H         LINE#         365
  C:1665H         LINE#         366
  C:1676H         LINE#         367
  C:1687H         LINE#         368
BL51 BANKED LINKER/LOCATER V6.22                                                      08/04/2025  23:11:31  PAGE 22


  C:16AAH         LINE#         369
  C:16BBH         LINE#         370
  C:16CCH         LINE#         371
  C:16EFH         LINE#         372
  C:1700H         LINE#         373
  C:1711H         LINE#         374
  C:1734H         LINE#         375
  C:1745H         LINE#         376
  C:1756H         LINE#         377
  C:1779H         LINE#         378
  C:178AH         LINE#         379
  C:179BH         LINE#         380
  C:17B8H         LINE#         381
  -------         ENDPROC       SPL0601_GET_CALIB_PARAM
  -------         PROC          SPL0601_INIT
  -------         DO            
  X:011AH         SYMBOL        spl06_start_status
  -------         ENDDO         
  C:2D58H         LINE#         388
  C:2D58H         LINE#         389
  C:2D58H         LINE#         401
  C:2D58H         LINE#         402
  C:2D60H         LINE#         405
  C:2D60H         LINE#         406
  C:2D63H         LINE#         408
  C:2D66H         LINE#         411
  C:2D6EH         LINE#         412
  C:2D71H         LINE#         414
  C:2D79H         LINE#         416
  C:2D7FH         LINE#         417
  C:2D82H         LINE#         419
  C:2D89H         LINE#         421
  C:2D92H         LINE#         423
  C:2D97H         LINE#         424
  C:2D99H         LINE#         425
  -------         ENDPROC       SPL0601_INIT
  -------         PROC          SPL0601_GET_RAW_TEMP
  -------         DO            
  X:00FDH         SYMBOL        h
  -------         ENDDO         
  C:2287H         LINE#         434
  C:2287H         LINE#         435
  C:2287H         LINE#         436
  C:229AH         LINE#         438
  C:22A6H         LINE#         439
  C:22B2H         LINE#         440
  C:22BEH         LINE#         442
  C:230AH         LINE#         443
  -------         ENDPROC       SPL0601_GET_RAW_TEMP
  -------         PROC          SPL0601_GET_RAW_PRESSURE
  -------         DO            
  X:0100H         SYMBOL        h
  -------         ENDDO         
  C:2534H         LINE#         454
  C:2534H         LINE#         455
  C:2534H         LINE#         458
  C:2540H         LINE#         459
BL51 BANKED LINKER/LOCATER V6.22                                                      08/04/2025  23:11:31  PAGE 23


  C:254CH         LINE#         460
  C:2558H         LINE#         462
  C:25A4H         LINE#         463
  -------         ENDPROC       SPL0601_GET_RAW_PRESSURE
  -------         PROC          SPL0601_GET_TEMPERATURE
  -------         DO            
  D:0004H         SYMBOL        fTCompensate
  X:00F2H         SYMBOL        fTsc
  -------         ENDDO         
  C:2820H         LINE#         473
  C:2820H         LINE#         474
  C:2820H         LINE#         477
  C:2822H         LINE#         478
  C:285FH         LINE#         479
  C:28A4H         LINE#         480
  C:28A6H         LINE#         481
  C:28A6H         LINE#         482
  -------         ENDPROC       SPL0601_GET_TEMPERATURE
  -------         PROC          SPL0601_GET_PRESSURE
  -------         DO            
  X:00C0H         SYMBOL        fTsc
  X:00C4H         SYMBOL        fPsc
  X:00C8H         SYMBOL        qua2
  X:00CCH         SYMBOL        qua3
  D:0004H         SYMBOL        fPCompensate
  -------         ENDDO         
  C:19D0H         LINE#         490
  C:19D0H         LINE#         491
  C:19D0H         LINE#         496
  C:1A0DH         LINE#         497
  C:1A4AH         LINE#         498
  C:1AC2H         LINE#         499
  C:1B36H         LINE#         502
  C:1BBBH         LINE#         504
  C:1BBBH         LINE#         505
  -------         ENDPROC       SPL0601_GET_PRESSURE
  -------         PROC          USER_SPL0601_GET_TEMPERATURE
  C:32ABH         LINE#         515
  C:32ABH         LINE#         516
  C:32ABH         LINE#         518
  C:32AEH         LINE#         519
  C:32B1H         LINE#         520
  -------         ENDPROC       USER_SPL0601_GET_TEMPERATURE
  -------         PROC          USER_SPL0601_GET_PRESURE
  C:32B2H         LINE#         527
  C:32B2H         LINE#         528
  C:32B2H         LINE#         529
  C:32B5H         LINE#         530
  C:32B8H         LINE#         531
  -------         ENDPROC       USER_SPL0601_GET_PRESURE
  -------         ENDMOD        SPL06_001

  -------         MODULE        ADC
  C:0000H         SYMBOL        _ICE_DUMMY_
  D:0093H         PUBLIC        P0M1
  D:0080H         PUBLIC        P0
  D:0090H         PUBLIC        P1
BL51 BANKED LINKER/LOCATER V6.22                                                      08/04/2025  23:11:31  PAGE 24


  D:00A0H         PUBLIC        P2
  D:00B0H         PUBLIC        P3
  D:00C0H         PUBLIC        P4
  D:00C8H         PUBLIC        P5
  D:00BAH         PUBLIC        P_SW2
  D:00A8H         PUBLIC        IE
  D:00BDH         PUBLIC        ADC_RES
  D:00B8H         PUBLIC        IP
  D:00DEH         PUBLIC        ADCCFG
  D:00BCH         PUBLIC        ADC_CONTR
  D:0098H         PUBLIC        SCON
  D:0088H         PUBLIC        TCON
  C:3059H         PUBLIC        ADC_Init
  D:00BEH         PUBLIC        ADC_RESL
  C:2F0DH         PUBLIC        _Get_ADC10bitResult
  D:00D0H         PUBLIC        PSW
  C:32B9H         PUBLIC        ADC_IO_Config
  D:0094H         PUBLIC        P0M0
  -------         PROC          ADC_IO_CONFIG
  C:32B9H         LINE#         9
  C:32B9H         LINE#         10
  C:32B9H         LINE#         11
  C:32BFH         LINE#         12
  -------         ENDPROC       ADC_IO_CONFIG
  -------         PROC          ADC_INIT
  C:3059H         LINE#         20
  C:3059H         LINE#         21
  C:3059H         LINE#         22
  C:305CH         LINE#         27
  C:3062H         LINE#         28
  C:3065H         LINE#         31
  C:3068H         LINE#         32
  C:306BH         LINE#         33
  C:306EH         LINE#         34
  C:3070H         LINE#         35
  -------         ENDPROC       ADC_INIT
  -------         PROC          _GET_ADC10BITRESULT
  X:011BH         SYMBOL        ch
  C:2F0DH         LINE#         44
  C:2F12H         LINE#         45
  C:2F12H         LINE#         46
  C:2F15H         LINE#         47
  C:2F1CH         LINE#         48
  C:2F22H         LINE#         49
  C:2F23H         LINE#         50
  C:2F24H         LINE#         51
  C:2F25H         LINE#         52
  C:2F26H         LINE#         53
  C:2F2BH         LINE#         54
  C:2F2EH         LINE#         55
  C:2F36H         LINE#         56
  -------         ENDPROC       _GET_ADC10BITRESULT
  -------         ENDMOD        ADC

  -------         MODULE        TIMER2
  C:0000H         SYMBOL        _ICE_DUMMY_
  D:0080H         PUBLIC        P0
BL51 BANKED LINKER/LOCATER V6.22                                                      08/04/2025  23:11:31  PAGE 25


  D:0090H         PUBLIC        P1
  D:00A0H         PUBLIC        P2
  D:00B0H         PUBLIC        P3
  D:00C0H         PUBLIC        P4
  D:00C8H         PUBLIC        P5
  D:00A8H         PUBLIC        IE
  D:008FH         PUBLIC        INTCLKO
  D:00B8H         PUBLIC        IP
  X:010DH         PUBLIC        T2_cnt
  D:0098H         PUBLIC        SCON
  D:0088H         PUBLIC        TCON
  D:00AFH         PUBLIC        IE2
  D:008EH         PUBLIC        AUXR
  D:00D6H         PUBLIC        T2H
  D:00D7H         PUBLIC        T2L
  C:1EAEH         PUBLIC        _Timer2_Config
  D:00D0H         PUBLIC        PSW
  -------         PROC          _TIMER2_CONFIG
  D:0007H         SYMBOL        mode
  X:010BH         SYMBOL        time
  C:1EAEH         LINE#         16
  C:1EB6H         LINE#         17
  C:1EB6H         LINE#         18
  C:1EC1H         LINE#         19
  C:1EC1H         LINE#         20
  C:1EC1H         LINE#         21
  C:1EC1H         LINE#         22
  C:1EC4H         LINE#         23
  C:1EF3H         LINE#         24
  C:1F06H         LINE#         25
  C:1F06H         LINE#         26
  C:1F08H         LINE#         27
  C:1F08H         LINE#         28
  C:1F08H         LINE#         29
  C:1F0BH         LINE#         30
  C:1F43H         LINE#         31
  C:1F7DH         LINE#         32
  C:1F7DH         LINE#         33
  C:1F7DH         LINE#         35
  C:1F80H         LINE#         37
  C:1F83H         LINE#         38
  C:1F86H         LINE#         39
  -------         ENDPROC       _TIMER2_CONFIG
  -------         ENDMOD        TIMER2

  -------         MODULE        DIGITAL_CUBE
  C:0000H         SYMBOL        _ICE_DUMMY_
  D:0093H         PUBLIC        P0M1
  D:0096H         PUBLIC        P2M0
  D:0080H         PUBLIC        P0
  D:00B2H         PUBLIC        P3M0
  D:0095H         PUBLIC        P2M1
  D:0090H         PUBLIC        P1
  D:00B1H         PUBLIC        P3M1
  D:00A0H         PUBLIC        P2
  D:00B0H         PUBLIC        P3
  D:00C0H         PUBLIC        P4
BL51 BANKED LINKER/LOCATER V6.22                                                      08/04/2025  23:11:31  PAGE 26


  D:00C8H         PUBLIC        P5
  C:2FD7H         PUBLIC        _digital_cube_ShowOne
  D:00A8H         PUBLIC        IE
  D:00B8H         PUBLIC        IP
  X:00F7H         PUBLIC        display_buf
  C:2FFAH         PUBLIC        Digital_Tube_flash
  B:0080H.1       PUBLIC        P01
  B:00A0H.0       PUBLIC        P20
  B:00A0H.1       PUBLIC        P21
  D:0098H         PUBLIC        SCON
  B:00A0H.3       PUBLIC        P23
  D:0088H         PUBLIC        TCON
  B:00A0H.4       PUBLIC        P24
  B:00A0H.5       PUBLIC        P25
  B:00B0H.5       PUBLIC        P35
  B:00A0H.6       PUBLIC        P26
  C:2F37H         PUBLIC        _Digital_Tube_Show
  B:00B0H.6       PUBLIC        P36
  B:00A0H.7       PUBLIC        P27
  B:00B0H.7       PUBLIC        P37
  C:2A18H         PUBLIC        _Digital_Tube_ShowNum
  D:00D0H         PUBLIC        PSW
  C:3114H         PUBLIC        data_
  C:2B8EH         PUBLIC        digital_cube_init
  D:0094H         PUBLIC        P0M0
  -------         PROC          DIGITAL_CUBE_INIT
  C:2B8EH         LINE#         33
  C:2B8EH         LINE#         34
  C:2B8EH         LINE#         38
  C:2B91H         LINE#         39
  C:2B94H         LINE#         40
  C:2B96H         LINE#         43
  C:2B99H         LINE#         44
  C:2B9CH         LINE#         45
  C:2B9EH         LINE#         48
  C:2BA1H         LINE#         49
  C:2BA4H         LINE#         50
  C:2BA6H         LINE#         53
  C:2BA9H         LINE#         54
  C:2BACH         LINE#         55
  C:2BAEH         LINE#         58
  C:2BB1H         LINE#         59
  C:2BB4H         LINE#         60
  C:2BB6H         LINE#         63
  C:2BB9H         LINE#         64
  C:2BBCH         LINE#         65
  C:2BBEH         LINE#         68
  C:2BC1H         LINE#         69
  C:2BC4H         LINE#         70
  C:2BC6H         LINE#         73
  C:2BC9H         LINE#         74
  C:2BCCH         LINE#         75
  C:2BCEH         LINE#         78
  C:2BD1H         LINE#         79
  C:2BD4H         LINE#         80
  C:2BD6H         LINE#         83
  C:2BD9H         LINE#         84
BL51 BANKED LINKER/LOCATER V6.22                                                      08/04/2025  23:11:31  PAGE 27


  C:2BDCH         LINE#         85
  C:2BDEH         LINE#         87
  C:2BE0H         LINE#         89
  -------         ENDPROC       DIGITAL_CUBE_INIT
  -------         PROC          _DIGITAL_CUBE_SHOWONE
  D:0007H         SYMBOL        num
  C:2FD7H         LINE#         91
  C:2FD7H         LINE#         92
  C:2FD7H         LINE#         94
  C:2FE0H         LINE#         95
  C:2FE5H         LINE#         96
  C:2FE9H         LINE#         97
  C:2FEDH         LINE#         98
  C:2FF1H         LINE#         99
  C:2FF5H         LINE#         100
  C:2FF9H         LINE#         101
  -------         ENDPROC       _DIGITAL_CUBE_SHOWONE
  -------         PROC          _DIGITAL_TUBE_SHOW
  D:0007H         SYMBOL        num
  D:0005H         SYMBOL        loc
  C:2F37H         LINE#         104
  C:2F37H         LINE#         105
  C:2F37H         LINE#         107
  C:2F39H         LINE#         108
  C:2F3BH         LINE#         109
  C:2F3DH         LINE#         110
  C:2F48H         LINE#         111
  C:2F48H         LINE#         112
  C:2F48H         LINE#         113
  C:2F4AH         LINE#         114
  C:2F4CH         LINE#         115
  C:2F4EH         LINE#         116
  C:2F50H         LINE#         117
  C:2F50H         LINE#         118
  C:2F52H         LINE#         119
  C:2F54H         LINE#         120
  C:2F56H         LINE#         121
  C:2F58H         LINE#         122
  C:2F58H         LINE#         123
  C:2F5AH         LINE#         124
  C:2F5CH         LINE#         125
  C:2F5EH         LINE#         126
  C:2F5EH         LINE#         128
  C:2F5EH         LINE#         129
  C:2F5EH         LINE#         130
  C:2F5EH         LINE#         131
  -------         ENDPROC       _DIGITAL_TUBE_SHOW
  -------         PROC          _DIGITAL_TUBE_SHOWNUM
  D:0002H         SYMBOL        num
  C:2A18H         LINE#         134
  C:2A1CH         LINE#         135
  C:2A1CH         LINE#         136
  C:2A24H         LINE#         137
  C:2A30H         LINE#         138
  C:2A45H         LINE#         139
  C:2A4DH         LINE#         140
  C:2A4FH         LINE#         141
BL51 BANKED LINKER/LOCATER V6.22                                                      08/04/2025  23:11:31  PAGE 28


  C:2A4FH         LINE#         142
  C:2A55H         LINE#         143
  C:2A66H         LINE#         144
  C:2A77H         LINE#         145
  C:2A77H         LINE#         147
  -------         ENDPROC       _DIGITAL_TUBE_SHOWNUM
  -------         PROC          DIGITAL_TUBE_FLASH
  -------         DO            
  X:00F6H         SYMBOL        p
  -------         ENDDO         
  C:2FFAH         LINE#         150
  C:2FFAH         LINE#         151
  C:2FFAH         LINE#         154
  C:300DH         LINE#         155
  C:3013H         LINE#         156
  C:3019H         LINE#         157
  C:301BH         LINE#         159
  -------         ENDPROC       DIGITAL_TUBE_FLASH
  -------         ENDMOD        DIGITAL_CUBE

  -------         MODULE        ADDR
  C:0000H         SYMBOL        _ICE_DUMMY_
  D:0080H         PUBLIC        P0
  D:0090H         PUBLIC        P1
  D:00A0H         PUBLIC        P2
  D:00B0H         PUBLIC        P3
  D:00C0H         PUBLIC        P4
  D:00C8H         PUBLIC        P5
  D:00A8H         PUBLIC        IE
  D:00B8H         PUBLIC        IP
  C:2AD8H         PUBLIC        addr_read
  B:0080H.2       PUBLIC        P02
  B:0090H.2       PUBLIC        P12
  B:0080H.3       PUBLIC        P03
  C:3076H         PUBLIC        addr_init
  D:0098H         PUBLIC        SCON
  B:0090H.3       PUBLIC        P13
  B:0090H.4       PUBLIC        P14
  D:0088H         PUBLIC        TCON
  B:0090H.5       PUBLIC        P15
  D:00D0H         PUBLIC        PSW
  -------         PROC          ADDR_INIT
  C:3076H         LINE#         2
  C:3076H         LINE#         3
  C:3076H         LINE#         6
  C:307DH         LINE#         7
  C:3081H         LINE#         8
  C:3086H         LINE#         9
  C:308AH         LINE#         10
  C:308EH         LINE#         11
  C:3092H         LINE#         12
  -------         ENDPROC       ADDR_INIT
  -------         PROC          ADDR_READ
  -------         DO            
  D:0007H         SYMBOL        addr
  -------         ENDDO         
  C:2AD8H         LINE#         15
BL51 BANKED LINKER/LOCATER V6.22                                                      08/04/2025  23:11:31  PAGE 29


  C:2AD8H         LINE#         16
  C:2AD8H         LINE#         17
  C:2ADAH         LINE#         18
  C:2AEAH         LINE#         19
  C:2AF9H         LINE#         20
  C:2B0AH         LINE#         21
  C:2B1AH         LINE#         22
  C:2B28H         LINE#         23
  C:2B34H         LINE#         24
  C:2B34H         LINE#         25
  -------         ENDPROC       ADDR_READ
  -------         ENDMOD        ADDR

  -------         MODULE        UART2
  C:0000H         SYMBOL        _ICE_DUMMY_
  C:2EB2H         PUBLIC        _UART2_sendArray
  D:0080H         PUBLIC        P0
  D:0090H         PUBLIC        P1
  D:00A0H         PUBLIC        P2
  D:00B0H         PUBLIC        P3
  D:00C0H         PUBLIC        P4
  D:00C8H         PUBLIC        P5
  B:0020H.1       PUBLIC        B_TX2_Busy
  D:00BAH         PUBLIC        P_SW2
  D:00A8H         PUBLIC        IE
  D:00B6H         PUBLIC        IP2H
  D:00B8H         PUBLIC        IP
  I:0061H         PUBLIC        RX2_Buffer
  D:0098H         PUBLIC        SCON
  D:0088H         PUBLIC        TCON
  C:316CH         PUBLIC        _PrintString2
  D:00AFH         PUBLIC        IE2
  D:008EH         PUBLIC        AUXR
  C:2492H         PUBLIC        _UART2_config
  D:00B5H         PUBLIC        IP2
  D:00D6H         PUBLIC        T2H
  D:00D7H         PUBLIC        T2L
  C:3275H         PUBLIC        _TX2_data
  X:010FH         PUBLIC        RX2_Cnt
  D:009BH         PUBLIC        S2BUF
  X:0110H         PUBLIC        TX2_Cnt
  D:009AH         PUBLIC        S2CON
  D:00D0H         PUBLIC        PSW
  -------         PROC          _TX2_DATA
  D:0007H         SYMBOL        tx2dat
  C:3275H         LINE#         15
  C:3275H         LINE#         16
  C:3275H         LINE#         17
  C:3277H         LINE#         18
  C:3279H         LINE#         19
  C:327CH         LINE#         20
  -------         ENDPROC       _TX2_DATA
  -------         PROC          _PRINTSTRING2
  D:0001H         SYMBOL        puts
  C:316CH         LINE#         29
  C:316CH         LINE#         30
  C:316CH         LINE#         31
BL51 BANKED LINKER/LOCATER V6.22                                                      08/04/2025  23:11:31  PAGE 30


  C:3172H         LINE#         32
  C:3172H         LINE#         33
  C:3175H         LINE#         34
  C:317EH         LINE#         35
  -------         ENDPROC       _PRINTSTRING2
  -------         PROC          _UART2_CONFIG
  X:00A2H         SYMBOL        UART_IOSEL
  X:00A3H         SYMBOL        FOSC
  X:00A7H         SYMBOL        BAUD2
  C:2492H         LINE#         45
  C:2497H         LINE#         46
  C:2497H         LINE#         47
  C:249AH         LINE#         48
  C:249DH         LINE#         49
  C:24A0H         LINE#         50
  C:24DFH         LINE#         51
  C:250DH         LINE#         52
  C:2510H         LINE#         53
  C:2513H         LINE#         54
  C:2516H         LINE#         56
  C:2519H         LINE#         57
  C:251CH         LINE#         59
  C:251FH         LINE#         60
  C:2522H         LINE#         61
  C:2528H         LINE#         62
  C:252AH         LINE#         63
  C:252FH         LINE#         64
  C:2533H         LINE#         65
  -------         ENDPROC       _UART2_CONFIG
  -------         PROC          _UART2_SENDARRAY
  D:0006H         SYMBOL        count
  X:0091H         SYMBOL        p
  -------         DO            
  D:0005H         SYMBOL        i
  -------         ENDDO         
  C:2EB2H         LINE#         68
  C:2EBFH         LINE#         69
  C:2EBFH         LINE#         70
  C:2EC1H         LINE#         71
  C:2EC6H         LINE#         72
  C:2EDDH         LINE#         73
  C:2EE0H         LINE#         74
  -------         ENDPROC       _UART2_SENDARRAY
  -------         ENDMOD        UART2

  -------         MODULE        MODEBUSRTU
  C:0000H         SYMBOL        _ICE_DUMMY_
  D:0080H         PUBLIC        P0
  D:0090H         PUBLIC        P1
  D:00A0H         PUBLIC        P2
  D:00B0H         PUBLIC        P3
  D:00C0H         PUBLIC        P4
  D:00C8H         PUBLIC        P5
  B:00A8H.7       PUBLIC        EA
  C:2672H         PUBLIC        _ModBus_CRC
  D:00A8H         PUBLIC        IE
  X:0000H         PUBLIC        Time
BL51 BANKED LINKER/LOCATER V6.22                                                      08/04/2025  23:11:31  PAGE 31


  X:0004H         PUBLIC        pRxPacket
  C:3143H         PUBLIC        ModBus_Clear
  D:00B8H         PUBLIC        IP
  X:0005H         PUBLIC        ModBusSendBuf_len
  B:0098H.0       PUBLIC        RI
  C:2A78H         PUBLIC        UART1_int
  C:29B1H         PUBLIC        UART2_int
  B:0098H.1       PUBLIC        TI
  C:30C8H         PUBLIC        ModBus_handle
  X:0006H         PUBLIC        Reg
  D:0099H         PUBLIC        SBUF
  D:0098H         PUBLIC        SCON
  D:0088H         PUBLIC        TCON
  C:1BBCH         PUBLIC        ModBus_Send
  X:0012H         PUBLIC        cnt
  X:0013H         PUBLIC        uart_send_flag
  X:0014H         PUBLIC        RxState
  X:0015H         PUBLIC        Res_cnt
  X:0016H         PUBLIC        ModbusReceiveBuf
  C:2F61H         PUBLIC        ModBus_write
  D:009BH         PUBLIC        S2BUF
  D:009AH         PUBLIC        S2CON
  C:2C32H         PUBLIC        ModBus_ReadOneByte
  X:002AH         PUBLIC        address
  X:002BH         PUBLIC        ModBusSendBuf
  D:00D0H         PUBLIC        PSW
  -------         PROC          _MODBUS_CRC
  D:0001H         SYMBOL        addr
  X:009AH         SYMBOL        num
  -------         DO            
  X:009BH         SYMBOL        i
  D:0004H         SYMBOL        j
  X:009DH         SYMBOL        temp
  X:009FH         SYMBOL        crc
  -------         ENDDO         
  C:2672H         LINE#         23
  C:2677H         LINE#         24
  C:2677H         LINE#         28
  C:267FH         LINE#         29
  C:2681H         LINE#         30
  C:269FH         LINE#         31
  C:26ACH         LINE#         32
  C:26AFH         LINE#         33
  C:26AFH         LINE#         34
  C:26BEH         LINE#         35
  C:26C7H         LINE#         36
  C:26D1H         LINE#         37
  C:26DDH         LINE#         38
  C:26DDH         LINE#         39
  C:26E8H         LINE#         40
  C:26EFH         LINE#         41
  C:26FFH         LINE#         42
  C:2701H         LINE#         43
  C:2709H         LINE#         44
  -------         ENDPROC       _MODBUS_CRC
  -------         PROC          MODBUS_SEND
  -------         DO            
BL51 BANKED LINKER/LOCATER V6.22                                                      08/04/2025  23:11:31  PAGE 32


  X:0093H         SYMBOL        i
  D:0005H         SYMBOL        j
  X:0094H         SYMBOL        Reg_address
  X:0096H         SYMBOL        Reg_len
  X:0098H         SYMBOL        crc
  -------         ENDDO         
  C:1BBCH         LINE#         47
  C:1BBCH         LINE#         48
  C:1BBCH         LINE#         49
  C:1BC1H         LINE#         50
  C:1BD3H         LINE#         51
  C:1BE5H         LINE#         52
  C:1BEAH         LINE#         53
  C:1C02H         LINE#         54
  C:1C16H         LINE#         55
  C:1C30H         LINE#         56
  C:1C42H         LINE#         57
  C:1C75H         LINE#         58
  C:1C95H         LINE#         59
  C:1C98H         LINE#         60
  C:1CAEH         LINE#         61
  C:1CC9H         LINE#         62
  C:1CDEH         LINE#         63
  C:1CE6H         LINE#         64
  C:1CECH         LINE#         69
  -------         ENDPROC       MODBUS_SEND
  -------         PROC          MODBUS_WRITE
  -------         DO            
  D:0004H         SYMBOL        Reg_address
  D:0006H         SYMBOL        receive_data
  -------         ENDDO         
  C:2F61H         LINE#         72
  C:2F61H         LINE#         73
  C:2F61H         LINE#         74
  C:2F6BH         LINE#         75
  C:2F71H         LINE#         76
  C:2F89H         LINE#         77
  -------         ENDPROC       MODBUS_WRITE
  -------         PROC          MODBUS_CLEAR
  C:3143H         LINE#         83
  C:3143H         LINE#         84
  C:3143H         LINE#         85
  C:3148H         LINE#         86
  C:314CH         LINE#         87
  -------         ENDPROC       MODBUS_CLEAR
  -------         PROC          MODBUS_READONEBYTE
  -------         DO            
  X:0091H         SYMBOL        CRC_H
  X:0092H         SYMBOL        CRC_L
  -------         ENDDO         
  C:2C32H         LINE#         90
  C:2C32H         LINE#         91
  C:2C32H         LINE#         92
  C:2C39H         LINE#         93
  C:2C53H         LINE#         95
  C:2C74H         LINE#         96
  C:2C77H         LINE#         97
BL51 BANKED LINKER/LOCATER V6.22                                                      08/04/2025  23:11:31  PAGE 33


  C:2C7CH         LINE#         98
[...]
  C:32C7H         PUBLIC        user_spl0703_get_presure
  C:28A7H         PUBLIC        spl0703_get_temperature
  C:323BH         PUBLIC        spl07_soft_reset
  C:3220H         PUBLIC        spl07_start_temperature
  C:328DH         PUBLIC        spl07_get_fifo_status
  C:32C0H         PUBLIC        user_spl0703_get_temperature
  D:00D0H         PUBLIC        PSW
  -------         PROC          L?0067
  -------         ENDPROC       L?0067
  -------         PROC          _SPL0703_READ
  D:0007H         SYMBOL        hwadr
  D:0005H         SYMBOL        regadr
  -------         DO            
  X:00A5H         SYMBOL        reg_data
  -------         ENDDO         
  C:309AH         LINE#         63
  C:309AH         LINE#         64
  C:309AH         LINE#         65
  C:309FH         LINE#         68
  C:30A8H         LINE#         69
  C:30ADH         LINE#         70
  -------         ENDPROC       _SPL0703_READ
  -------         PROC          _SPL07_PRESSURE_RATE_CONFIG
BL51 BANKED LINKER/LOCATER V6.22                                                      08/04/2025  23:11:31  PAGE 36


  D:0007H         SYMBOL        background_rate
  X:0113H         SYMBOL        oversamply
  -------         DO            
  X:0114H         SYMBOL        data0
  D:0007H         SYMBOL        data1
  -------         ENDDO         
  C:2115H         LINE#         88
  C:211AH         LINE#         89
  C:211AH         LINE#         92
  C:2121H         LINE#         93
  C:2127H         LINE#         94
  C:2127H         LINE#         95
  C:212EH         LINE#         96
  C:2131H         LINE#         97
  C:2139H         LINE#         98
  C:2139H         LINE#         99
  C:2166H         LINE#         100
  C:2166H         LINE#         101
  C:2166H         LINE#         102
  C:2170H         LINE#         103
  C:2172H         LINE#         104
  C:2172H         LINE#         105
  C:217CH         LINE#         106
  C:217EH         LINE#         107
  C:217EH         LINE#         108
  C:2188H         LINE#         109
  C:218AH         LINE#         110
  C:218AH         LINE#         111
  C:2194H         LINE#         112
  C:2196H         LINE#         113
  C:2196H         LINE#         114
  C:21A0H         LINE#         115
  C:21A2H         LINE#         116
  C:21A2H         LINE#         117
  C:21ACH         LINE#         118
  C:21AEH         LINE#         119
  C:21AEH         LINE#         120
  C:21B8H         LINE#         121
  C:21BAH         LINE#         122
  C:21BAH         LINE#         123
  C:21BAH         LINE#         124
  C:21C4H         LINE#         125
  C:21C4H         LINE#         126
  C:21C4H         LINE#         127
  -------         ENDPROC       _SPL07_PRESSURE_RATE_CONFIG
  -------         PROC          _SPL07_TEMPERATURE_RATE_CONFIG
  D:0007H         SYMBOL        background_rate
  X:0115H         SYMBOL        oversamply
  D:0003H         SYMBOL        ext
  -------         DO            
  X:0116H         SYMBOL        data0
  D:0007H         SYMBOL        data1
  -------         ENDDO         
  C:1F87H         LINE#         140
  C:1F8CH         LINE#         141
  C:1F8CH         LINE#         144
  C:1FA1H         LINE#         145
BL51 BANKED LINKER/LOCATER V6.22                                                      08/04/2025  23:11:31  PAGE 37


  C:1FA7H         LINE#         146
  C:1FA7H         LINE#         148
  C:1FAEH         LINE#         149
  C:1FB1H         LINE#         150
  C:1FB9H         LINE#         151
  C:1FB9H         LINE#         152
  C:1FE6H         LINE#         153
  C:1FE6H         LINE#         154
  C:1FE6H         LINE#         155
  C:1FF0H         LINE#         156
  C:1FF2H         LINE#         157
  C:1FF2H         LINE#         158
  C:1FFCH         LINE#         159
  C:1FFEH         LINE#         160
  C:1FFEH         LINE#         161
  C:2008H         LINE#         162
  C:200AH         LINE#         163
  C:200AH         LINE#         164
  C:2014H         LINE#         165
  C:2016H         LINE#         166
  C:2016H         LINE#         167
  C:2020H         LINE#         168
  C:2022H         LINE#         169
  C:2022H         LINE#         170
  C:202CH         LINE#         171
  C:202EH         LINE#         172
  C:202EH         LINE#         173
  C:2038H         LINE#         174
  C:203AH         LINE#         175
  C:203AH         LINE#         176
  C:203AH         LINE#         177
  C:2044H         LINE#         178
  C:2044H         LINE#         179
  C:2044H         LINE#         180
  -------         ENDPROC       _SPL07_TEMPERATURE_RATE_CONFIG
  -------         PROC          SPL07_GET_MEASURE_STATUS
  C:327DH         LINE#         195
  C:327DH         LINE#         196
  C:327DH         LINE#         197
  C:3284H         LINE#         198
  -------         ENDPROC       SPL07_GET_MEASURE_STATUS
  -------         PROC          _SPL07_SET_MEASURE_MODE
  D:0007H         SYMBOL        mode
  C:3217H         LINE#         200
  C:3217H         LINE#         201
  C:3217H         LINE#         202
  -------         ENDPROC       _SPL07_SET_MEASURE_MODE
  -------         PROC          SPL07_START_TEMPERATURE
  C:3220H         LINE#         205
  C:3220H         LINE#         206
  C:3220H         LINE#         207
  -------         ENDPROC       SPL07_START_TEMPERATURE
  -------         PROC          SPL07_START_PRESSURE
  C:3229H         LINE#         210
  C:3229H         LINE#         211
  C:3229H         LINE#         212
  -------         ENDPROC       SPL07_START_PRESSURE
BL51 BANKED LINKER/LOCATER V6.22                                                      08/04/2025  23:11:31  PAGE 38


  -------         PROC          SPL07_ENTER_STANDBY
  C:3232H         LINE#         215
  C:3232H         LINE#         216
  C:3232H         LINE#         217
  -------         ENDPROC       SPL07_ENTER_STANDBY
  -------         PROC          SPL07_GET_INT_STATUS
  C:3285H         LINE#         242
  C:3285H         LINE#         243
  C:3285H         LINE#         244
  C:328CH         LINE#         245
  -------         ENDPROC       SPL07_GET_INT_STATUS
  -------         PROC          SPL07_GET_FIFO_STATUS
  C:328DH         LINE#         255
  C:328DH         LINE#         256
  C:328DH         LINE#         257
  C:3294H         LINE#         258
  -------         ENDPROC       SPL07_GET_FIFO_STATUS
  -------         PROC          SPL07_SOFT_RESET
  C:323BH         LINE#         269
  C:323BH         LINE#         270
  C:323BH         LINE#         271
  -------         ENDPROC       SPL07_SOFT_RESET
  -------         PROC          SPL07_RESET_FIFO
  C:3244H         LINE#         273
  C:3244H         LINE#         274
  C:3244H         LINE#         275
  -------         ENDPROC       SPL07_RESET_FIFO
  -------         PROC          SPL07_GET_CHIP_ID
  C:3295H         LINE#         279
  C:3295H         LINE#         280
  C:3295H         LINE#         281
  C:329CH         LINE#         282
  -------         ENDPROC       SPL07_GET_CHIP_ID
  -------         PROC          SPL0703_GET_CALIB_PARAM
  -------         DO            
  X:00DCH         SYMBOL        h
  X:00E0H         SYMBOL        m
  X:00E4H         SYMBOL        l
  -------         ENDDO         
  C:0F44H         LINE#         284
  C:0F44H         LINE#         285
  C:0F44H         LINE#         289
  C:0F55H         LINE#         290
  C:0F66H         LINE#         291
  C:0FAAH         LINE#         292
  C:0FC9H         LINE#         293
  C:0FDAH         LINE#         294
  C:0FEBH         LINE#         295
  C:1012H         LINE#         296
  C:1031H         LINE#         297
  C:1042H         LINE#         298
  C:1050H         LINE#         299
  C:105DH         LINE#         300
  C:10D4H         LINE#         301
  C:1104H         LINE#         302
  C:1111H         LINE#         303
  C:1122H         LINE#         304
BL51 BANKED LINKER/LOCATER V6.22                                                      08/04/2025  23:11:31  PAGE 39


  C:1133H         LINE#         305
  C:1193H         LINE#         306
  C:11C6H         LINE#         307
  C:11D7H         LINE#         308
  C:11E8H         LINE#         309
  C:120BH         LINE#         310
  C:121CH         LINE#         311
  C:122DH         LINE#         312
  C:1250H         LINE#         313
  C:1261H         LINE#         314
  C:1272H         LINE#         315
  C:1295H         LINE#         316
  C:12A6H         LINE#         317
  C:12B7H         LINE#         318
  C:12DAH         LINE#         319
  C:12EBH         LINE#         320
  C:12FCH         LINE#         321
  C:131FH         LINE#         322
  C:1330H         LINE#         323
  C:1341H         LINE#         324
  C:138DH         LINE#         325
  C:139EH         LINE#         326
  C:13AFH         LINE#         327
  C:13CCH         LINE#         328
  -------         ENDPROC       SPL0703_GET_CALIB_PARAM
  -------         PROC          SPL0701_INIT
  -------         DO            
  X:011CH         SYMBOL        spl07_start_status
  -------         ENDDO         
  C:2D9AH         LINE#         336
  C:2D9AH         LINE#         337
  C:2D9AH         LINE#         349
  C:2D9AH         LINE#         350
  C:2DA2H         LINE#         353
  C:2DA2H         LINE#         354
  C:2DA5H         LINE#         356
  C:2DA8H         LINE#         358
  C:2DA8H         LINE#         359
  C:2DB0H         LINE#         360
  C:2DB3H         LINE#         362
  C:2DBBH         LINE#         364
  C:2DC1H         LINE#         365
  C:2DC4H         LINE#         367
  C:2DCBH         LINE#         369
  C:2DD4H         LINE#         371
  C:2DD9H         LINE#         372
  C:2DDBH         LINE#         373
  -------         ENDPROC       SPL0701_INIT
  -------         PROC          SPL0703_GET_RAW_TEMP
  -------         DO            
  X:00A2H         SYMBOL        h
  -------         ENDDO         
  C:2339H         LINE#         394
  C:2339H         LINE#         395
  C:2339H         LINE#         396
  C:234CH         LINE#         398
  C:2358H         LINE#         399
BL51 BANKED LINKER/LOCATER V6.22                                                      08/04/2025  23:11:31  PAGE 40


  C:2364H         LINE#         400
  C:2370H         LINE#         402
  C:23BCH         LINE#         403
  -------         ENDPROC       SPL0703_GET_RAW_TEMP
  -------         PROC          SPL0703_GET_RAW_PRESSURE
  -------         DO            
  X:00A2H         SYMBOL        h
  -------         ENDDO         
  C:25D3H         LINE#         414
  C:25D3H         LINE#         415
  C:25D3H         LINE#         418
  C:25DFH         LINE#         419
  C:25EBH         LINE#         420
  C:25F7H         LINE#         422
  C:2643H         LINE#         423
  -------         ENDPROC       SPL0703_GET_RAW_PRESSURE
  -------         PROC          SPL0703_GET_TEMPERATURE
  -------         DO            
  D:0004H         SYMBOL        fTCompensate
  X:00A2H         SYMBOL        fTsc
  -------         ENDDO         
  C:28A7H         LINE#         433
  C:28A7H         LINE#         434
  C:28A7H         LINE#         437
  C:28A9H         LINE#         438
  C:28E6H         LINE#         439
  C:292BH         LINE#         440
  C:292DH         LINE#         441
  C:292DH         LINE#         442
  -------         ENDPROC       SPL0703_GET_TEMPERATURE
  -------         PROC          SPL0703_GET_PRESSURE
  -------         DO            
  X:00A2H         SYMBOL        fTsc
  X:00A6H         SYMBOL        fPsc
  X:00AAH         SYMBOL        qua2
  D:0004H         SYMBOL        qua3
  D:0004H         SYMBOL        fPCompensate
  -------         ENDDO         
  C:17B9H         LINE#         450
  C:17B9H         LINE#         451
  C:17B9H         LINE#         456
  C:17F6H         LINE#         457
  C:1833H         LINE#         458
  C:1911H         LINE#         459
  C:19BEH         LINE#         462
  C:19CFH         LINE#         464
  C:19CFH         LINE#         465
  -------         ENDPROC       SPL0703_GET_PRESSURE
  -------         PROC          USER_SPL0703_GET_TEMPERATURE
  C:32C0H         LINE#         473
  C:32C0H         LINE#         474
  C:32C0H         LINE#         476
  C:32C3H         LINE#         477
  C:32C6H         LINE#         478
  -------         ENDPROC       USER_SPL0703_GET_TEMPERATURE
  -------         PROC          USER_SPL0703_GET_PRESURE
  C:32C7H         LINE#         485
BL51 BANKED LINKER/LOCATER V6.22                                                      08/04/2025  23:11:31  PAGE 41


  C:32C7H         LINE#         486
  C:32C7H         LINE#         487
  C:32CAH         LINE#         488
  C:32CDH         LINE#         489
  -------         ENDPROC       USER_SPL0703_GET_PRESURE
  -------         ENDMOD        SPL07_003

  -------         MODULE        ?C?FPADD
  C:0807H         PUBLIC        ?C?FPADD
  C:0803H         PUBLIC        ?C?FPSUB
  -------         ENDMOD        ?C?FPADD

  -------         MODULE        ?C?FPMUL
  C:08F8H         PUBLIC        ?C?FPMUL
  -------         ENDMOD        ?C?FPMUL

  -------         MODULE        ?C?FPDIV
  C:0A01H         PUBLIC        ?C?FPDIV
  -------         ENDMOD        ?C?FPDIV

  -------         MODULE        ?C?FPCMP
  C:0AA0H         PUBLIC        ?C?FPCMP
  C:0A9EH         PUBLIC        ?C?FPCMP3
  -------         ENDMOD        ?C?FPCMP

  -------         MODULE        ?C?FCAST
  C:0B21H         PUBLIC        ?C?FCASTC
  C:0B1CH         PUBLIC        ?C?FCASTI
  C:0B17H         PUBLIC        ?C?FCASTL
  -------         ENDMOD        ?C?FCAST

  -------         MODULE        ?C?CASTF
  C:0B55H         PUBLIC        ?C?CASTF
  -------         ENDMOD        ?C?CASTF

  -------         MODULE        ?C?COPY
  C:0CA6H         PUBLIC        ?C?COPY
  -------         ENDMOD        ?C?COPY

  -------         MODULE        ?C?CLDPTR
  C:0CCCH         PUBLIC        ?C?CLDPTR
  -------         ENDMOD        ?C?CLDPTR

  -------         MODULE        ?C?CLDOPTR
  C:0CE5H         PUBLIC        ?C?CLDOPTR
  -------         ENDMOD        ?C?CLDOPTR

  -------         MODULE        ?C?CSTPTR
  C:0D12H         PUBLIC        ?C?CSTPTR
  -------         ENDMOD        ?C?CSTPTR

  -------         MODULE        ?C?UIDIV
  C:0D24H         PUBLIC        ?C?UIDIV
  -------         ENDMOD        ?C?UIDIV

  -------         MODULE        ?C?SIDIV
  C:0D79H         PUBLIC        ?C?SIDIV
BL51 BANKED LINKER/LOCATER V6.22                                                      08/04/2025  23:11:31  PAGE 42


  -------         ENDMOD        ?C?SIDIV

  -------         MODULE        ?C?IILDX
  C:0DAFH         PUBLIC        ?C?IILDX
  -------         ENDMOD        ?C?IILDX

  -------         MODULE        ?C?ULDIV
  C:0E01H         PUBLIC        ?C?ULDIV
  -------         ENDMOD        ?C?ULDIV

  -------         MODULE        ?C?SLDIV
  C:2CD1H         PUBLIC        ?C?SLDIV
  -------         ENDMOD        ?C?SLDIV

  -------         MODULE        ?C?LNEG
  C:0E93H         PUBLIC        ?C?LNEG
  -------         ENDMOD        ?C?LNEG

  -------         MODULE        ?C?ULSHR
  C:0EA1H         PUBLIC        ?C?ULSHR
  -------         ENDMOD        ?C?ULSHR

  -------         MODULE        ?C?SLSHR
  C:0EB4H         PUBLIC        ?C?SLSHR
  -------         ENDMOD        ?C?SLSHR

  -------         MODULE        ?C?LSHL
  C:0EC8H         PUBLIC        ?C?LSHL
  -------         ENDMOD        ?C?LSHL

  -------         MODULE        ?C?LSTXDATA
  C:0EDBH         PUBLIC        ?C?LSTXDATA
  -------         ENDMOD        ?C?LSTXDATA

  -------         MODULE        ?C?LSTKXDATA
  C:0EE7H         PUBLIC        ?C?LSTKXDATA
  -------         ENDMOD        ?C?LSTKXDATA

  -------         MODULE        ?C?MEMSET
  C:0F18H         PUBLIC        ?C?MEMSET
  -------         ENDMOD        ?C?MEMSET

*** WARNING L15: MULTIPLE CALL TO SEGMENT
    SEGMENT: ?PR?SPL0703_GET_RAW_TEMP?SPL07_003
    CALLER1: ?PR?TIMER0?MAIN
    CALLER2: ?C_C51STARTUP

*** WARNING L15: MULTIPLE CALL TO SEGMENT
    SEGMENT: ?PR?_SPL0703_READ?SPL07_003
    CALLER1: ?PR?TIMER0?MAIN
    CALLER2: ?C_C51STARTUP

*** WARNING L15: MULTIPLE CALL TO SEGMENT
    SEGMENT: ?PR?_IIC_READ_1BYTE?RI2C
    CALLER1: ?PR?TIMER0?MAIN
    CALLER2: ?C_C51STARTUP

BL51 BANKED LINKER/LOCATER V6.22                                                      08/04/2025  23:11:31  PAGE 43


*** WARNING L15: MULTIPLE CALL TO SEGMENT
    SEGMENT: ?PR?_I2C_WRITEABYTE?RI2C
    CALLER1: ?PR?TIMER0?MAIN
    CALLER2: ?C_C51STARTUP

*** WARNING L15: MULTIPLE CALL TO SEGMENT
    SEGMENT: ?PR?I2C_READABYTE?RI2C
    CALLER1: ?PR?TIMER0?MAIN
    CALLER2: ?C_C51STARTUP

*** WARNING L15: MULTIPLE CALL TO SEGMENT
    SEGMENT: ?PR?SPL0703_GET_TEMPERATURE?SPL07_003
    CALLER1: ?PR?TIMER0?MAIN
    CALLER2: ?C_C51STARTUP

*** WARNING L15: MULTIPLE CALL TO SEGMENT
    SEGMENT: ?PR?SPL0703_GET_RAW_PRESSURE?SPL07_003
    CALLER1: ?PR?TIMER0?MAIN
    CALLER2: ?C_C51STARTUP

*** WARNING L15: MULTIPLE CALL TO SEGMENT
    SEGMENT: ?PR?SPL0703_GET_PRESSURE?SPL07_003
    CALLER1: ?PR?TIMER0?MAIN
    CALLER2: ?C_C51STARTUP

*** WARNING L1: UNRESOLVED EXTERNAL SYMBOL
    SYMBOL:  SPL0703_INIT
    MODULE:  ..\hex文件\main.obj (MAIN)

*** WARNING L2: REFERENCE MADE TO UNRESOLVED EXTERNAL
    SYMBOL:  SPL0703_INIT
    MODULE:  ..\hex文件\main.obj (MAIN)
    ADDRESS: 1D16H

******************************************************************************
* RESTRICTED VERSION WITH 0800H BYTE CODE SIZE LIMIT; USED: 22CCH BYTE (434%) *
******************************************************************************

Program Size: data=137.2 xdata=285 code=10980
LINK/LOCATE RUN COMPLETE.  10 WARNING(S),  0 ERROR(S)

*** WARNING L15: MULTIPLE CALL TO SEGMENT
    SEGMENT: ?PR?SPL0703_GET_RAW_TEMP?SPL07_003
    CALLER1: ?PR?TIMER0?MAIN
    CALLER2: ?C_C51STARTUP

*** WARNING L15: MULTIPLE CALL TO SEGMENT
    SEGMENT: ?PR?_SPL0703_READ?SPL07_003
    CALLER1: ?PR?TIMER0?MAIN
    CALLER2: ?C_C51STARTUP

*** WARNING L15: MULTIPLE CALL TO SEGMENT
    SEGMENT: ?PR?_IIC_READ_1BYTE?RI2C
    CALLER1: ?PR?TIMER0?MAIN
    CALLER2: ?C_C51STARTUP

*** WARNING L15: MULTIPLE CALL TO SEGMENT
BL51 BANKED LINKER/LOCATER V6.22                                                      08/04/2025  23:11:31  PAGE 44


    SEGMENT: ?PR?_I2C_WRITEABYTE?RI2C
    CALLER1: ?PR?TIMER0?MAIN
    CALLER2: ?C_C51STARTUP

*** WARNING L15: MULTIPLE CALL TO SEGMENT
    SEGMENT: ?PR?I2C_READABYTE?RI2C
    CALLER1: ?PR?TIMER0?MAIN
    CALLER2: ?C_C51STARTUP

*** WARNING L15: MULTIPLE CALL TO SEGMENT
    SEGMENT: ?PR?SPL0703_GET_TEMPERATURE?SPL07_003
    CALLER1: ?PR?TIMER0?MAIN
    CALLER2: ?C_C51STARTUP

*** WARNING L15: MULTIPLE CALL TO SEGMENT
    SEGMENT: ?PR?SPL0703_GET_RAW_PRESSURE?SPL07_003
    CALLER1: ?PR?TIMER0?MAIN
    CALLER2: ?C_C51STARTUP

*** WARNING L15: MULTIPLE CALL TO SEGMENT
    SEGMENT: ?PR?SPL0703_GET_PRESSURE?SPL07_003
    CALLER1: ?PR?TIMER0?MAIN
    CALLER2: ?C_C51STARTUP

*** WARNING L1: UNRESOLVED EXTERNAL SYMBOL
    SYMBOL:  SPL0703_INIT
    MODULE:  ..\hex文件\main.obj (MAIN)

*** WARNING L2: REFERENCE MADE TO UNRESOLVED EXTERNAL
    SYMBOL:  SPL0703_INIT
    MODULE:  ..\hex文件\main.obj (MAIN)
    ADDRESS: 1D16H

*** FATAL ERROR L250: CODE SIZE LIMIT IN RESTRICTED VERSION EXCEEDED
    MODULE:  ..\hex文件\main.obj (-----)
    LIMIT:   0800H BYTES