C51 COMPILER V9.60.7.0   DIGITAL_CUBE                                                      07/27/2026 01:31:56 PAGE 1   


C51 COMPILER V9.60.7.0, COMPILATION OF MODULE DIGITAL_CUBE
OBJECT MODULE PLACED IN ..\hex文件\digital_cube.obj
COMPILER INVOKED BY: C:\Keil_v5\C51\BIN\C51.EXE ..\App\digital_cube.c LARGE OPTIMIZE(8,SPEED) BROWSE INCDIR(..\User;..\A
                    -pp) DEBUG OBJECTEXTEND PRINT(.\List\digital_cube.lst) TABS(2) OBJECT(..\hex文件\digital_cube.obj)

line level    source

   1          #include "digital_cube.h"
   2          
   3          sbit P33_LED_DIG4 = P3^3;
   4          
   5          static volatile unsigned char display_buf[4] = {0, 0, 0, 0};
   6          
   7          static unsigned char code segment_table[] = {
   8              0x3F, /* 0 */
   9              0x06, /* 1 */
  10              0x5B, /* 2 */
  11              0x4F, /* 3 */
  12              0x66, /* 4 */
  13              0x6D, /* 5 */
  14              0x7D, /* 6 */
  15              0x07, /* 7 */
  16              0x7F, /* 8 */
  17              0x6F, /* 9 */
  18              0x77, /* A */
  19              0x7C, /* B */
  20              0x39, /* C */
  21              0x5E, /* D */
  22              0x79, /* E */
  23              0x71, /* F */
  24              0x76, /* H */
  25              0x38, /* L */
  26              0x37, /* n */
  27              0x3E, /* u */
  28              0x73, /* P */
  29              0x5C, /* o */
  30              0x40, /* - */
  31              0x00  /* blank */
  32          };
  33          
  34          static void Digital_Tube_AllOff(void)
  35          {
  36   1          P23 = 1;
  37   1          P26 = 1;
  38   1          P01 = 1;
  39   1          P33_LED_DIG4 = 1;
  40   1      }
  41          
  42          void digital_cube_init(void)
  43          {
  44   1          /* Digit-select outputs, active low. */
  45   1          P3M0 |= (0x01 << 3);
  46   1          P3M1 &= ~(0x01 << 3);
  47   1          P0M0 |= (0x01 << 1);
  48   1          P0M1 &= ~(0x01 << 1);
  49   1          P2M0 |= (0x01 << 6) | (0x01 << 3);
  50   1          P2M1 &= ~((0x01 << 6) | (0x01 << 3));
  51   1      
  52   1          /* Segment outputs, active high. */
  53   1          P2M0 |= (0x01 << 4) | (0x01 << 7) | (0x01 << 0) |
  54   1                  (0x01 << 1) | (0x01 << 5);
C51 COMPILER V9.60.7.0   DIGITAL_CUBE                                                      07/27/2026 01:31:56 PAGE 2   

  55   1          P2M1 &= ~((0x01 << 4) | (0x01 << 7) | (0x01 << 0) |
  56   1                   (0x01 << 1) | (0x01 << 5));
  57   1          P3M0 |= (0x01 << 5) | (0x01 << 6) | (0x01 << 7);
  58   1          P3M1 &= ~((0x01 << 5) | (0x01 << 6) | (0x01 << 7));
  59   1      
  60   1          Digital_Tube_AllOff();
  61   1          digital_cube_ShowOne(23);
  62   1          P37 = 0;
  63   1      }
  64          
  65          void digital_cube_ShowOne(unsigned char num)
  66          {
  67   1          unsigned char pattern;
  68   1      
  69   1          if (num >= sizeof(segment_table)) {
  70   2              num = 23;
  71   2          }
  72   1          pattern = segment_table[num];
  73   1      
  74   1          P24 = (pattern & 0x01) ? 1 : 0;
  75   1          P27 = (pattern & 0x02) ? 1 : 0;
  76   1          P36 = (pattern & 0x04) ? 1 : 0;
  77   1          P20 = (pattern & 0x08) ? 1 : 0;
  78   1          P21 = (pattern & 0x10) ? 1 : 0;
  79   1          P25 = (pattern & 0x20) ? 1 : 0;
  80   1          P35 = (pattern & 0x40) ? 1 : 0;
  81   1      }
  82          
  83          void Digital_Tube_Show(unsigned char num, unsigned char loc)
  84          {
  85   1          Digital_Tube_AllOff();
  86   1          digital_cube_ShowOne(num);
  87   1      
  88   1          switch (loc) {
  89   2          case 0:
  90   2              P23 = 0;
  91   2              break;
  92   2          case 1:
  93   2              P26 = 0;
  94   2              break;
  95   2          case 2:
  96   2              P01 = 0;
  97   2              break;
  98   2          case 3:
  99   2              P33_LED_DIG4 = 0;
 100   2              break;
 101   2          default:
 102   2              break;
 103   2          }
 104   1      }
 105          
 106          void Digital_Tube_ShowNum(int num)
 107          {
 108   1          unsigned char new_display[4];
 109   1          bit saved_ea;
 110   1      
 111   1          if (num >= 0) {
 112   2              new_display[0] = (num / 1000) % 10;
 113   2              new_display[1] = (num / 100) % 10;
 114   2              new_display[2] = (num / 10) % 10;
 115   2              new_display[3] = num % 10;
 116   2          } else {
C51 COMPILER V9.60.7.0   DIGITAL_CUBE                                                      07/27/2026 01:31:56 PAGE 3   

 117   2              new_display[0] = 22;
 118   2              new_display[1] = (-num / 100) % 10;
 119   2              new_display[2] = (-num / 10) % 10;
 120   2              new_display[3] = -num % 10;
 121   2          }
 122   1      
 123   1          saved_ea = EA;
 124   1          EA = 0;
 125   1          display_buf[0] = new_display[0];
 126   1          display_buf[1] = new_display[1];
 127   1          display_buf[2] = new_display[2];
 128   1          display_buf[3] = new_display[3];
 129   1          EA = saved_ea;
 130   1      }
 131          
 132          void Digital_Tube_ShowDashes(void)
 133          {
 134   1          bit saved_ea;
 135   1      
 136   1          saved_ea = EA;
 137   1          EA = 0;
 138   1          display_buf[0] = 22;
 139   1          display_buf[1] = 22;
 140   1          display_buf[2] = 22;
 141   1          display_buf[3] = 22;
 142   1          EA = saved_ea;
 143   1      }
 144          
 145          void Digital_Tube_flash(void)
 146          {
 147   1          static unsigned char position = 0;
 148   1      
 149   1          Digital_Tube_Show(display_buf[position], position);
 150   1          position++;
 151   1          if (position >= 4) {
 152   2              position = 0;
 153   2          }
 154   1      }


MODULE INFORMATION:   STATIC OVERLAYABLE
   CODE SIZE        =    420    ----
   CONSTANT SIZE    =     24    ----
   XDATA SIZE       =      5       4
   PDATA SIZE       =   ----    ----
   DATA SIZE        =   ----    ----
   IDATA SIZE       =   ----    ----
   BIT SIZE         =   ----       2
END OF MODULE INFORMATION.


C51 COMPILATION COMPLETE.  0 WARNING(S),  0 ERROR(S)
