C51 COMPILER V9.60.7.0   MAIN                                                              07/27/2026 09:31:28 PAGE 1   


C51 COMPILER V9.60.7.0, COMPILATION OF MODULE MAIN
OBJECT MODULE PLACED IN ..\hex文件\main.obj
COMPILER INVOKED BY: C:\Keil_v5\C51\BIN\C51.EXE ..\User\main.c LARGE OPTIMIZE(8,SPEED) BROWSE INCDIR(..\User;..\App) DEB
                    -UG OBJECTEXTEND PRINT(.\List\main.lst) TABS(2) OBJECT(..\hex文件\main.obj)

line level    source

   1          #include "uart1.h"
   2          #include "delay.h"
   3          #include "digital_cube.h"
   4          #include "addr.h"
   5          #include "ModeBusRTU.h"
   6          #include "timer0.h"
   7          #include "config.h"
   8          
   9          unsigned int d_CO2 = 0;
  10          
  11          static void error_handle(void)
  12          {
  13   1          if (Reg[0x0004] == 1) {
  14   2              P34 = 0; /* Red LED is active low. */
  15   2          } else {
  16   2              P34 = 1;
  17   2          }
  18   1      }
  19          
  20          static void run_1ms(void)
  21          {
  22   1          Digital_Tube_flash();
  23   1          CO2_PWM_Tick1ms();
  24   1          ModBus_Tick1ms();
  25   1      }
  26          
  27          static void run_100ms(void)
  28          {
  29   1          error_handle();
  30   1      }
  31          
  32          static void run_500ms(void)
  33          {
  34   1          P22 = ~P22;
  35   1      }
  36          
  37          void main(void)
  38          {
  39   1          uint16_t latest_ppm;
  40   1          uint8_t display_is_invalid = 0;
  41   1      
  42   1          P0M1 = 0;
  43   1          P0M0 = 0;
  44   1          P1M1 = 0;
  45   1          P1M0 = 0;
  46   1          P2M1 = 0;
  47   1          P2M0 = 0;
  48   1          P3M1 = 0;
  49   1          P3M0 = 0;
  50   1          P5M1 = 0;
  51   1          P5M0 = 0;
  52   1      
  53   1          /* Green LED, red LED and fourth display digit: push-pull outputs. */
  54   1          P2M0 |= (0x01 << 2);
C51 COMPILER V9.60.7.0   MAIN                                                              07/27/2026 09:31:28 PAGE 2   

  55   1          P2M1 &= ~(0x01 << 2);
  56   1          P3M0 |= (0x01 << 3) | (0x01 << 4);
  57   1          P3M1 &= ~((0x01 << 3) | (0x01 << 4));
  58   1      
  59   1          P22 = 1;
  60   1          P34 = 1;
  61   1          P33 = 1;
  62   1      
  63   1          addr_init();
  64   1      
  65   1          /* Allow the external CO2 module and power rails to settle. */
  66   1          Delay_xms(1000);
  67   1          Delay_xms(1000);
  68   1      
  69   1          digital_cube_init();
  70   1          Digital_Tube_ShowNum(0);
  71   1      
  72   1          address = addr_read();
  73   1          CO2_PWM_Init();
  74   1          UART1_config(UART1_P30P31, MAIN_Fosc, 9600);
  75   1          Timer0_Config(STC_1T, 1000);
  76   1      
  77   1          EA = 1;
  78   1      
  79   1          while (1) {
  80   2              /*
  81   2               * Timer0 measures the P3.2 PWM high time and updates the latest
  82   2               * valid value after each complete PWM pulse.
  83   2               */
  84   2              if (CO2_GetLatest(&latest_ppm)) {
  85   3                  if (display_is_invalid || latest_ppm != d_CO2) {
  86   4                      d_CO2 = latest_ppm;
  87   4                      Digital_Tube_ShowNum(d_CO2);
  88   4                      display_is_invalid = 0;
  89   4                  }
  90   3              } else if (CO2_PWM_IsTimedOut() && !display_is_invalid) {
  91   3                  Digital_Tube_ShowDashes();
  92   3                  display_is_invalid = 1;
  93   3              }
  94   2      
  95   2              /* Parse complete controller requests and send replies outside ISRs. */
  96   2              ModBus_Process();
  97   2          }
  98   1      }
  99          
 100          static uint8_t count100ms;
 101          static uint16_t count500ms;
 102          
 103          void Timer0(void) interrupt TIMER0_VECTOR
 104          {
 105   1          CO2_PWM_Timer0Overflow();
 106   1          run_1ms();
 107   1      
 108   1          count100ms++;
 109   1          count500ms++;
 110   1      
 111   1          if (count100ms >= 100) {
 112   2              count100ms = 0;
 113   2              run_100ms();
 114   2          }
 115   1      
 116   1          if (count500ms >= 500) {
C51 COMPILER V9.60.7.0   MAIN                                                              07/27/2026 09:31:28 PAGE 3   

 117   2              count500ms = 0;
 118   2              run_500ms();
 119   2          }
 120   1      }


MODULE INFORMATION:   STATIC OVERLAYABLE
   CODE SIZE        =    357    ----
   CONSTANT SIZE    =   ----    ----
   XDATA SIZE       =      5       3
   PDATA SIZE       =   ----    ----
   DATA SIZE        =   ----    ----
   IDATA SIZE       =   ----    ----
   BIT SIZE         =   ----    ----
END OF MODULE INFORMATION.


C51 COMPILATION COMPLETE.  0 WARNING(S),  0 ERROR(S)
