C51 COMPILER V9.60.7.0   UART1                                                             07/27/2026 01:13:14 PAGE 1   


C51 COMPILER V9.60.7.0, COMPILATION OF MODULE UART1
OBJECT MODULE PLACED IN ..\hex文件\uart1.obj
COMPILER INVOKED BY: C:\Keil_v5\C51\BIN\C51.EXE ..\App\uart1.c LARGE OPTIMIZE(8,SPEED) BROWSE INCDIR(..\User;..\App) DEB
                    -UG OBJECTEXTEND PRINT(.\List\uart1.lst) TABS(2) OBJECT(..\hex文件\uart1.obj)

line level    source

   1          #include "uart1.h"
   2          
   3          volatile bit B_TX1_Busy;
   4          
   5          void TX1_data(u8 tx1dat)
   6          {
   7   1          B_TX1_Busy = 1;
   8   1          SBUF = tx1dat;
   9   1          while (B_TX1_Busy);
  10   1      }
  11          
  12          void UART1_config(u8 UART_IOSEL, u32 FOSC, u32 BAUD1)
  13          {
  14   1          TR1 = 0;
  15   1          AUXR &= ~0x01;      /* UART1 baud-rate generator: Timer1. */
  16   1          AUXR |= (1 << 6);   /* Timer1 1T mode. */
  17   1          TMOD &= ~(1 << 6);  /* Timer mode. */
  18   1          TMOD &= ~0x30;      /* Timer1 16-bit auto reload. */
  19   1          TH1 = (u8)((65536UL - (FOSC / 4) / BAUD1) / 256);
  20   1          TL1 = (u8)((65536UL - (FOSC / 4) / BAUD1) % 256);
  21   1          ET1 = 0;
  22   1          TR1 = 1;
  23   1      
  24   1          SCON = (SCON & 0x3F) | 0x40; /* UART mode 1, 8N1. */
  25   1          PS = 1;
  26   1          IPH |= (0x01 << 4);
  27   1          ES = 1;
  28   1          REN = 1;
  29   1          P_SW1 = (P_SW1 & 0x3F) | UART_IOSEL;
  30   1      
  31   1          RI = 0;
  32   1          TI = 0;
  33   1          B_TX1_Busy = 0;
  34   1      }
  35          
  36          void UART1_sendArray(unsigned char count, unsigned char *buffer)
  37          {
  38   1          unsigned char i;
  39   1      
  40   1          for (i = 0; i < count; i++) {
  41   2              TX1_data(buffer[i]);
  42   2          }
  43   1      }


MODULE INFORMATION:   STATIC OVERLAYABLE
   CODE SIZE        =    223    ----
   CONSTANT SIZE    =   ----    ----
   XDATA SIZE       =   ----      12
   PDATA SIZE       =   ----    ----
   DATA SIZE        =   ----    ----
   IDATA SIZE       =   ----    ----
   BIT SIZE         =      1    ----
END OF MODULE INFORMATION.

C51 COMPILER V9.60.7.0   UART1                                                             07/27/2026 01:13:14 PAGE 2   


C51 COMPILATION COMPLETE.  0 WARNING(S),  0 ERROR(S)
