C51 COMPILER V9.60.7.0   UART2                                                             07/27/2026 01:36:03 PAGE 1   


C51 COMPILER V9.60.7.0, COMPILATION OF MODULE UART2
OBJECT MODULE PLACED IN ..\hex文件\uart2.obj
COMPILER INVOKED BY: C:\Keil_v5\C51\BIN\C51.EXE ..\App\uart2.c LARGE OPTIMIZE(8,SPEED) BROWSE INCDIR(..\User;..\App) DEB
                    -UG OBJECTEXTEND PRINT(.\List\uart2.lst) TABS(2) OBJECT(..\hex文件\uart2.obj)

line level    source

   1          #include "uart2.h"
   2          
   3          void UART2_config(u8 UART_IOSEL, u32 FOSC, u32 BAUD2)
   4          {
   5   1          AUXR &= ~(1 << 4);  /* Stop Timer2. */
   6   1          AUXR &= ~(1 << 3);  /* Timer mode. */
   7   1          AUXR |= (1 << 2);   /* Timer2 1T mode. */
   8   1          T2H = (65536UL - (FOSC / 4) / BAUD2) / 256;
   9   1          T2L = (65536UL - (FOSC / 4) / BAUD2) % 256;
  10   1      
  11   1          IE2 &= ~(1 << 2);  /* Timer2 is only a baud-rate generator. */
  12   1          AUXR |= (1 << 4);   /* Start Timer2. */
  13   1          S2CON &= ~(1 << 7); /* UART2 8N1. */
  14   1          S2CON &= ~(1 << 4); /* Recovery calibration only needs TX. */
  15   1      
  16   1          /* Do not let the SC8 active-output stream enter an unused UART2 ISR. */
  17   1          IE2 &= ~0x01;
  18   1          P_SW2 = (P_SW2 & ~0x01) | UART_IOSEL;
  19   1      
  20   1          S2CON &= ~0x03;     /* Clear receive/transmit flags. */
  21   1      }
  22          
  23          void UART2_send_byte(u8 data_byte)
  24          {
  25   1          S2CON &= ~0x02;
  26   1          S2BUF = data_byte;
  27   1          while ((S2CON & 0x02) == 0) {
  28   2              /* Wait until this byte has been transmitted completely. */
  29   2          }
  30   1          S2CON &= ~0x02;
  31   1      }
  32          
  33          void UART2_send_array(u8 count, u8 *buffer)
  34          {
  35   1          u8 index;
  36   1      
  37   1          for (index = 0; index < count; index++) {
  38   2              UART2_send_byte(buffer[index]);
  39   2          }
  40   1      }


MODULE INFORMATION:   STATIC OVERLAYABLE
   CODE SIZE        =    215    ----
   CONSTANT SIZE    =   ----    ----
   XDATA SIZE       =   ----      12
   PDATA SIZE       =   ----    ----
   DATA SIZE        =   ----    ----
   IDATA SIZE       =   ----    ----
   BIT SIZE         =   ----    ----
END OF MODULE INFORMATION.


C51 COMPILATION COMPLETE.  0 WARNING(S),  0 ERROR(S)
